******************************************************************************
                  TI ARM Linker PC v16.9.0                     
******************************************************************************
>> Linked Wed Feb 08 12:34:17 2017

OUTPUT FILE NAME:   <DC Motor Test.out>
ENTRY POINT SYMBOL: "_c_int00"  address: 000035bd


MEMORY CONFIGURATION

         name            origin    length      used     unused   attr    fill
----------------------  --------  ---------  --------  --------  ----  --------
  MAIN                  00000000   00040000  00003a49  0003c5b7  R  X
  INFO                  00200000   00004000  00000000  00004000  R  X
  SRAM_CODE             01000000   00010000  00000a20  0000f5e0  RW X
  SRAM_DATA             20000000   00010000  00000a20  0000f5e0  RW  


SEGMENT ALLOCATION MAP

run origin  load origin   length   init length attrs members
----------  ----------- ---------- ----------- ----- -------
00000000    00000000    00003a50   00003a50    r-x
  00000000    00000000    000000e4   000000e4    r-- .intvecs
  000000e4    000000e4    000037c4   000037c4    r-x .text
  000038a8    000038a8    00000101   00000101    r-- .const
  000039b0    000039b0    000000a0   000000a0    r-- .cinit
20000000    20000000    00000820   00000000    rw-
  20000000    20000000    00000400   00000000    rw- .sysmem
  20000400    20000400    00000218   00000000    rw- .bss
  20000618    20000618    00000208   00000000    rw- .data
2000fe00    2000fe00    00000200   00000000    rw-
  2000fe00    2000fe00    00000200   00000000    rw- .stack


SECTION ALLOCATION MAP

 output                                  attributes/
section   page    origin      length       input sections
--------  ----  ----------  ----------   ----------------
.intvecs   0    00000000    000000e4     
                  00000000    000000e4     startup_msp432p401r_ccs.obj (.intvecs:retain)

.binit     0    00000000    00000000     

.text      0    000000e4    000037c4     
                  000000e4    0000113a     rtsv7M4_T_le_v4SPD16_eabi.lib : _printfi.obj (.text)
                  0000121e    00000002                                   : mpu_init.obj (.text)
                  00001220    0000042c     main.obj (.text)
                  0000164c    000003d0     rtsv7M4_T_le_v4SPD16_eabi.lib : memory.obj (.text)
                  00001a1c    0000032c     system_msp432p401r.obj (.text)
                  00001d48    00000324     rtsv7M4_T_le_v4SPD16_eabi.lib : trgdrv.obj (.text)
                  0000206c    0000030c                                   : lowlev.obj (.text)
                  00002378    000001f4                                   : ull_div_t2.obj (.text)
                  0000256c    000001c4                                   : fopen.obj (.text)
                  00002730    000001b6                                   : fd_add_t2.obj (.text)
                  000028e6    00000136                                   : fd_div_t2.obj (.text)
                  00002a1c    00000134                                   : fputs.obj (.text)
                  00002b50    000000fc                                   : fd_mul_t2.obj (.text)
                  00002c4c    000000fc                                   : s_scalbn.obj (.text)
                  00002d48    000000dc                                   : setvbuf.obj (.text)
                  00002e24    000000c8                                   : fflush.obj (.text)
                  00002eec    000000ac                                   : _io_perm.obj (.text)
                  00002f98    0000009c                                   : memcpy_t2.obj (.text)
                  00003034    00000098                                   : fclose.obj (.text)
                  000030cc    00000098                                   : fputc.obj (.text)
                  00003164    00000086                                   : fd_cmp_t2.obj (.text:__aeabi_cdcmple)
                  000031ea    00000086                                   : fd_cmp_t2.obj (.text:__aeabi_cdrcmple)
                  00003270    0000007a                                   : memset_t2.obj (.text)
                  000032ea    00000002                                   : startup.obj (.text)
                  000032ec    00000070                                   : autoinit.obj (.text)
                  0000335c    00000070                                   : printf.obj (.text)
                  000033cc    00000068                                   : copy_decompress_lzss.obj (.text:decompress:lzss)
                  00003434    00000068                                   : trgmsg.obj (.text)
                  0000349c    00000064                                   : fseek.obj (.text)
                  00003500    00000064                                   : s_frexp.obj (.text)
                  00003564    00000056                                   : ltoa.obj (.text)
                  000035ba    00000002     --HOLE-- [fill = 0]
                  000035bc    00000054                                   : boot.obj (.text)
                  00003610    00000054                                   : exit.obj (.text)
                  00003664    0000004c                                   : atoi.obj (.text)
                  000036b0    0000004c                                   : cpy_tbl.obj (.text)
                  000036fc    00000048                                   : fd_toi_t2.obj (.text)
                  00003744    00000036                                   : strncpy.obj (.text)
                  0000377a    0000002e                                   : i_tofd_t2.obj (.text)
                  000037a8    00000020                                   : memchr.obj (.text)
                  000037c8    0000001c                                   : memccpy.obj (.text)
                  000037e4    00000018                                   : args_main.obj (.text)
                  000037fc    00000018                                   : strcmp.obj (.text)
                  00003814    00000016                                   : strchr.obj (.text)
                  0000382a    00000002     --HOLE-- [fill = 0]
                  0000382c    00000014                                   : _lock.obj (.text)
                  00003840    00000014                                   : s_copysign.obj (.text)
                  00003854    00000014                                   : strcpy.obj (.text)
                  00003868    00000014                                   : strlen.obj (.text)
                  0000387c    0000000e                                   : copy_decompress_none.obj (.text:decompress:none)
                  0000388a    0000000e     startup_msp432p401r_ccs.obj (.text)
                  00003898    0000000c     rtsv7M4_T_le_v4SPD16_eabi.lib : copy_zero_init.obj (.text:decompress:ZI)
                  000038a4    00000004                                   : pre_init.obj (.text)

.const     0    000038a8    00000101     
                  000038a8    00000101     rtsv7M4_T_le_v4SPD16_eabi.lib : ctype.obj (.const:.string:_ctypes_)

.cinit     0    000039b0    000000a0     
                  000039b0    00000075     (.cinit..data.load) [load image, compression = lzss]
                  00003a25    00000003     --HOLE-- [fill = 0]
                  00003a28    0000000c     (__TI_handler_table)
                  00003a34    00000004     --HOLE-- [fill = 0]
                  00003a38    00000008     (.cinit..bss.load) [load image, compression = zero_init]
                  00003a40    00000010     (__TI_cinit_table)

.init_array 
*          0    00000000    00000000     UNINITIALIZED

.sysmem    0    20000000    00000400     UNINITIALIZED
                  20000000    00000008     rtsv7M4_T_le_v4SPD16_eabi.lib : memory.obj (.sysmem)
                  20000008    000003f8     --HOLE--

.bss       0    20000400    00000218     UNINITIALIZED
                  20000400    00000120     rtsv7M4_T_le_v4SPD16_eabi.lib : trgmsg.obj (.bss:_CIOBUF_)
                  20000520    000000a0     (.common:__TI_tmpnams)
                  200005c0    00000014     (.common:BallIn)
                  200005d4    00000014     (.common:CupCurrent)
                  200005e8    00000014     (.common:CupPosition)
                  200005fc    00000014     (.common:CupPrevious)
                  20000610    00000008                                   : trgdrv.obj (.bss:parmbuf)

.data      0    20000618    00000208     UNINITIALIZED
                  20000618    000000f0     rtsv7M4_T_le_v4SPD16_eabi.lib : defs.obj (.data:_ftable)
                  20000708    000000d0                                   : lowlev.obj (.data:$O1$$)
                  200007d8    00000010                                   : defs.obj (.data)
                  200007e8    0000000c                                   : exit.obj (.data:$O1$$)
                  200007f4    0000000c                                   : memory.obj (.data:$O1$$)
                  20000800    00000008                                   : _lock.obj (.data:$O1$$)
                  20000808    00000008     main.obj (.data)
                  20000810    00000004     rtsv7M4_T_le_v4SPD16_eabi.lib : errno.obj (.data)
                  20000814    00000004                                   : fopen.obj (.data)
                  20000818    00000004                                   : stkdepth_vars.obj (.data)
                  2000081c    00000004     system_msp432p401r.obj (.data)

.stack     0    2000fe00    00000200     UNINITIALIZED
                  2000fe00    00000200     --HOLE--

MODULE SUMMARY

       Module                        code    ro data   rw data
       ------                        ----    -------   -------
    .\
       main.obj                      1068    0         176    
       system_msp432p401r.obj        812     0         8      
       startup_msp432p401r_ccs.obj   14      228       0      
    +--+-----------------------------+-------+---------+---------+
       Total:                        1894    228       184    
                                                              
    C:\ti\ccsv7\tools\compiler\ti-cgt-arm_16.9.0.LTS\lib\rtsv7M4_T_le_v4SPD16_eabi.lib
       _printfi.obj                  4410    0         0      
       lowlev.obj                    780     0         416    
       memory.obj                    976     0         24     
       defs.obj                      0       0         832    
       trgdrv.obj                    804     0         16     
       trgmsg.obj                    104     0         576    
       ull_div_t2.obj                500     0         0      
       fopen.obj                     452     0         8      
       fd_add_t2.obj                 438     0         0      
       fd_div_t2.obj                 310     0         0      
       fputs.obj                     308     0         0      
       fd_cmp_t2.obj                 268     0         0      
       ctype.obj                     0       257       0      
       fd_mul_t2.obj                 252     0         0      
       s_scalbn.obj                  252     0         0      
       setvbuf.obj                   220     0         0      
       fflush.obj                    200     0         0      
       _io_perm.obj                  172     0         0      
       memcpy_t2.obj                 156     0         0      
       fclose.obj                    152     0         0      
       fputc.obj                     152     0         0      
       memset_t2.obj                 122     0         0      
       autoinit.obj                  112     0         0      
       printf.obj                    112     0         0      
       exit.obj                      84      0         24     
       copy_decompress_lzss.obj      104     0         0      
       fseek.obj                     100     0         0      
       s_frexp.obj                   100     0         0      
       ltoa.obj                      86      0         0      
       boot.obj                      84      0         0      
       atoi.obj                      76      0         0      
       cpy_tbl.obj                   76      0         0      
       fd_toi_t2.obj                 72      0         0      
       strncpy.obj                   54      0         0      
       i_tofd_t2.obj                 46      0         0      
       _lock.obj                     20      0         16     
       memchr.obj                    32      0         0      
       memccpy.obj                   28      0         0      
       args_main.obj                 24      0         0      
       strcmp.obj                    24      0         0      
       strchr.obj                    22      0         0      
       s_copysign.obj                20      0         0      
       strcpy.obj                    20      0         0      
       strlen.obj                    20      0         0      
       copy_decompress_none.obj      14      0         0      
       copy_zero_init.obj            12      0         0      
       errno.obj                     0       0         8      
       stkdepth_vars.obj             0       0         8      
       pre_init.obj                  4       0         0      
       mpu_init.obj                  2       0         0      
       startup.obj                   2       0         0      
    +--+-----------------------------+-------+---------+---------+
       Total:                        12378   257       1928   
                                                              
       Heap:                         0       0         2048   
       Stack:                        0       0         1024   
       Linker Generated:             0       153       0      
    +--+-----------------------------+-------+---------+---------+
       Grand Total:                  14272   638       5184   


LINKER GENERATED COPY TABLES

__TI_cinit_table @ 00003a40 records: 2, size/record: 8, table size: 16
	.data: load addr=000039b0, load size=00000075 bytes, run addr=20000618, run size=00000208 bytes, compression=lzss
	.bss: load addr=00003a38, load size=00000008 bytes, run addr=20000400, run size=00000218 bytes, compression=zero_init


LINKER GENERATED HANDLER TABLE

__TI_handler_table @ 00003a28 records: 3, size/record: 4, table size: 12
	index: 0, handler: __TI_decompress_lzss
	index: 1, handler: __TI_decompress_none
	index: 2, handler: __TI_zero_init


GLOBAL SYMBOLS: SORTED ALPHABETICALLY BY Name 

address   name                           
-------   ----                           
00001407  ADC14_IRQHandler               
00001407  ADC14_IRQHandler               
00003897  AES256_IRQHandler              
200005c0  BallIn                         
00003897  BusFault_Handler               
00003611  C$$EXIT                        
00003463  C$$IO$$                        
00003897  COMP_E0_IRQHandler             
00003897  COMP_E1_IRQHandler             
00003897  CS_IRQHandler                  
200005d4  CupCurrent                     
200005e8  CupPosition                    
200005fc  CupPrevious                    
00003897  DMA_ERR_IRQHandler             
00003897  DMA_INT0_IRQHandler            
00003897  DMA_INT1_IRQHandler            
00003897  DMA_INT2_IRQHandler            
00003897  DMA_INT3_IRQHandler            
00003897  DebugMon_Handler               
00003897  Default_Handler                
00003897  EUSCIA0_IRQHandler             
00003897  EUSCIA1_IRQHandler             
00003897  EUSCIA2_IRQHandler             
00003897  EUSCIA3_IRQHandler             
00003897  EUSCIB0_IRQHandler             
00003897  EUSCIB1_IRQHandler             
00003897  EUSCIB2_IRQHandler             
00003897  EUSCIB3_IRQHandler             
00003897  FLCTL_IRQHandler               
00003897  FPU_IRQHandler                 
00002023  HOSTclock                      
00001feb  HOSTclose                      
00001fad  HOSTgetenv                     
00001f51  HOSTlseek                      
00001eff  HOSTopen                       
00001eb3  HOSTread                       
00001e55  HOSTrename                     
00001e1b  HOSTtime                       
00001dcd  HOSTtime64                     
00001d95  HOSTunlink                     
00001d49  HOSTwrite                      
00003897  HardFault_Handler              
00003897  MemManage_Handler              
00003897  NMI_Handler                    
00003897  PCM_IRQHandler                 
00003897  PORT1_IRQHandler               
00003897  PORT2_IRQHandler               
00003897  PORT3_IRQHandler               
00003897  PORT4_IRQHandler               
00003897  PORT5_IRQHandler               
00003897  PORT6_IRQHandler               
00003897  PSS_IRQHandler                 
00003897  PendSV_Handler                 
00003897  RTC_C_IRQHandler               
0000388b  Reset_Handler                  
UNDEFED   SHT$$INIT_ARRAY$$Base          
UNDEFED   SHT$$INIT_ARRAY$$Limit         
00003897  SVC_Handler                    
00003897  SysTick_Handler                
2000081c  SystemCoreClock                
00001a1d  SystemCoreClockUpdate          
00001c91  SystemInit                     
00003897  T32_INT1_IRQHandler            
00003897  T32_INT2_IRQHandler            
00003897  T32_INTC_IRQHandler            
00003897  TA0_0_IRQHandler               
00003897  TA0_N_IRQHandler               
00003897  TA1_0_IRQHandler               
00003897  TA1_N_IRQHandler               
00003897  TA2_0_IRQHandler               
00003897  TA2_N_IRQHandler               
00003897  TA3_0_IRQHandler               
00003897  TA3_N_IRQHandler               
00003897  UsageFault_Handler             
4000480c  WDTCTL_SYM                     
00003897  WDT_A_IRQHandler               
20000400  __CIOBUF_                      
20010000  __STACK_END                    
00000200  __STACK_SIZE                   
00000400  __SYSMEM_SIZE                  
00003a40  __TI_CINIT_Base                
00003a50  __TI_CINIT_Limit               
00003a28  __TI_Handler_Table_Base        
00003a34  __TI_Handler_Table_Limit       
000032ed  __TI_auto_init                 
00002635  __TI_cleanup                   
200007e8  __TI_cleanup_ptr               
00003035  __TI_closefile                 
000033cd  __TI_decompress_lzss           
0000387d  __TI_decompress_none           
00002e25  __TI_doflush                   
200007ec  __TI_dtors_ptr                 
200007f0  __TI_enable_exit_profile_output
200007d8  __TI_ft_end                    
ffffffff  __TI_pprof_out_hndl            
00000925  __TI_printfi                   
ffffffff  __TI_prof_data_size            
ffffffff  __TI_prof_data_start           
00002f4f  __TI_rd_ok                     
00003467  __TI_readmsg                   
00000000  __TI_static_base__             
20000520  __TI_tmpnams                   
00003435  __TI_writemsg                  
00002eed  __TI_wrt_ok                    
00003899  __TI_zero_init                 
00003165  __aeabi_cdcmpeq                
00003165  __aeabi_cdcmple                
000031eb  __aeabi_cdrcmple               
000036fd  __aeabi_d2iz                   
0000273b  __aeabi_dadd                   
000028e7  __aeabi_ddiv                   
00002b51  __aeabi_dmul                   
00002731  __aeabi_dsub                   
0000377b  __aeabi_i2d                    
00003271  __aeabi_memclr                 
00003271  __aeabi_memclr4                
00003271  __aeabi_memclr8                
00002f99  __aeabi_memcpy                 
00002f99  __aeabi_memcpy4                
00002f99  __aeabi_memcpy8                
00003273  __aeabi_memset                 
00003273  __aeabi_memset4                
00003273  __aeabi_memset8                
200007e4  __aeabi_stderr                 
200007dc  __aeabi_stdin                  
200007e0  __aeabi_stdout                 
00002379  __aeabi_uldivmod               
ffffffff  __binit__                      
ffffffff  __c_args__                     
0000121f  __mpu_init                     
2000fe00  __stack                        
000037e5  _args_main                     
000035bd  _c_int00                       
000038a8  _ctypes_                       
20000618  _ftable                        
20000800  _lock                          
0000383b  _nop                           
00003833  _register_lock                 
0000382d  _register_unlock               
20000000  _sys_memory                    
000032eb  _system_post_cinit             
000038a5  _system_pre_init               
20000804  _unlock                        
00003615  abort                          
000022cd  add_device                     
00003665  atoi                           
ffffffff  binit                          
000019ed  calloc                         
00002023  clock                          
0000227d  close                          
000036b1  copy_in                        
00003841  copysign                       
00003841  copysignl                      
00001565  delay                          
20000810  errno                          
0000361d  exit                           
0000309b  fclose                         
00002e71  fflush                         
2000080c  firstRead                      
0000268b  fopen                          
000030cd  fputc                          
00002a1d  fputs                          
00001737  free                           
00002661  freopen                        
00003501  frexp                          
00003501  frexpl                         
0000349d  fseek                          
00000000  interruptVectors               
00002c4d  ldexp                          
00002c4d  ldexpl                         
00002259  lseek                          
00003565  ltoa                           
00001229  main                           
20000818  main_func_sp                   
000016cd  malloc                         
00001901  memalign                       
000037c9  memccpy                        
000037a9  memchr                         
00002f99  memcpy                         
00003279  memset                         
0000164d  minit                          
000021ab  open                           
0000149d  printADC                       
00003365  printf                         
000030cd  putc                           
00003151  putchar                        
00002b29  puts                           
00002187  read                           
20000808  readFlag                       
000017f9  realloc                        
000020fd  remove                         
0000215f  remove_device                  
00002121  rename                         
00002c4d  scalbn                         
00002c4d  scalbnl                        
00002d49  setvbuf                        
00003815  strchr                         
000037fd  strcmp                         
00003855  strcpy                         
00003869  strlen                         
00003745  strncpy                        
000020fd  unlink                         
0000206d  write                          


GLOBAL SYMBOLS: SORTED BY Symbol Address 

address   name                           
-------   ----                           
00000000  __TI_static_base__             
00000000  interruptVectors               
00000200  __STACK_SIZE                   
00000400  __SYSMEM_SIZE                  
00000925  __TI_printfi                   
0000121f  __mpu_init                     
00001229  main                           
00001407  ADC14_IRQHandler               
00001407  ADC14_IRQHandler               
0000149d  printADC                       
00001565  delay                          
0000164d  minit                          
000016cd  malloc                         
00001737  free                           
000017f9  realloc                        
00001901  memalign                       
000019ed  calloc                         
00001a1d  SystemCoreClockUpdate          
00001c91  SystemInit                     
00001d49  HOSTwrite                      
00001d95  HOSTunlink                     
00001dcd  HOSTtime64                     
00001e1b  HOSTtime                       
00001e55  HOSTrename                     
00001eb3  HOSTread                       
00001eff  HOSTopen                       
00001f51  HOSTlseek                      
00001fad  HOSTgetenv                     
00001feb  HOSTclose                      
00002023  HOSTclock                      
00002023  clock                          
0000206d  write                          
000020fd  remove                         
000020fd  unlink                         
00002121  rename                         
0000215f  remove_device                  
00002187  read                           
000021ab  open                           
00002259  lseek                          
0000227d  close                          
000022cd  add_device                     
00002379  __aeabi_uldivmod               
00002635  __TI_cleanup                   
00002661  freopen                        
0000268b  fopen                          
00002731  __aeabi_dsub                   
0000273b  __aeabi_dadd                   
000028e7  __aeabi_ddiv                   
00002a1d  fputs                          
00002b29  puts                           
00002b51  __aeabi_dmul                   
00002c4d  ldexp                          
00002c4d  ldexpl                         
00002c4d  scalbn                         
00002c4d  scalbnl                        
00002d49  setvbuf                        
00002e25  __TI_doflush                   
00002e71  fflush                         
00002eed  __TI_wrt_ok                    
00002f4f  __TI_rd_ok                     
00002f99  __aeabi_memcpy                 
00002f99  __aeabi_memcpy4                
00002f99  __aeabi_memcpy8                
00002f99  memcpy                         
00003035  __TI_closefile                 
0000309b  fclose                         
000030cd  fputc                          
000030cd  putc                           
00003151  putchar                        
00003165  __aeabi_cdcmpeq                
00003165  __aeabi_cdcmple                
000031eb  __aeabi_cdrcmple               
00003271  __aeabi_memclr                 
00003271  __aeabi_memclr4                
00003271  __aeabi_memclr8                
00003273  __aeabi_memset                 
00003273  __aeabi_memset4                
00003273  __aeabi_memset8                
00003279  memset                         
000032eb  _system_post_cinit             
000032ed  __TI_auto_init                 
00003365  printf                         
000033cd  __TI_decompress_lzss           
00003435  __TI_writemsg                  
00003463  C$$IO$$                        
00003467  __TI_readmsg                   
0000349d  fseek                          
00003501  frexp                          
00003501  frexpl                         
00003565  ltoa                           
000035bd  _c_int00                       
00003611  C$$EXIT                        
00003615  abort                          
0000361d  exit                           
00003665  atoi                           
000036b1  copy_in                        
000036fd  __aeabi_d2iz                   
00003745  strncpy                        
0000377b  __aeabi_i2d                    
000037a9  memchr                         
000037c9  memccpy                        
000037e5  _args_main                     
000037fd  strcmp                         
00003815  strchr                         
0000382d  _register_unlock               
00003833  _register_lock                 
0000383b  _nop                           
00003841  copysign                       
00003841  copysignl                      
00003855  strcpy                         
00003869  strlen                         
0000387d  __TI_decompress_none           
0000388b  Reset_Handler                  
00003897  AES256_IRQHandler              
00003897  BusFault_Handler               
00003897  COMP_E0_IRQHandler             
00003897  COMP_E1_IRQHandler             
00003897  CS_IRQHandler                  
00003897  DMA_ERR_IRQHandler             
00003897  DMA_INT0_IRQHandler            
00003897  DMA_INT1_IRQHandler            
00003897  DMA_INT2_IRQHandler            
00003897  DMA_INT3_IRQHandler            
00003897  DebugMon_Handler               
00003897  Default_Handler                
00003897  EUSCIA0_IRQHandler             
00003897  EUSCIA1_IRQHandler             
00003897  EUSCIA2_IRQHandler             
00003897  EUSCIA3_IRQHandler             
00003897  EUSCIB0_IRQHandler             
00003897  EUSCIB1_IRQHandler             
00003897  EUSCIB2_IRQHandler             
00003897  EUSCIB3_IRQHandler             
00003897  FLCTL_IRQHandler               
00003897  FPU_IRQHandler                 
00003897  HardFault_Handler              
00003897  MemManage_Handler              
00003897  NMI_Handler                    
00003897  PCM_IRQHandler                 
00003897  PORT1_IRQHandler               
00003897  PORT2_IRQHandler               
00003897  PORT3_IRQHandler               
00003897  PORT4_IRQHandler               
00003897  PORT5_IRQHandler               
00003897  PORT6_IRQHandler               
00003897  PSS_IRQHandler                 
00003897  PendSV_Handler                 
00003897  RTC_C_IRQHandler               
00003897  SVC_Handler                    
00003897  SysTick_Handler                
00003897  T32_INT1_IRQHandler            
00003897  T32_INT2_IRQHandler            
00003897  T32_INTC_IRQHandler            
00003897  TA0_0_IRQHandler               
00003897  TA0_N_IRQHandler               
00003897  TA1_0_IRQHandler               
00003897  TA1_N_IRQHandler               
00003897  TA2_0_IRQHandler               
00003897  TA2_N_IRQHandler               
00003897  TA3_0_IRQHandler               
00003897  TA3_N_IRQHandler               
00003897  UsageFault_Handler             
00003897  WDT_A_IRQHandler               
00003899  __TI_zero_init                 
000038a5  _system_pre_init               
000038a8  _ctypes_                       
00003a28  __TI_Handler_Table_Base        
00003a34  __TI_Handler_Table_Limit       
00003a40  __TI_CINIT_Base                
00003a50  __TI_CINIT_Limit               
20000000  _sys_memory                    
20000400  __CIOBUF_                      
20000520  __TI_tmpnams                   
200005c0  BallIn                         
200005d4  CupCurrent                     
200005e8  CupPosition                    
200005fc  CupPrevious                    
20000618  _ftable                        
200007d8  __TI_ft_end                    
200007dc  __aeabi_stdin                  
200007e0  __aeabi_stdout                 
200007e4  __aeabi_stderr                 
200007e8  __TI_cleanup_ptr               
200007ec  __TI_dtors_ptr                 
200007f0  __TI_enable_exit_profile_output
20000800  _lock                          
20000804  _unlock                        
20000808  readFlag                       
2000080c  firstRead                      
20000810  errno                          
20000818  main_func_sp                   
2000081c  SystemCoreClock                
2000fe00  __stack                        
20010000  __STACK_END                    
4000480c  WDTCTL_SYM                     
ffffffff  __TI_pprof_out_hndl            
ffffffff  __TI_prof_data_size            
ffffffff  __TI_prof_data_start           
ffffffff  __binit__                      
ffffffff  __c_args__                     
ffffffff  binit                          
UNDEFED   SHT$$INIT_ARRAY$$Base          
UNDEFED   SHT$$INIT_ARRAY$$Limit         

[203 symbols]
