******************************************************************************
                  TI ARM Linker PC v16.9.0                     
******************************************************************************
>> Linked Tue Apr 25 17:11:54 2017

OUTPUT FILE NAME:   <MicroFinal.out>
ENTRY POINT SYMBOL: "_c_int00"  address: 00004235


MEMORY CONFIGURATION

         name            origin    length      used     unused   attr    fill
----------------------  --------  ---------  --------  --------  ----  --------
  MAIN                  00000000   00040000  00004728  0003b8d8  R  X
  INFO                  00200000   00004000  00000000  00004000  R  X
  SRAM_CODE             01000000   00010000  00000ac8  0000f538  RW X
  SRAM_DATA             20000000   00010000  00000ac8  0000f538  RW  


SEGMENT ALLOCATION MAP

run origin  load origin   length   init length attrs members
----------  ----------- ---------- ----------- ----- -------
00000000    00000000    00004728   00004728    r-x
  00000000    00000000    000000e4   000000e4    r-- .intvecs
  000000e4    000000e4    0000443c   0000443c    r-x .text
  00004520    00004520    00000128   00000128    r-- .const
  00004648    00004648    000000e0   000000e0    r-- .cinit
20000000    20000000    000008c8   00000000    rw-
  20000000    20000000    00000400   00000000    rw- .sysmem
  20000400    20000400    00000288   00000000    rw- .data
  20000688    20000688    00000240   00000000    rw- .bss
2000fe00    2000fe00    00000200   00000000    rw-
  2000fe00    2000fe00    00000200   00000000    rw- .stack


SECTION ALLOCATION MAP

 output                                  attributes/
section   page    origin      length       input sections
--------  ----  ----------  ----------   ----------------
.intvecs   0    00000000    000000e4     
                  00000000    000000e4     startup_msp432p401r_ccs.obj (.intvecs:retain)

.binit     0    00000000    00000000     

.text      0    000000e4    0000443c     
                  000000e4    0000113a     rtsv7M4_T_le_v4SPD16_eabi.lib : _printfi.obj (.text)
                  0000121e    00000002                                   : mpu_init.obj (.text)
                  00001220    000010a4     main.obj (.text)
                  000022c4    000003d0     rtsv7M4_T_le_v4SPD16_eabi.lib : memory.obj (.text)
                  00002694    0000032c     system_msp432p401r.obj (.text)
                  000029c0    00000324     rtsv7M4_T_le_v4SPD16_eabi.lib : trgdrv.obj (.text)
                  00002ce4    0000030c                                   : lowlev.obj (.text)
                  00002ff0    000001f4                                   : ull_div_t2.obj (.text)
                  000031e4    000001c4                                   : fopen.obj (.text)
                  000033a8    000001b6                                   : fd_add_t2.obj (.text)
                  0000355e    00000136                                   : fd_div_t2.obj (.text)
                  00003694    00000134                                   : fputs.obj (.text)
                  000037c8    000000fc                                   : fd_mul_t2.obj (.text)
                  000038c4    000000fc                                   : s_scalbn.obj (.text)
                  000039c0    000000dc                                   : setvbuf.obj (.text)
                  00003a9c    000000c8                                   : fflush.obj (.text)
                  00003b64    000000ac                                   : _io_perm.obj (.text)
                  00003c10    0000009c                                   : memcpy_t2.obj (.text)
                  00003cac    00000098                                   : fclose.obj (.text)
                  00003d44    00000098                                   : fputc.obj (.text)
                  00003ddc    00000086                                   : fd_cmp_t2.obj (.text:__aeabi_cdcmple)
                  00003e62    00000086                                   : fd_cmp_t2.obj (.text:__aeabi_cdrcmple)
                  00003ee8    0000007a                                   : memset_t2.obj (.text)
                  00003f62    00000002                                   : startup.obj (.text)
                  00003f64    00000070                                   : autoinit.obj (.text)
                  00003fd4    00000070                                   : printf.obj (.text)
                  00004044    00000068                                   : copy_decompress_lzss.obj (.text:decompress:lzss)
                  000040ac    00000068                                   : trgmsg.obj (.text)
                  00004114    00000064                                   : fseek.obj (.text)
                  00004178    00000064                                   : s_frexp.obj (.text)
                  000041dc    00000056                                   : ltoa.obj (.text)
                  00004232    00000002     --HOLE-- [fill = 0]
                  00004234    00000054                                   : boot.obj (.text)
                  00004288    00000054                                   : exit.obj (.text)
                  000042dc    0000004c                                   : atoi.obj (.text)
                  00004328    0000004c                                   : cpy_tbl.obj (.text)
                  00004374    00000048                                   : fd_toi_t2.obj (.text)
                  000043bc    00000036                                   : strncpy.obj (.text)
                  000043f2    0000002e                                   : i_tofd_t2.obj (.text)
                  00004420    00000020                                   : memchr.obj (.text)
                  00004440    0000001c                                   : memccpy.obj (.text)
                  0000445c    00000018                                   : args_main.obj (.text)
                  00004474    00000018                                   : strcmp.obj (.text)
                  0000448c    00000016                                   : strchr.obj (.text)
                  000044a2    00000002     --HOLE-- [fill = 0]
                  000044a4    00000014                                   : _lock.obj (.text)
                  000044b8    00000014                                   : s_copysign.obj (.text)
                  000044cc    00000014                                   : strcpy.obj (.text)
                  000044e0    00000014                                   : strlen.obj (.text)
                  000044f4    0000000e                                   : copy_decompress_none.obj (.text:decompress:none)
                  00004502    0000000e     startup_msp432p401r_ccs.obj (.text)
                  00004510    0000000c     rtsv7M4_T_le_v4SPD16_eabi.lib : copy_zero_init.obj (.text:decompress:ZI)
                  0000451c    00000004                                   : pre_init.obj (.text)

.const     0    00004520    00000128     
                  00004520    00000101     rtsv7M4_T_le_v4SPD16_eabi.lib : ctype.obj (.const:.string:_ctypes_)
                  00004621    00000003     --HOLE-- [fill = 0]
                  00004624    00000024     main.obj (.const:uartConfig)

.cinit     0    00004648    000000e0     
                  00004648    000000b5     (.cinit..data.load) [load image, compression = lzss]
                  000046fd    00000003     --HOLE-- [fill = 0]
                  00004700    0000000c     (__TI_handler_table)
                  0000470c    00000004     --HOLE-- [fill = 0]
                  00004710    00000008     (.cinit..bss.load) [load image, compression = zero_init]
                  00004718    00000010     (__TI_cinit_table)

.init_array 
*          0    00000000    00000000     UNINITIALIZED

.sysmem    0    20000000    00000400     UNINITIALIZED
                  20000000    00000008     rtsv7M4_T_le_v4SPD16_eabi.lib : memory.obj (.sysmem)
                  20000008    000003f8     --HOLE--

.data      0    20000400    00000288     UNINITIALIZED
                  20000400    000000f0     rtsv7M4_T_le_v4SPD16_eabi.lib : defs.obj (.data:_ftable)
                  200004f0    000000d0                                   : lowlev.obj (.data:$O1$$)
                  200005c0    00000028     main.obj (.data:threshholds)
                  200005e8    00000024     main.obj (.data)
                  2000060c    00000010     rtsv7M4_T_le_v4SPD16_eabi.lib : defs.obj (.data)
                  2000061c    0000000c                                   : exit.obj (.data:$O1$$)
                  20000628    0000000c                                   : memory.obj (.data:$O1$$)
                  20000634    00000008                                   : _lock.obj (.data:$O1$$)
                  2000063c    00000008     main.obj (.data:_GentleDown)
                  20000644    00000007     main.obj (.data:_LineDown)
                  2000064b    00000007     main.obj (.data:_TriDown)
                  20000652    00000006     main.obj (.data:_321Up)
                  20000658    00000006     main.obj (.data:_DiamondDown)
                  2000065e    00000005     main.obj (.data:_BoxDown)
                  20000663    00000005     main.obj (.data:_BoxUp)
                  20000668    00000004     main.obj (.data:_321Down)
                  2000066c    00000004     main.obj (.data:_DiamondUp)
                  20000670    00000004     rtsv7M4_T_le_v4SPD16_eabi.lib : errno.obj (.data)
                  20000674    00000004                                   : fopen.obj (.data)
                  20000678    00000004                                   : stkdepth_vars.obj (.data)
                  2000067c    00000004     system_msp432p401r.obj (.data)
                  20000680    00000003     main.obj (.data:_LineUp)
                  20000683    00000003     main.obj (.data:_TriUp)
                  20000686    00000002     main.obj (.data:_GentleUp)

.bss       0    20000688    00000240     UNINITIALIZED
                  20000688    00000120     rtsv7M4_T_le_v4SPD16_eabi.lib : trgmsg.obj (.bss:_CIOBUF_)
                  200007a8    000000a0     (.common:__TI_tmpnams)
                  20000848    00000014     (.common:BallIn)
                  2000085c    00000014     (.common:CupCurrent)
                  20000870    00000014     (.common:CupPosition)
                  20000884    00000014     (.common:CupPrevious)
                  20000898    00000014     (.common:motorDown)
                  200008ac    00000014     (.common:motorUp)
                  200008c0    00000008                                   : trgdrv.obj (.bss:parmbuf)

.stack     0    2000fe00    00000200     UNINITIALIZED
                  2000fe00    00000200     --HOLE--

MODULE SUMMARY

       Module                        code    ro data   rw data
       ------                        ----    -------   -------
    .\
       main.obj                      4260    36        512    
       system_msp432p401r.obj        812     0         8      
       startup_msp432p401r_ccs.obj   14      228       0      
    +--+-----------------------------+-------+---------+---------+
       Total:                        5086    264       520    
                                                              
    C:\ti\ccsv7\tools\compiler\ti-cgt-arm_16.9.0.LTS\lib\rtsv7M4_T_le_v4SPD16_eabi.lib
       _printfi.obj                  4410    0         0      
       lowlev.obj                    780     0         416    
       memory.obj                    976     0         24     
       defs.obj                      0       0         832    
       trgdrv.obj                    804     0         16     
       trgmsg.obj                    104     0         576    
       ull_div_t2.obj                500     0         0      
       fopen.obj                     452     0         8      
       fd_add_t2.obj                 438     0         0      
       fd_div_t2.obj                 310     0         0      
       fputs.obj                     308     0         0      
       fd_cmp_t2.obj                 268     0         0      
       ctype.obj                     0       257       0      
       fd_mul_t2.obj                 252     0         0      
       s_scalbn.obj                  252     0         0      
       setvbuf.obj                   220     0         0      
       fflush.obj                    200     0         0      
       _io_perm.obj                  172     0         0      
       memcpy_t2.obj                 156     0         0      
       fclose.obj                    152     0         0      
       fputc.obj                     152     0         0      
       memset_t2.obj                 122     0         0      
       autoinit.obj                  112     0         0      
       printf.obj                    112     0         0      
       exit.obj                      84      0         24     
       copy_decompress_lzss.obj      104     0         0      
       fseek.obj                     100     0         0      
       s_frexp.obj                   100     0         0      
       ltoa.obj                      86      0         0      
       boot.obj                      84      0         0      
       atoi.obj                      76      0         0      
       cpy_tbl.obj                   76      0         0      
       fd_toi_t2.obj                 72      0         0      
       strncpy.obj                   54      0         0      
       i_tofd_t2.obj                 46      0         0      
       _lock.obj                     20      0         16     
       memchr.obj                    32      0         0      
       memccpy.obj                   28      0         0      
       args_main.obj                 24      0         0      
       strcmp.obj                    24      0         0      
       strchr.obj                    22      0         0      
       s_copysign.obj                20      0         0      
       strcpy.obj                    20      0         0      
       strlen.obj                    20      0         0      
       copy_decompress_none.obj      14      0         0      
       copy_zero_init.obj            12      0         0      
       errno.obj                     0       0         8      
       stkdepth_vars.obj             0       0         8      
       pre_init.obj                  4       0         0      
       mpu_init.obj                  2       0         0      
       startup.obj                   2       0         0      
    +--+-----------------------------+-------+---------+---------+
       Total:                        12378   257       1928   
                                                              
       Heap:                         0       0         2048   
       Stack:                        0       0         1024   
       Linker Generated:             0       217       0      
    +--+-----------------------------+-------+---------+---------+
       Grand Total:                  17464   738       5520   


LINKER GENERATED COPY TABLES

__TI_cinit_table @ 00004718 records: 2, size/record: 8, table size: 16
	.data: load addr=00004648, load size=000000b5 bytes, run addr=20000400, run size=00000288 bytes, compression=lzss
	.bss: load addr=00004710, load size=00000008 bytes, run addr=20000688, run size=00000240 bytes, compression=zero_init


LINKER GENERATED HANDLER TABLE

__TI_handler_table @ 00004700 records: 3, size/record: 4, table size: 12
	index: 0, handler: __TI_decompress_lzss
	index: 1, handler: __TI_decompress_none
	index: 2, handler: __TI_zero_init


GLOBAL SYMBOLS: SORTED ALPHABETICALLY BY Name 

address   name                           
-------   ----                           
00001fa7  ADC14_IRQHandler               
00001fa7  ADC14_IRQHandler               
0000450f  AES256_IRQHandler              
20000848  BallIn                         
0000450f  BusFault_Handler               
00004289  C$$EXIT                        
000040db  C$$IO$$                        
0000450f  COMP_E0_IRQHandler             
0000450f  COMP_E1_IRQHandler             
0000450f  CS_IRQHandler                  
2000085c  CupCurrent                     
20000870  CupPosition                    
20000884  CupPrevious                    
0000450f  DMA_ERR_IRQHandler             
0000450f  DMA_INT0_IRQHandler            
0000450f  DMA_INT1_IRQHandler            
0000450f  DMA_INT2_IRQHandler            
0000450f  DMA_INT3_IRQHandler            
0000450f  DebugMon_Handler               
0000450f  Default_Handler                
00001f31  EUSCIA0_IRQHandler             
00001f31  EUSCIA0_IRQHandler             
0000450f  EUSCIA1_IRQHandler             
0000450f  EUSCIA2_IRQHandler             
0000450f  EUSCIA3_IRQHandler             
0000450f  EUSCIB0_IRQHandler             
0000450f  EUSCIB1_IRQHandler             
0000450f  EUSCIB2_IRQHandler             
0000450f  EUSCIB3_IRQHandler             
0000450f  FLCTL_IRQHandler               
0000450f  FPU_IRQHandler                 
00002c9b  HOSTclock                      
00002c63  HOSTclose                      
00002c25  HOSTgetenv                     
00002bc9  HOSTlseek                      
00002b77  HOSTopen                       
00002b2b  HOSTread                       
00002acd  HOSTrename                     
00002a93  HOSTtime                       
00002a45  HOSTtime64                     
00002a0d  HOSTunlink                     
000029c1  HOSTwrite                      
0000450f  HardFault_Handler              
0000450f  MemManage_Handler              
0000450f  NMI_Handler                    
0000450f  PCM_IRQHandler                 
0000450f  PORT1_IRQHandler               
0000450f  PORT2_IRQHandler               
0000450f  PORT3_IRQHandler               
0000450f  PORT4_IRQHandler               
0000450f  PORT5_IRQHandler               
0000450f  PORT6_IRQHandler               
0000450f  PSS_IRQHandler                 
0000450f  PendSV_Handler                 
0000450f  RTC_C_IRQHandler               
00004503  Reset_Handler                  
UNDEFED   SHT$$INIT_ARRAY$$Base          
UNDEFED   SHT$$INIT_ARRAY$$Limit         
0000450f  SVC_Handler                    
0000450f  SysTick_Handler                
2000067c  SystemCoreClock                
00002695  SystemCoreClockUpdate          
00002909  SystemInit                     
0000450f  T32_INT1_IRQHandler            
0000450f  T32_INT2_IRQHandler            
0000450f  T32_INTC_IRQHandler            
0000450f  TA0_0_IRQHandler               
0000450f  TA0_N_IRQHandler               
00001ec9  TA1_0_IRQHandler               
00001ec9  TA1_0_IRQHandler               
0000450f  TA1_N_IRQHandler               
0000450f  TA2_0_IRQHandler               
0000450f  TA2_N_IRQHandler               
0000450f  TA3_0_IRQHandler               
0000450f  TA3_N_IRQHandler               
0000450f  UsageFault_Handler             
4000480c  WDTCTL_SYM                     
0000450f  WDT_A_IRQHandler               
20000668  _321Down                       
20000652  _321Up                         
2000065e  _BoxDown                       
20000663  _BoxUp                         
20000658  _DiamondDown                   
2000066c  _DiamondUp                     
2000063c  _GentleDown                    
20000686  _GentleUp                      
20000644  _LineDown                      
20000680  _LineUp                        
2000064b  _TriDown                       
20000683  _TriUp                         
20000688  __CIOBUF_                      
20010000  __STACK_END                    
00000200  __STACK_SIZE                   
00000400  __SYSMEM_SIZE                  
00004718  __TI_CINIT_Base                
00004728  __TI_CINIT_Limit               
00004700  __TI_Handler_Table_Base        
0000470c  __TI_Handler_Table_Limit       
00003f65  __TI_auto_init                 
000032ad  __TI_cleanup                   
2000061c  __TI_cleanup_ptr               
00003cad  __TI_closefile                 
00004045  __TI_decompress_lzss           
000044f5  __TI_decompress_none           
00003a9d  __TI_doflush                   
20000620  __TI_dtors_ptr                 
20000624  __TI_enable_exit_profile_output
2000060c  __TI_ft_end                    
ffffffff  __TI_pprof_out_hndl            
00000925  __TI_printfi                   
ffffffff  __TI_prof_data_size            
ffffffff  __TI_prof_data_start           
00003bc7  __TI_rd_ok                     
000040df  __TI_readmsg                   
00000000  __TI_static_base__             
200007a8  __TI_tmpnams                   
000040ad  __TI_writemsg                  
00003b65  __TI_wrt_ok                    
00004511  __TI_zero_init                 
00003ddd  __aeabi_cdcmpeq                
00003ddd  __aeabi_cdcmple                
00003e63  __aeabi_cdrcmple               
00004375  __aeabi_d2iz                   
000033b3  __aeabi_dadd                   
0000355f  __aeabi_ddiv                   
000037c9  __aeabi_dmul                   
000033a9  __aeabi_dsub                   
000043f3  __aeabi_i2d                    
00003ee9  __aeabi_memclr                 
00003ee9  __aeabi_memclr4                
00003ee9  __aeabi_memclr8                
00003c11  __aeabi_memcpy                 
00003c11  __aeabi_memcpy4                
00003c11  __aeabi_memcpy8                
00003eeb  __aeabi_memset                 
00003eeb  __aeabi_memset4                
00003eeb  __aeabi_memset8                
20000618  __aeabi_stderr                 
20000610  __aeabi_stdin                  
20000614  __aeabi_stdout                 
00002ff1  __aeabi_uldivmod               
ffffffff  __binit__                      
ffffffff  __c_args__                     
0000121f  __mpu_init                     
2000fe00  __stack                        
0000445d  _args_main                     
00004235  _c_int00                       
00004520  _ctypes_                       
20000400  _ftable                        
20000634  _lock                          
000044b3  _nop                           
000044ab  _register_lock                 
000044a5  _register_unlock               
20000000  _sys_memory                    
00003f63  _system_post_cinit             
0000451d  _system_pre_init               
20000638  _unlock                        
0000428d  abort                          
00002f45  add_device                     
000042dd  atoi                           
ffffffff  binit                          
00002665  calloc                         
00002055  clearInterrupt                 
00002ef5  close                          
00004329  copy_in                        
000044b9  copysign                       
000044b9  copysignl                      
200005f0  counterADC                     
200005f4  counterMOTOR                   
20000670  errno                          
00004295  exit                           
00003d13  fclose                         
00003ae9  fflush                         
200005ec  firstRead                      
00003303  fopen                          
00003d45  fputc                          
00003695  fputs                          
000023af  free                           
000032d9  freopen                        
00004179  frexp                          
00004179  frexpl                         
00004115  fseek                          
00002081  getStatus                      
00000000  interruptVectors               
000038c5  ldexp                          
000038c5  ldexpl                         
00002ed1  lseek                          
000041dd  ltoa                           
00001225  main                           
20000678  main_func_sp                   
00002345  malloc                         
00002579  memalign                       
00004441  memccpy                        
00004421  memchr                         
00003c11  memcpy                         
00003ef1  memset                         
000022c5  minit                          
20000898  motorDown                      
200005fc  motorOff                       
200005f8  motorOn                        
200008ac  motorUp                        
00002e23  open                           
000020b5  printADC                       
00002165  printCurrents                  
00001e6d  printDiffs                     
000021bd  printPositions                 
00003fdd  printf                         
00001cb1  pulseMotorDown                 
00001c35  pulseScore                     
00003d45  putc                           
00003dc9  putchar                        
000037a1  puts                           
00002dff  read                           
200005e8  readFlag                       
00002471  realloc                        
00002d75  remove                         
00002dd7  remove_device                  
00002d99  rename                         
000038c5  scalbn                         
000038c5  scalbnl                        
000039c1  setvbuf                        
0000448d  strchr                         
00004475  strcmp                         
000044cd  strcpy                         
000044e1  strlen                         
000043bd  strncpy                        
200005c0  threshholds                    
20000604  uartChar                       
00004624  uartConfig                     
20000600  uartFlag                       
00002d75  unlink                         
20000608  waitRR                         
00002ce5  write                          


GLOBAL SYMBOLS: SORTED BY Symbol Address 

address   name                           
-------   ----                           
00000000  __TI_static_base__             
00000000  interruptVectors               
00000200  __STACK_SIZE                   
00000400  __SYSMEM_SIZE                  
00000925  __TI_printfi                   
0000121f  __mpu_init                     
00001225  main                           
00001c35  pulseScore                     
00001cb1  pulseMotorDown                 
00001e6d  printDiffs                     
00001ec9  TA1_0_IRQHandler               
00001ec9  TA1_0_IRQHandler               
00001f31  EUSCIA0_IRQHandler             
00001f31  EUSCIA0_IRQHandler             
00001fa7  ADC14_IRQHandler               
00001fa7  ADC14_IRQHandler               
00002055  clearInterrupt                 
00002081  getStatus                      
000020b5  printADC                       
00002165  printCurrents                  
000021bd  printPositions                 
000022c5  minit                          
00002345  malloc                         
000023af  free                           
00002471  realloc                        
00002579  memalign                       
00002665  calloc                         
00002695  SystemCoreClockUpdate          
00002909  SystemInit                     
000029c1  HOSTwrite                      
00002a0d  HOSTunlink                     
00002a45  HOSTtime64                     
00002a93  HOSTtime                       
00002acd  HOSTrename                     
00002b2b  HOSTread                       
00002b77  HOSTopen                       
00002bc9  HOSTlseek                      
00002c25  HOSTgetenv                     
00002c63  HOSTclose                      
00002c9b  HOSTclock                      
00002ce5  write                          
00002d75  remove                         
00002d75  unlink                         
00002d99  rename                         
00002dd7  remove_device                  
00002dff  read                           
00002e23  open                           
00002ed1  lseek                          
00002ef5  close                          
00002f45  add_device                     
00002ff1  __aeabi_uldivmod               
000032ad  __TI_cleanup                   
000032d9  freopen                        
00003303  fopen                          
000033a9  __aeabi_dsub                   
000033b3  __aeabi_dadd                   
0000355f  __aeabi_ddiv                   
00003695  fputs                          
000037a1  puts                           
000037c9  __aeabi_dmul                   
000038c5  ldexp                          
000038c5  ldexpl                         
000038c5  scalbn                         
000038c5  scalbnl                        
000039c1  setvbuf                        
00003a9d  __TI_doflush                   
00003ae9  fflush                         
00003b65  __TI_wrt_ok                    
00003bc7  __TI_rd_ok                     
00003c11  __aeabi_memcpy                 
00003c11  __aeabi_memcpy4                
00003c11  __aeabi_memcpy8                
00003c11  memcpy                         
00003cad  __TI_closefile                 
00003d13  fclose                         
00003d45  fputc                          
00003d45  putc                           
00003dc9  putchar                        
00003ddd  __aeabi_cdcmpeq                
00003ddd  __aeabi_cdcmple                
00003e63  __aeabi_cdrcmple               
00003ee9  __aeabi_memclr                 
00003ee9  __aeabi_memclr4                
00003ee9  __aeabi_memclr8                
00003eeb  __aeabi_memset                 
00003eeb  __aeabi_memset4                
00003eeb  __aeabi_memset8                
00003ef1  memset                         
00003f63  _system_post_cinit             
00003f65  __TI_auto_init                 
00003fdd  printf                         
00004045  __TI_decompress_lzss           
000040ad  __TI_writemsg                  
000040db  C$$IO$$                        
000040df  __TI_readmsg                   
00004115  fseek                          
00004179  frexp                          
00004179  frexpl                         
000041dd  ltoa                           
00004235  _c_int00                       
00004289  C$$EXIT                        
0000428d  abort                          
00004295  exit                           
000042dd  atoi                           
00004329  copy_in                        
00004375  __aeabi_d2iz                   
000043bd  strncpy                        
000043f3  __aeabi_i2d                    
00004421  memchr                         
00004441  memccpy                        
0000445d  _args_main                     
00004475  strcmp                         
0000448d  strchr                         
000044a5  _register_unlock               
000044ab  _register_lock                 
000044b3  _nop                           
000044b9  copysign                       
000044b9  copysignl                      
000044cd  strcpy                         
000044e1  strlen                         
000044f5  __TI_decompress_none           
00004503  Reset_Handler                  
0000450f  AES256_IRQHandler              
0000450f  BusFault_Handler               
0000450f  COMP_E0_IRQHandler             
0000450f  COMP_E1_IRQHandler             
0000450f  CS_IRQHandler                  
0000450f  DMA_ERR_IRQHandler             
0000450f  DMA_INT0_IRQHandler            
0000450f  DMA_INT1_IRQHandler            
0000450f  DMA_INT2_IRQHandler            
0000450f  DMA_INT3_IRQHandler            
0000450f  DebugMon_Handler               
0000450f  Default_Handler                
0000450f  EUSCIA1_IRQHandler             
0000450f  EUSCIA2_IRQHandler             
0000450f  EUSCIA3_IRQHandler             
0000450f  EUSCIB0_IRQHandler             
0000450f  EUSCIB1_IRQHandler             
0000450f  EUSCIB2_IRQHandler             
0000450f  EUSCIB3_IRQHandler             
0000450f  FLCTL_IRQHandler               
0000450f  FPU_IRQHandler                 
0000450f  HardFault_Handler              
0000450f  MemManage_Handler              
0000450f  NMI_Handler                    
0000450f  PCM_IRQHandler                 
0000450f  PORT1_IRQHandler               
0000450f  PORT2_IRQHandler               
0000450f  PORT3_IRQHandler               
0000450f  PORT4_IRQHandler               
0000450f  PORT5_IRQHandler               
0000450f  PORT6_IRQHandler               
0000450f  PSS_IRQHandler                 
0000450f  PendSV_Handler                 
0000450f  RTC_C_IRQHandler               
0000450f  SVC_Handler                    
0000450f  SysTick_Handler                
0000450f  T32_INT1_IRQHandler            
0000450f  T32_INT2_IRQHandler            
0000450f  T32_INTC_IRQHandler            
0000450f  TA0_0_IRQHandler               
0000450f  TA0_N_IRQHandler               
0000450f  TA1_N_IRQHandler               
0000450f  TA2_0_IRQHandler               
0000450f  TA2_N_IRQHandler               
0000450f  TA3_0_IRQHandler               
0000450f  TA3_N_IRQHandler               
0000450f  UsageFault_Handler             
0000450f  WDT_A_IRQHandler               
00004511  __TI_zero_init                 
0000451d  _system_pre_init               
00004520  _ctypes_                       
00004624  uartConfig                     
00004700  __TI_Handler_Table_Base        
0000470c  __TI_Handler_Table_Limit       
00004718  __TI_CINIT_Base                
00004728  __TI_CINIT_Limit               
20000000  _sys_memory                    
20000400  _ftable                        
200005c0  threshholds                    
200005e8  readFlag                       
200005ec  firstRead                      
200005f0  counterADC                     
200005f4  counterMOTOR                   
200005f8  motorOn                        
200005fc  motorOff                       
20000600  uartFlag                       
20000604  uartChar                       
20000608  waitRR                         
2000060c  __TI_ft_end                    
20000610  __aeabi_stdin                  
20000614  __aeabi_stdout                 
20000618  __aeabi_stderr                 
2000061c  __TI_cleanup_ptr               
20000620  __TI_dtors_ptr                 
20000624  __TI_enable_exit_profile_output
20000634  _lock                          
20000638  _unlock                        
2000063c  _GentleDown                    
20000644  _LineDown                      
2000064b  _TriDown                       
20000652  _321Up                         
20000658  _DiamondDown                   
2000065e  _BoxDown                       
20000663  _BoxUp                         
20000668  _321Down                       
2000066c  _DiamondUp                     
20000670  errno                          
20000678  main_func_sp                   
2000067c  SystemCoreClock                
20000680  _LineUp                        
20000683  _TriUp                         
20000686  _GentleUp                      
20000688  __CIOBUF_                      
200007a8  __TI_tmpnams                   
20000848  BallIn                         
2000085c  CupCurrent                     
20000870  CupPosition                    
20000884  CupPrevious                    
20000898  motorDown                      
200008ac  motorUp                        
2000fe00  __stack                        
20010000  __STACK_END                    
4000480c  WDTCTL_SYM                     
ffffffff  __TI_pprof_out_hndl            
ffffffff  __TI_prof_data_size            
ffffffff  __TI_prof_data_start           
ffffffff  __binit__                      
ffffffff  __c_args__                     
ffffffff  binit                          
UNDEFED   SHT$$INIT_ARRAY$$Base          
UNDEFED   SHT$$INIT_ARRAY$$Limit         

[233 symbols]
