******************************************************************************
                  TI ARM Linker PC v16.9.0                     
******************************************************************************
>> Linked Fri Apr 07 22:16:53 2017

OUTPUT FILE NAME:   <MicroFinal.out>
ENTRY POINT SYMBOL: "_c_int00"  address: 0000402d


MEMORY CONFIGURATION

         name            origin    length      used     unused   attr    fill
----------------------  --------  ---------  --------  --------  ----  --------
  MAIN                  00000000   00040000  00004508  0003baf8  R  X
  INFO                  00200000   00004000  00000000  00004000  R  X
  SRAM_CODE             01000000   00010000  00000a9c  0000f564  RW X
  SRAM_DATA             20000000   00010000  00000a9c  0000f564  RW  


SEGMENT ALLOCATION MAP

run origin  load origin   length   init length attrs members
----------  ----------- ---------- ----------- ----- -------
00000000    00000000    00004508   00004508    r-x
  00000000    00000000    000000e4   000000e4    r-- .intvecs
  000000e4    000000e4    00004234   00004234    r-x .text
  00004318    00004318    00000128   00000128    r-- .const
  00004440    00004440    000000c8   000000c8    r-- .cinit
20000000    20000000    0000089c   00000000    rw-
  20000000    20000000    00000400   00000000    rw- .sysmem
  20000400    20000400    0000025c   00000000    rw- .data
  2000065c    2000065c    00000240   00000000    rw- .bss
2000fe00    2000fe00    00000200   00000000    rw-
  2000fe00    2000fe00    00000200   00000000    rw- .stack


SECTION ALLOCATION MAP

 output                                  attributes/
section   page    origin      length       input sections
--------  ----  ----------  ----------   ----------------
.intvecs   0    00000000    000000e4     
                  00000000    000000e4     startup_msp432p401r_ccs.obj (.intvecs:retain)

.binit     0    00000000    00000000     

.text      0    000000e4    00004234     
                  000000e4    0000113a     rtsv7M4_T_le_v4SPD16_eabi.lib : _printfi.obj (.text)
                  0000121e    00000002                                   : mpu_init.obj (.text)
                  00001220    00000e9c     main.obj (.text)
                  000020bc    000003d0     rtsv7M4_T_le_v4SPD16_eabi.lib : memory.obj (.text)
                  0000248c    0000032c     system_msp432p401r.obj (.text)
                  000027b8    00000324     rtsv7M4_T_le_v4SPD16_eabi.lib : trgdrv.obj (.text)
                  00002adc    0000030c                                   : lowlev.obj (.text)
                  00002de8    000001f4                                   : ull_div_t2.obj (.text)
                  00002fdc    000001c4                                   : fopen.obj (.text)
                  000031a0    000001b6                                   : fd_add_t2.obj (.text)
                  00003356    00000136                                   : fd_div_t2.obj (.text)
                  0000348c    00000134                                   : fputs.obj (.text)
                  000035c0    000000fc                                   : fd_mul_t2.obj (.text)
                  000036bc    000000fc                                   : s_scalbn.obj (.text)
                  000037b8    000000dc                                   : setvbuf.obj (.text)
                  00003894    000000c8                                   : fflush.obj (.text)
                  0000395c    000000ac                                   : _io_perm.obj (.text)
                  00003a08    0000009c                                   : memcpy_t2.obj (.text)
                  00003aa4    00000098                                   : fclose.obj (.text)
                  00003b3c    00000098                                   : fputc.obj (.text)
                  00003bd4    00000086                                   : fd_cmp_t2.obj (.text:__aeabi_cdcmple)
                  00003c5a    00000086                                   : fd_cmp_t2.obj (.text:__aeabi_cdrcmple)
                  00003ce0    0000007a                                   : memset_t2.obj (.text)
                  00003d5a    00000002                                   : startup.obj (.text)
                  00003d5c    00000070                                   : autoinit.obj (.text)
                  00003dcc    00000070                                   : printf.obj (.text)
                  00003e3c    00000068                                   : copy_decompress_lzss.obj (.text:decompress:lzss)
                  00003ea4    00000068                                   : trgmsg.obj (.text)
                  00003f0c    00000064                                   : fseek.obj (.text)
                  00003f70    00000064                                   : s_frexp.obj (.text)
                  00003fd4    00000056                                   : ltoa.obj (.text)
                  0000402a    00000002     --HOLE-- [fill = 0]
                  0000402c    00000054                                   : boot.obj (.text)
                  00004080    00000054                                   : exit.obj (.text)
                  000040d4    0000004c                                   : atoi.obj (.text)
                  00004120    0000004c                                   : cpy_tbl.obj (.text)
                  0000416c    00000048                                   : fd_toi_t2.obj (.text)
                  000041b4    00000036                                   : strncpy.obj (.text)
                  000041ea    0000002e                                   : i_tofd_t2.obj (.text)
                  00004218    00000020                                   : memchr.obj (.text)
                  00004238    0000001c                                   : memccpy.obj (.text)
                  00004254    00000018                                   : args_main.obj (.text)
                  0000426c    00000018                                   : strcmp.obj (.text)
                  00004284    00000016                                   : strchr.obj (.text)
                  0000429a    00000002     --HOLE-- [fill = 0]
                  0000429c    00000014                                   : _lock.obj (.text)
                  000042b0    00000014                                   : s_copysign.obj (.text)
                  000042c4    00000014                                   : strcpy.obj (.text)
                  000042d8    00000014                                   : strlen.obj (.text)
                  000042ec    0000000e                                   : copy_decompress_none.obj (.text:decompress:none)
                  000042fa    0000000e     startup_msp432p401r_ccs.obj (.text)
                  00004308    0000000c     rtsv7M4_T_le_v4SPD16_eabi.lib : copy_zero_init.obj (.text:decompress:ZI)
                  00004314    00000004                                   : pre_init.obj (.text)

.const     0    00004318    00000128     
                  00004318    00000101     rtsv7M4_T_le_v4SPD16_eabi.lib : ctype.obj (.const:.string:_ctypes_)
                  00004419    00000003     --HOLE-- [fill = 0]
                  0000441c    00000024     main.obj (.const:uartConfig)

.cinit     0    00004440    000000c8     
                  00004440    000000a2     (.cinit..data.load) [load image, compression = lzss]
                  000044e2    00000002     --HOLE-- [fill = 0]
                  000044e4    0000000c     (__TI_handler_table)
                  000044f0    00000008     (.cinit..bss.load) [load image, compression = zero_init]
                  000044f8    00000010     (__TI_cinit_table)

.init_array 
*          0    00000000    00000000     UNINITIALIZED

.sysmem    0    20000000    00000400     UNINITIALIZED
                  20000000    00000008     rtsv7M4_T_le_v4SPD16_eabi.lib : memory.obj (.sysmem)
                  20000008    000003f8     --HOLE--

.data      0    20000400    0000025c     UNINITIALIZED
                  20000400    000000f0     rtsv7M4_T_le_v4SPD16_eabi.lib : defs.obj (.data:_ftable)
                  200004f0    000000d0                                   : lowlev.obj (.data:$O1$$)
                  200005c0    00000020     main.obj (.data)
                  200005e0    00000010     rtsv7M4_T_le_v4SPD16_eabi.lib : defs.obj (.data)
                  200005f0    0000000c                                   : exit.obj (.data:$O1$$)
                  200005fc    0000000c                                   : memory.obj (.data:$O1$$)
                  20000608    00000008                                   : _lock.obj (.data:$O1$$)
                  20000610    00000008     main.obj (.data:_GentleDown)
                  20000618    00000007     main.obj (.data:_LineDown)
                  2000061f    00000007     main.obj (.data:_TriDown)
                  20000626    00000006     main.obj (.data:_321Up)
                  2000062c    00000006     main.obj (.data:_DiamondDown)
                  20000632    00000005     main.obj (.data:_BoxDown)
                  20000637    00000005     main.obj (.data:_BoxUp)
                  2000063c    00000004     main.obj (.data:_321Down)
                  20000640    00000004     main.obj (.data:_DiamondUp)
                  20000644    00000004     rtsv7M4_T_le_v4SPD16_eabi.lib : errno.obj (.data)
                  20000648    00000004                                   : fopen.obj (.data)
                  2000064c    00000004                                   : stkdepth_vars.obj (.data)
                  20000650    00000004     system_msp432p401r.obj (.data)
                  20000654    00000003     main.obj (.data:_LineUp)
                  20000657    00000003     main.obj (.data:_TriUp)
                  2000065a    00000002     main.obj (.data:_GentleUp)

.bss       0    2000065c    00000240     UNINITIALIZED
                  2000065c    00000120     rtsv7M4_T_le_v4SPD16_eabi.lib : trgmsg.obj (.bss:_CIOBUF_)
                  2000077c    000000a0     (.common:__TI_tmpnams)
                  2000081c    00000014     (.common:BallIn)
                  20000830    00000014     (.common:CupCurrent)
                  20000844    00000014     (.common:CupPosition)
                  20000858    00000014     (.common:CupPrevious)
                  2000086c    00000014     (.common:motorDown)
                  20000880    00000014     (.common:motorUp)
                  20000894    00000008                                   : trgdrv.obj (.bss:parmbuf)

.stack     0    2000fe00    00000200     UNINITIALIZED
                  2000fe00    00000200     --HOLE--

MODULE SUMMARY

       Module                        code    ro data   rw data
       ------                        ----    -------   -------
    .\
       main.obj                      3740    36        424    
       system_msp432p401r.obj        812     0         8      
       startup_msp432p401r_ccs.obj   14      228       0      
    +--+-----------------------------+-------+---------+---------+
       Total:                        4566    264       432    
                                                              
    C:\ti\ccsv7\tools\compiler\ti-cgt-arm_16.9.0.LTS\lib\rtsv7M4_T_le_v4SPD16_eabi.lib
       _printfi.obj                  4410    0         0      
       lowlev.obj                    780     0         416    
       memory.obj                    976     0         24     
       defs.obj                      0       0         832    
       trgdrv.obj                    804     0         16     
       trgmsg.obj                    104     0         576    
       ull_div_t2.obj                500     0         0      
       fopen.obj                     452     0         8      
       fd_add_t2.obj                 438     0         0      
       fd_div_t2.obj                 310     0         0      
       fputs.obj                     308     0         0      
       fd_cmp_t2.obj                 268     0         0      
       ctype.obj                     0       257       0      
       fd_mul_t2.obj                 252     0         0      
       s_scalbn.obj                  252     0         0      
       setvbuf.obj                   220     0         0      
       fflush.obj                    200     0         0      
       _io_perm.obj                  172     0         0      
       memcpy_t2.obj                 156     0         0      
       fclose.obj                    152     0         0      
       fputc.obj                     152     0         0      
       memset_t2.obj                 122     0         0      
       autoinit.obj                  112     0         0      
       printf.obj                    112     0         0      
       exit.obj                      84      0         24     
       copy_decompress_lzss.obj      104     0         0      
       fseek.obj                     100     0         0      
       s_frexp.obj                   100     0         0      
       ltoa.obj                      86      0         0      
       boot.obj                      84      0         0      
       atoi.obj                      76      0         0      
       cpy_tbl.obj                   76      0         0      
       fd_toi_t2.obj                 72      0         0      
       strncpy.obj                   54      0         0      
       i_tofd_t2.obj                 46      0         0      
       _lock.obj                     20      0         16     
       memchr.obj                    32      0         0      
       memccpy.obj                   28      0         0      
       args_main.obj                 24      0         0      
       strcmp.obj                    24      0         0      
       strchr.obj                    22      0         0      
       s_copysign.obj                20      0         0      
       strcpy.obj                    20      0         0      
       strlen.obj                    20      0         0      
       copy_decompress_none.obj      14      0         0      
       copy_zero_init.obj            12      0         0      
       errno.obj                     0       0         8      
       stkdepth_vars.obj             0       0         8      
       pre_init.obj                  4       0         0      
       mpu_init.obj                  2       0         0      
       startup.obj                   2       0         0      
    +--+-----------------------------+-------+---------+---------+
       Total:                        12378   257       1928   
                                                              
       Heap:                         0       0         2048   
       Stack:                        0       0         1024   
       Linker Generated:             0       198       0      
    +--+-----------------------------+-------+---------+---------+
       Grand Total:                  16944   719       5432   


LINKER GENERATED COPY TABLES

__TI_cinit_table @ 000044f8 records: 2, size/record: 8, table size: 16
	.data: load addr=00004440, load size=000000a2 bytes, run addr=20000400, run size=0000025c bytes, compression=lzss
	.bss: load addr=000044f0, load size=00000008 bytes, run addr=2000065c, run size=00000240 bytes, compression=zero_init


LINKER GENERATED HANDLER TABLE

__TI_handler_table @ 000044e4 records: 3, size/record: 4, table size: 12
	index: 0, handler: __TI_decompress_lzss
	index: 1, handler: __TI_decompress_none
	index: 2, handler: __TI_zero_init


GLOBAL SYMBOLS: SORTED ALPHABETICALLY BY Name 

address   name                           
-------   ----                           
00001dad  ADC14_IRQHandler               
00001dad  ADC14_IRQHandler               
00004307  AES256_IRQHandler              
2000081c  BallIn                         
00004307  BusFault_Handler               
00004081  C$$EXIT                        
00003ed3  C$$IO$$                        
00004307  COMP_E0_IRQHandler             
00004307  COMP_E1_IRQHandler             
00004307  CS_IRQHandler                  
20000830  CupCurrent                     
20000844  CupPosition                    
20000858  CupPrevious                    
00004307  DMA_ERR_IRQHandler             
00004307  DMA_INT0_IRQHandler            
00004307  DMA_INT1_IRQHandler            
00004307  DMA_INT2_IRQHandler            
00004307  DMA_INT3_IRQHandler            
00004307  DebugMon_Handler               
00004307  Default_Handler                
00001d2d  EUSCIA0_IRQHandler             
00001d2d  EUSCIA0_IRQHandler             
00004307  EUSCIA1_IRQHandler             
00004307  EUSCIA2_IRQHandler             
00004307  EUSCIA3_IRQHandler             
00004307  EUSCIB0_IRQHandler             
00004307  EUSCIB1_IRQHandler             
00004307  EUSCIB2_IRQHandler             
00004307  EUSCIB3_IRQHandler             
00004307  FLCTL_IRQHandler               
00004307  FPU_IRQHandler                 
00002a93  HOSTclock                      
00002a5b  HOSTclose                      
00002a1d  HOSTgetenv                     
000029c1  HOSTlseek                      
0000296f  HOSTopen                       
00002923  HOSTread                       
000028c5  HOSTrename                     
0000288b  HOSTtime                       
0000283d  HOSTtime64                     
00002805  HOSTunlink                     
000027b9  HOSTwrite                      
00004307  HardFault_Handler              
00004307  MemManage_Handler              
00004307  NMI_Handler                    
00004307  PCM_IRQHandler                 
00004307  PORT1_IRQHandler               
00004307  PORT2_IRQHandler               
00004307  PORT3_IRQHandler               
00004307  PORT4_IRQHandler               
00004307  PORT5_IRQHandler               
00004307  PORT6_IRQHandler               
00004307  PSS_IRQHandler                 
00004307  PendSV_Handler                 
00004307  RTC_C_IRQHandler               
000042fb  Reset_Handler                  
UNDEFED   SHT$$INIT_ARRAY$$Base          
UNDEFED   SHT$$INIT_ARRAY$$Limit         
00004307  SVC_Handler                    
00004307  SysTick_Handler                
20000650  SystemCoreClock                
0000248d  SystemCoreClockUpdate          
00002701  SystemInit                     
00004307  T32_INT1_IRQHandler            
00004307  T32_INT2_IRQHandler            
00004307  T32_INTC_IRQHandler            
00004307  TA0_0_IRQHandler               
00004307  TA0_N_IRQHandler               
00001cad  TA1_0_IRQHandler               
00001cad  TA1_0_IRQHandler               
00004307  TA1_N_IRQHandler               
00004307  TA2_0_IRQHandler               
00004307  TA2_N_IRQHandler               
00004307  TA3_0_IRQHandler               
00004307  TA3_N_IRQHandler               
00004307  UsageFault_Handler             
4000480c  WDTCTL_SYM                     
00004307  WDT_A_IRQHandler               
2000063c  _321Down                       
20000626  _321Up                         
20000632  _BoxDown                       
20000637  _BoxUp                         
2000062c  _DiamondDown                   
20000640  _DiamondUp                     
20000610  _GentleDown                    
2000065a  _GentleUp                      
20000618  _LineDown                      
20000654  _LineUp                        
2000061f  _TriDown                       
20000657  _TriUp                         
2000065c  __CIOBUF_                      
20010000  __STACK_END                    
00000200  __STACK_SIZE                   
00000400  __SYSMEM_SIZE                  
000044f8  __TI_CINIT_Base                
00004508  __TI_CINIT_Limit               
000044e4  __TI_Handler_Table_Base        
000044f0  __TI_Handler_Table_Limit       
00003d5d  __TI_auto_init                 
000030a5  __TI_cleanup                   
200005f0  __TI_cleanup_ptr               
00003aa5  __TI_closefile                 
00003e3d  __TI_decompress_lzss           
000042ed  __TI_decompress_none           
00003895  __TI_doflush                   
200005f4  __TI_dtors_ptr                 
200005f8  __TI_enable_exit_profile_output
200005e0  __TI_ft_end                    
ffffffff  __TI_pprof_out_hndl            
00000925  __TI_printfi                   
ffffffff  __TI_prof_data_size            
ffffffff  __TI_prof_data_start           
000039bf  __TI_rd_ok                     
00003ed7  __TI_readmsg                   
00000000  __TI_static_base__             
2000077c  __TI_tmpnams                   
00003ea5  __TI_writemsg                  
0000395d  __TI_wrt_ok                    
00004309  __TI_zero_init                 
00003bd5  __aeabi_cdcmpeq                
00003bd5  __aeabi_cdcmple                
00003c5b  __aeabi_cdrcmple               
0000416d  __aeabi_d2iz                   
000031ab  __aeabi_dadd                   
00003357  __aeabi_ddiv                   
000035c1  __aeabi_dmul                   
000031a1  __aeabi_dsub                   
000041eb  __aeabi_i2d                    
00003ce1  __aeabi_memclr                 
00003ce1  __aeabi_memclr4                
00003ce1  __aeabi_memclr8                
00003a09  __aeabi_memcpy                 
00003a09  __aeabi_memcpy4                
00003a09  __aeabi_memcpy8                
00003ce3  __aeabi_memset                 
00003ce3  __aeabi_memset4                
00003ce3  __aeabi_memset8                
200005ec  __aeabi_stderr                 
200005e4  __aeabi_stdin                  
200005e8  __aeabi_stdout                 
00002de9  __aeabi_uldivmod               
ffffffff  __binit__                      
ffffffff  __c_args__                     
0000121f  __mpu_init                     
2000fe00  __stack                        
00004255  _args_main                     
0000402d  _c_int00                       
00004318  _ctypes_                       
20000400  _ftable                        
20000608  _lock                          
000042ab  _nop                           
000042a3  _register_lock                 
0000429d  _register_unlock               
20000000  _sys_memory                    
00003d5b  _system_post_cinit             
00004315  _system_pre_init               
2000060c  _unlock                        
00004085  abort                          
00002d3d  add_device                     
000040d5  atoi                           
ffffffff  binit                          
0000245d  calloc                         
00001e65  clearInterrupt                 
00002ced  close                          
00004121  copy_in                        
000042b1  copysign                       
000042b1  copysignl                      
200005c8  counterADC                     
200005cc  counterMOTOR                   
20000644  errno                          
0000408d  exit                           
00003b0b  fclose                         
000038e1  fflush                         
200005c4  firstRead                      
000030fb  fopen                          
00003b3d  fputc                          
0000348d  fputs                          
000021a7  free                           
000030d1  freopen                        
00003f71  frexp                          
00003f71  frexpl                         
00003f0d  fseek                          
00001e99  getStatus                      
00000000  interruptVectors               
000036bd  ldexp                          
000036bd  ldexpl                         
00002cc9  lseek                          
00003fd5  ltoa                           
00001225  main                           
2000064c  main_func_sp                   
0000213d  malloc                         
00002371  memalign                       
00004239  memccpy                        
00004219  memchr                         
00003a09  memcpy                         
00003ce9  memset                         
000020bd  minit                          
2000086c  motorDown                      
200005d4  motorOff                       
200005d0  motorOn                        
20000880  motorUp                        
00002c1b  open                           
00001ed1  printADC                       
00001f81  printCurrents                  
00001c59  printDiffs                     
00001fc5  printPositions                 
00003dd5  printf                         
00001c15  pulseMotorDown                 
00001bd5  pulseScore                     
00003b3d  putc                           
00003bc1  putchar                        
00003599  puts                           
00002bf7  read                           
200005c0  readFlag                       
00002269  realloc                        
00002b6d  remove                         
00002bcf  remove_device                  
00002b91  rename                         
000036bd  scalbn                         
000036bd  scalbnl                        
000037b9  setvbuf                        
00004285  strchr                         
0000426d  strcmp                         
000042c5  strcpy                         
000042d9  strlen                         
000041b5  strncpy                        
200005dc  uartChar                       
0000441c  uartConfig                     
200005d8  uartFlag                       
00002b6d  unlink                         
00002add  write                          


GLOBAL SYMBOLS: SORTED BY Symbol Address 

address   name                           
-------   ----                           
00000000  __TI_static_base__             
00000000  interruptVectors               
00000200  __STACK_SIZE                   
00000400  __SYSMEM_SIZE                  
00000925  __TI_printfi                   
0000121f  __mpu_init                     
00001225  main                           
00001bd5  pulseScore                     
00001c15  pulseMotorDown                 
00001c59  printDiffs                     
00001cad  TA1_0_IRQHandler               
00001cad  TA1_0_IRQHandler               
00001d2d  EUSCIA0_IRQHandler             
00001d2d  EUSCIA0_IRQHandler             
00001dad  ADC14_IRQHandler               
00001dad  ADC14_IRQHandler               
00001e65  clearInterrupt                 
00001e99  getStatus                      
00001ed1  printADC                       
00001f81  printCurrents                  
00001fc5  printPositions                 
000020bd  minit                          
0000213d  malloc                         
000021a7  free                           
00002269  realloc                        
00002371  memalign                       
0000245d  calloc                         
0000248d  SystemCoreClockUpdate          
00002701  SystemInit                     
000027b9  HOSTwrite                      
00002805  HOSTunlink                     
0000283d  HOSTtime64                     
0000288b  HOSTtime                       
000028c5  HOSTrename                     
00002923  HOSTread                       
0000296f  HOSTopen                       
000029c1  HOSTlseek                      
00002a1d  HOSTgetenv                     
00002a5b  HOSTclose                      
00002a93  HOSTclock                      
00002add  write                          
00002b6d  remove                         
00002b6d  unlink                         
00002b91  rename                         
00002bcf  remove_device                  
00002bf7  read                           
00002c1b  open                           
00002cc9  lseek                          
00002ced  close                          
00002d3d  add_device                     
00002de9  __aeabi_uldivmod               
000030a5  __TI_cleanup                   
000030d1  freopen                        
000030fb  fopen                          
000031a1  __aeabi_dsub                   
000031ab  __aeabi_dadd                   
00003357  __aeabi_ddiv                   
0000348d  fputs                          
00003599  puts                           
000035c1  __aeabi_dmul                   
000036bd  ldexp                          
000036bd  ldexpl                         
000036bd  scalbn                         
000036bd  scalbnl                        
000037b9  setvbuf                        
00003895  __TI_doflush                   
000038e1  fflush                         
0000395d  __TI_wrt_ok                    
000039bf  __TI_rd_ok                     
00003a09  __aeabi_memcpy                 
00003a09  __aeabi_memcpy4                
00003a09  __aeabi_memcpy8                
00003a09  memcpy                         
00003aa5  __TI_closefile                 
00003b0b  fclose                         
00003b3d  fputc                          
00003b3d  putc                           
00003bc1  putchar                        
00003bd5  __aeabi_cdcmpeq                
00003bd5  __aeabi_cdcmple                
00003c5b  __aeabi_cdrcmple               
00003ce1  __aeabi_memclr                 
00003ce1  __aeabi_memclr4                
00003ce1  __aeabi_memclr8                
00003ce3  __aeabi_memset                 
00003ce3  __aeabi_memset4                
00003ce3  __aeabi_memset8                
00003ce9  memset                         
00003d5b  _system_post_cinit             
00003d5d  __TI_auto_init                 
00003dd5  printf                         
00003e3d  __TI_decompress_lzss           
00003ea5  __TI_writemsg                  
00003ed3  C$$IO$$                        
00003ed7  __TI_readmsg                   
00003f0d  fseek                          
00003f71  frexp                          
00003f71  frexpl                         
00003fd5  ltoa                           
0000402d  _c_int00                       
00004081  C$$EXIT                        
00004085  abort                          
0000408d  exit                           
000040d5  atoi                           
00004121  copy_in                        
0000416d  __aeabi_d2iz                   
000041b5  strncpy                        
000041eb  __aeabi_i2d                    
00004219  memchr                         
00004239  memccpy                        
00004255  _args_main                     
0000426d  strcmp                         
00004285  strchr                         
0000429d  _register_unlock               
000042a3  _register_lock                 
000042ab  _nop                           
000042b1  copysign                       
000042b1  copysignl                      
000042c5  strcpy                         
000042d9  strlen                         
000042ed  __TI_decompress_none           
000042fb  Reset_Handler                  
00004307  AES256_IRQHandler              
00004307  BusFault_Handler               
00004307  COMP_E0_IRQHandler             
00004307  COMP_E1_IRQHandler             
00004307  CS_IRQHandler                  
00004307  DMA_ERR_IRQHandler             
00004307  DMA_INT0_IRQHandler            
00004307  DMA_INT1_IRQHandler            
00004307  DMA_INT2_IRQHandler            
00004307  DMA_INT3_IRQHandler            
00004307  DebugMon_Handler               
00004307  Default_Handler                
00004307  EUSCIA1_IRQHandler             
00004307  EUSCIA2_IRQHandler             
00004307  EUSCIA3_IRQHandler             
00004307  EUSCIB0_IRQHandler             
00004307  EUSCIB1_IRQHandler             
00004307  EUSCIB2_IRQHandler             
00004307  EUSCIB3_IRQHandler             
00004307  FLCTL_IRQHandler               
00004307  FPU_IRQHandler                 
00004307  HardFault_Handler              
00004307  MemManage_Handler              
00004307  NMI_Handler                    
00004307  PCM_IRQHandler                 
00004307  PORT1_IRQHandler               
00004307  PORT2_IRQHandler               
00004307  PORT3_IRQHandler               
00004307  PORT4_IRQHandler               
00004307  PORT5_IRQHandler               
00004307  PORT6_IRQHandler               
00004307  PSS_IRQHandler                 
00004307  PendSV_Handler                 
00004307  RTC_C_IRQHandler               
00004307  SVC_Handler                    
00004307  SysTick_Handler                
00004307  T32_INT1_IRQHandler            
00004307  T32_INT2_IRQHandler            
00004307  T32_INTC_IRQHandler            
00004307  TA0_0_IRQHandler               
00004307  TA0_N_IRQHandler               
00004307  TA1_N_IRQHandler               
00004307  TA2_0_IRQHandler               
00004307  TA2_N_IRQHandler               
00004307  TA3_0_IRQHandler               
00004307  TA3_N_IRQHandler               
00004307  UsageFault_Handler             
00004307  WDT_A_IRQHandler               
00004309  __TI_zero_init                 
00004315  _system_pre_init               
00004318  _ctypes_                       
0000441c  uartConfig                     
000044e4  __TI_Handler_Table_Base        
000044f0  __TI_Handler_Table_Limit       
000044f8  __TI_CINIT_Base                
00004508  __TI_CINIT_Limit               
20000000  _sys_memory                    
20000400  _ftable                        
200005c0  readFlag                       
200005c4  firstRead                      
200005c8  counterADC                     
200005cc  counterMOTOR                   
200005d0  motorOn                        
200005d4  motorOff                       
200005d8  uartFlag                       
200005dc  uartChar                       
200005e0  __TI_ft_end                    
200005e4  __aeabi_stdin                  
200005e8  __aeabi_stdout                 
200005ec  __aeabi_stderr                 
200005f0  __TI_cleanup_ptr               
200005f4  __TI_dtors_ptr                 
200005f8  __TI_enable_exit_profile_output
20000608  _lock                          
2000060c  _unlock                        
20000610  _GentleDown                    
20000618  _LineDown                      
2000061f  _TriDown                       
20000626  _321Up                         
2000062c  _DiamondDown                   
20000632  _BoxDown                       
20000637  _BoxUp                         
2000063c  _321Down                       
20000640  _DiamondUp                     
20000644  errno                          
2000064c  main_func_sp                   
20000650  SystemCoreClock                
20000654  _LineUp                        
20000657  _TriUp                         
2000065a  _GentleUp                      
2000065c  __CIOBUF_                      
2000077c  __TI_tmpnams                   
2000081c  BallIn                         
20000830  CupCurrent                     
20000844  CupPosition                    
20000858  CupPrevious                    
2000086c  motorDown                      
20000880  motorUp                        
2000fe00  __stack                        
20010000  __STACK_END                    
4000480c  WDTCTL_SYM                     
ffffffff  __TI_pprof_out_hndl            
ffffffff  __TI_prof_data_size            
ffffffff  __TI_prof_data_start           
ffffffff  __binit__                      
ffffffff  __c_args__                     
ffffffff  binit                          
UNDEFED   SHT$$INIT_ARRAY$$Base          
UNDEFED   SHT$$INIT_ARRAY$$Limit         

[231 symbols]
