******************************************************************************
                  TI ARM Linker PC v16.9.0                     
******************************************************************************
>> Linked Wed Apr 26 23:46:02 2017

OUTPUT FILE NAME:   <MicroFinal.out>
ENTRY POINT SYMBOL: "_c_int00"  address: 00004289


MEMORY CONFIGURATION

         name            origin    length      used     unused   attr    fill
----------------------  --------  ---------  --------  --------  ----  --------
  MAIN                  00000000   00040000  00004774  0003b88c  R  X
  INFO                  00200000   00004000  00000000  00004000  R  X
  SRAM_CODE             01000000   00010000  00000acc  0000f534  RW X
  SRAM_DATA             20000000   00010000  00000acc  0000f534  RW  


SEGMENT ALLOCATION MAP

run origin  load origin   length   init length attrs members
----------  ----------- ---------- ----------- ----- -------
00000000    00000000    00004778   00004778    r-x
  00000000    00000000    000000e4   000000e4    r-- .intvecs
  000000e4    000000e4    00004490   00004490    r-x .text
  00004574    00004574    00000128   00000128    r-- .const
  000046a0    000046a0    000000d8   000000d8    r-- .cinit
20000000    20000000    000008cc   00000000    rw-
  20000000    20000000    00000400   00000000    rw- .sysmem
  20000400    20000400    0000028c   00000000    rw- .data
  2000068c    2000068c    00000240   00000000    rw- .bss
2000fe00    2000fe00    00000200   00000000    rw-
  2000fe00    2000fe00    00000200   00000000    rw- .stack


SECTION ALLOCATION MAP

 output                                  attributes/
section   page    origin      length       input sections
--------  ----  ----------  ----------   ----------------
.intvecs   0    00000000    000000e4     
                  00000000    000000e4     startup_msp432p401r_ccs.obj (.intvecs:retain)

.binit     0    00000000    00000000     

.text      0    000000e4    00004490     
                  000000e4    0000113a     rtsv7M4_T_le_v4SPD16_eabi.lib : _printfi.obj (.text)
                  0000121e    00000002                                   : mpu_init.obj (.text)
                  00001220    000010f8     main.obj (.text)
                  00002318    000003d0     rtsv7M4_T_le_v4SPD16_eabi.lib : memory.obj (.text)
                  000026e8    0000032c     system_msp432p401r.obj (.text)
                  00002a14    00000324     rtsv7M4_T_le_v4SPD16_eabi.lib : trgdrv.obj (.text)
                  00002d38    0000030c                                   : lowlev.obj (.text)
                  00003044    000001f4                                   : ull_div_t2.obj (.text)
                  00003238    000001c4                                   : fopen.obj (.text)
                  000033fc    000001b6                                   : fd_add_t2.obj (.text)
                  000035b2    00000136                                   : fd_div_t2.obj (.text)
                  000036e8    00000134                                   : fputs.obj (.text)
                  0000381c    000000fc                                   : fd_mul_t2.obj (.text)
                  00003918    000000fc                                   : s_scalbn.obj (.text)
                  00003a14    000000dc                                   : setvbuf.obj (.text)
                  00003af0    000000c8                                   : fflush.obj (.text)
                  00003bb8    000000ac                                   : _io_perm.obj (.text)
                  00003c64    0000009c                                   : memcpy_t2.obj (.text)
                  00003d00    00000098                                   : fclose.obj (.text)
                  00003d98    00000098                                   : fputc.obj (.text)
                  00003e30    00000086                                   : fd_cmp_t2.obj (.text:__aeabi_cdcmple)
                  00003eb6    00000086                                   : fd_cmp_t2.obj (.text:__aeabi_cdrcmple)
                  00003f3c    0000007a                                   : memset_t2.obj (.text)
                  00003fb6    00000002                                   : startup.obj (.text)
                  00003fb8    00000070                                   : autoinit.obj (.text)
                  00004028    00000070                                   : printf.obj (.text)
                  00004098    00000068                                   : copy_decompress_lzss.obj (.text:decompress:lzss)
                  00004100    00000068                                   : trgmsg.obj (.text)
                  00004168    00000064                                   : fseek.obj (.text)
                  000041cc    00000064                                   : s_frexp.obj (.text)
                  00004230    00000056                                   : ltoa.obj (.text)
                  00004286    00000002     --HOLE-- [fill = 0]
                  00004288    00000054                                   : boot.obj (.text)
                  000042dc    00000054                                   : exit.obj (.text)
                  00004330    0000004c                                   : atoi.obj (.text)
                  0000437c    0000004c                                   : cpy_tbl.obj (.text)
                  000043c8    00000048                                   : fd_toi_t2.obj (.text)
                  00004410    00000036                                   : strncpy.obj (.text)
                  00004446    0000002e                                   : i_tofd_t2.obj (.text)
                  00004474    00000020                                   : memchr.obj (.text)
                  00004494    0000001c                                   : memccpy.obj (.text)
                  000044b0    00000018                                   : args_main.obj (.text)
                  000044c8    00000018                                   : strcmp.obj (.text)
                  000044e0    00000016                                   : strchr.obj (.text)
                  000044f6    00000002     --HOLE-- [fill = 0]
                  000044f8    00000014                                   : _lock.obj (.text)
                  0000450c    00000014                                   : s_copysign.obj (.text)
                  00004520    00000014                                   : strcpy.obj (.text)
                  00004534    00000014                                   : strlen.obj (.text)
                  00004548    0000000e                                   : copy_decompress_none.obj (.text:decompress:none)
                  00004556    0000000e     startup_msp432p401r_ccs.obj (.text)
                  00004564    0000000c     rtsv7M4_T_le_v4SPD16_eabi.lib : copy_zero_init.obj (.text:decompress:ZI)
                  00004570    00000004                                   : pre_init.obj (.text)

.const     0    00004574    00000128     
                  00004574    00000101     rtsv7M4_T_le_v4SPD16_eabi.lib : ctype.obj (.const:.string:_ctypes_)
                  00004675    00000003     --HOLE-- [fill = 0]
                  00004678    00000024     main.obj (.const:uartConfig)

.cinit     0    000046a0    000000d8     
                  000046a0    000000b1     (.cinit..data.load) [load image, compression = lzss]
                  00004751    00000003     --HOLE-- [fill = 0]
                  00004754    0000000c     (__TI_handler_table)
                  00004760    00000008     (.cinit..bss.load) [load image, compression = zero_init]
                  00004768    00000010     (__TI_cinit_table)

.init_array 
*          0    00000000    00000000     UNINITIALIZED

.sysmem    0    20000000    00000400     UNINITIALIZED
                  20000000    00000008     rtsv7M4_T_le_v4SPD16_eabi.lib : memory.obj (.sysmem)
                  20000008    000003f8     --HOLE--

.data      0    20000400    0000028c     UNINITIALIZED
                  20000400    000000f0     rtsv7M4_T_le_v4SPD16_eabi.lib : defs.obj (.data:_ftable)
                  200004f0    000000d0                                   : lowlev.obj (.data:$O1$$)
                  200005c0    00000028     main.obj (.data)
                  200005e8    00000028     main.obj (.data:threshholds)
                  20000610    00000010     rtsv7M4_T_le_v4SPD16_eabi.lib : defs.obj (.data)
                  20000620    0000000c                                   : exit.obj (.data:$O1$$)
                  2000062c    0000000c                                   : memory.obj (.data:$O1$$)
                  20000638    00000008                                   : _lock.obj (.data:$O1$$)
                  20000640    00000008     main.obj (.data:_GentleDown)
                  20000648    00000007     main.obj (.data:_LineDown)
                  2000064f    00000007     main.obj (.data:_TriDown)
                  20000656    00000006     main.obj (.data:_321Up)
                  2000065c    00000006     main.obj (.data:_DiamondDown)
                  20000662    00000005     main.obj (.data:_BoxDown)
                  20000667    00000005     main.obj (.data:_BoxUp)
                  2000066c    00000004     main.obj (.data:_321Down)
                  20000670    00000004     main.obj (.data:_DiamondUp)
                  20000674    00000004     rtsv7M4_T_le_v4SPD16_eabi.lib : errno.obj (.data)
                  20000678    00000004                                   : fopen.obj (.data)
                  2000067c    00000004                                   : stkdepth_vars.obj (.data)
                  20000680    00000004     system_msp432p401r.obj (.data)
                  20000684    00000003     main.obj (.data:_LineUp)
                  20000687    00000003     main.obj (.data:_TriUp)
                  2000068a    00000002     main.obj (.data:_GentleUp)

.bss       0    2000068c    00000240     UNINITIALIZED
                  2000068c    00000120     rtsv7M4_T_le_v4SPD16_eabi.lib : trgmsg.obj (.bss:_CIOBUF_)
                  200007ac    000000a0     (.common:__TI_tmpnams)
                  2000084c    00000014     (.common:BallIn)
                  20000860    00000014     (.common:CupCurrent)
                  20000874    00000014     (.common:CupPosition)
                  20000888    00000014     (.common:CupPrevious)
                  2000089c    00000014     (.common:motorDown)
                  200008b0    00000014     (.common:motorUp)
                  200008c4    00000008                                   : trgdrv.obj (.bss:parmbuf)

.stack     0    2000fe00    00000200     UNINITIALIZED
                  2000fe00    00000200     --HOLE--

MODULE SUMMARY

       Module                        code    ro data   rw data
       ------                        ----    -------   -------
    .\
       main.obj                      4344    36        520    
       system_msp432p401r.obj        812     0         8      
       startup_msp432p401r_ccs.obj   14      228       0      
    +--+-----------------------------+-------+---------+---------+
       Total:                        5170    264       528    
                                                              
    C:\ti\ccsv7\tools\compiler\ti-cgt-arm_16.9.0.LTS\lib\rtsv7M4_T_le_v4SPD16_eabi.lib
       _printfi.obj                  4410    0         0      
       lowlev.obj                    780     0         416    
       memory.obj                    976     0         24     
       defs.obj                      0       0         832    
       trgdrv.obj                    804     0         16     
       trgmsg.obj                    104     0         576    
       ull_div_t2.obj                500     0         0      
       fopen.obj                     452     0         8      
       fd_add_t2.obj                 438     0         0      
       fd_div_t2.obj                 310     0         0      
       fputs.obj                     308     0         0      
       fd_cmp_t2.obj                 268     0         0      
       ctype.obj                     0       257       0      
       fd_mul_t2.obj                 252     0         0      
       s_scalbn.obj                  252     0         0      
       setvbuf.obj                   220     0         0      
       fflush.obj                    200     0         0      
       _io_perm.obj                  172     0         0      
       memcpy_t2.obj                 156     0         0      
       fclose.obj                    152     0         0      
       fputc.obj                     152     0         0      
       memset_t2.obj                 122     0         0      
       autoinit.obj                  112     0         0      
       printf.obj                    112     0         0      
       exit.obj                      84      0         24     
       copy_decompress_lzss.obj      104     0         0      
       fseek.obj                     100     0         0      
       s_frexp.obj                   100     0         0      
       ltoa.obj                      86      0         0      
       boot.obj                      84      0         0      
       atoi.obj                      76      0         0      
       cpy_tbl.obj                   76      0         0      
       fd_toi_t2.obj                 72      0         0      
       strncpy.obj                   54      0         0      
       i_tofd_t2.obj                 46      0         0      
       _lock.obj                     20      0         16     
       memchr.obj                    32      0         0      
       memccpy.obj                   28      0         0      
       args_main.obj                 24      0         0      
       strcmp.obj                    24      0         0      
       strchr.obj                    22      0         0      
       s_copysign.obj                20      0         0      
       strcpy.obj                    20      0         0      
       strlen.obj                    20      0         0      
       copy_decompress_none.obj      14      0         0      
       copy_zero_init.obj            12      0         0      
       errno.obj                     0       0         8      
       stkdepth_vars.obj             0       0         8      
       pre_init.obj                  4       0         0      
       mpu_init.obj                  2       0         0      
       startup.obj                   2       0         0      
    +--+-----------------------------+-------+---------+---------+
       Total:                        12378   257       1928   
                                                              
       Heap:                         0       0         2048   
       Stack:                        0       0         1024   
       Linker Generated:             0       213       0      
    +--+-----------------------------+-------+---------+---------+
       Grand Total:                  17548   734       5528   


LINKER GENERATED COPY TABLES

__TI_cinit_table @ 00004768 records: 2, size/record: 8, table size: 16
	.data: load addr=000046a0, load size=000000b1 bytes, run addr=20000400, run size=0000028c bytes, compression=lzss
	.bss: load addr=00004760, load size=00000008 bytes, run addr=2000068c, run size=00000240 bytes, compression=zero_init


LINKER GENERATED HANDLER TABLE

__TI_handler_table @ 00004754 records: 3, size/record: 4, table size: 12
	index: 0, handler: __TI_decompress_lzss
	index: 1, handler: __TI_decompress_none
	index: 2, handler: __TI_zero_init


GLOBAL SYMBOLS: SORTED ALPHABETICALLY BY Name 

address   name                           
-------   ----                           
00001ffd  ADC14_IRQHandler               
00001ffd  ADC14_IRQHandler               
00004563  AES256_IRQHandler              
2000084c  BallIn                         
00004563  BusFault_Handler               
000042dd  C$$EXIT                        
0000412f  C$$IO$$                        
00004563  COMP_E0_IRQHandler             
00004563  COMP_E1_IRQHandler             
00004563  CS_IRQHandler                  
20000860  CupCurrent                     
20000874  CupPosition                    
20000888  CupPrevious                    
00004563  DMA_ERR_IRQHandler             
00004563  DMA_INT0_IRQHandler            
00004563  DMA_INT1_IRQHandler            
00004563  DMA_INT2_IRQHandler            
00004563  DMA_INT3_IRQHandler            
00004563  DebugMon_Handler               
00004563  Default_Handler                
00001f7b  EUSCIA0_IRQHandler             
00001f7b  EUSCIA0_IRQHandler             
00004563  EUSCIA1_IRQHandler             
00004563  EUSCIA2_IRQHandler             
00004563  EUSCIA3_IRQHandler             
00004563  EUSCIB0_IRQHandler             
00004563  EUSCIB1_IRQHandler             
00004563  EUSCIB2_IRQHandler             
00004563  EUSCIB3_IRQHandler             
00004563  FLCTL_IRQHandler               
00004563  FPU_IRQHandler                 
00002cef  HOSTclock                      
00002cb7  HOSTclose                      
00002c79  HOSTgetenv                     
00002c1d  HOSTlseek                      
00002bcb  HOSTopen                       
00002b7f  HOSTread                       
00002b21  HOSTrename                     
00002ae7  HOSTtime                       
00002a99  HOSTtime64                     
00002a61  HOSTunlink                     
00002a15  HOSTwrite                      
00004563  HardFault_Handler              
00004563  MemManage_Handler              
00004563  NMI_Handler                    
00004563  PCM_IRQHandler                 
00004563  PORT1_IRQHandler               
00004563  PORT2_IRQHandler               
00004563  PORT3_IRQHandler               
00004563  PORT4_IRQHandler               
00004563  PORT5_IRQHandler               
00004563  PORT6_IRQHandler               
00004563  PSS_IRQHandler                 
00004563  PendSV_Handler                 
00004563  RTC_C_IRQHandler               
00004557  Reset_Handler                  
UNDEFED   SHT$$INIT_ARRAY$$Base          
UNDEFED   SHT$$INIT_ARRAY$$Limit         
00004563  SVC_Handler                    
00004563  SysTick_Handler                
20000680  SystemCoreClock                
000026e9  SystemCoreClockUpdate          
0000295d  SystemInit                     
00004563  T32_INT1_IRQHandler            
00004563  T32_INT2_IRQHandler            
00004563  T32_INTC_IRQHandler            
00004563  TA0_0_IRQHandler               
00004563  TA0_N_IRQHandler               
00001f1d  TA1_0_IRQHandler               
00001f1d  TA1_0_IRQHandler               
00004563  TA1_N_IRQHandler               
00004563  TA2_0_IRQHandler               
00004563  TA2_N_IRQHandler               
00004563  TA3_0_IRQHandler               
00004563  TA3_N_IRQHandler               
00004563  UsageFault_Handler             
4000480c  WDTCTL_SYM                     
00004563  WDT_A_IRQHandler               
2000066c  _321Down                       
20000656  _321Up                         
20000662  _BoxDown                       
20000667  _BoxUp                         
2000065c  _DiamondDown                   
20000670  _DiamondUp                     
20000640  _GentleDown                    
2000068a  _GentleUp                      
20000648  _LineDown                      
20000684  _LineUp                        
2000064f  _TriDown                       
20000687  _TriUp                         
2000068c  __CIOBUF_                      
20010000  __STACK_END                    
00000200  __STACK_SIZE                   
00000400  __SYSMEM_SIZE                  
00004768  __TI_CINIT_Base                
00004778  __TI_CINIT_Limit               
00004754  __TI_Handler_Table_Base        
00004760  __TI_Handler_Table_Limit       
00003fb9  __TI_auto_init                 
00003301  __TI_cleanup                   
20000620  __TI_cleanup_ptr               
00003d01  __TI_closefile                 
00004099  __TI_decompress_lzss           
00004549  __TI_decompress_none           
00003af1  __TI_doflush                   
20000624  __TI_dtors_ptr                 
20000628  __TI_enable_exit_profile_output
20000610  __TI_ft_end                    
ffffffff  __TI_pprof_out_hndl            
00000925  __TI_printfi                   
ffffffff  __TI_prof_data_size            
ffffffff  __TI_prof_data_start           
00003c1b  __TI_rd_ok                     
00004133  __TI_readmsg                   
00000000  __TI_static_base__             
200007ac  __TI_tmpnams                   
00004101  __TI_writemsg                  
00003bb9  __TI_wrt_ok                    
00004565  __TI_zero_init                 
00003e31  __aeabi_cdcmpeq                
00003e31  __aeabi_cdcmple                
00003eb7  __aeabi_cdrcmple               
000043c9  __aeabi_d2iz                   
00003407  __aeabi_dadd                   
000035b3  __aeabi_ddiv                   
0000381d  __aeabi_dmul                   
000033fd  __aeabi_dsub                   
00004447  __aeabi_i2d                    
00003f3d  __aeabi_memclr                 
00003f3d  __aeabi_memclr4                
00003f3d  __aeabi_memclr8                
00003c65  __aeabi_memcpy                 
00003c65  __aeabi_memcpy4                
00003c65  __aeabi_memcpy8                
00003f3f  __aeabi_memset                 
00003f3f  __aeabi_memset4                
00003f3f  __aeabi_memset8                
2000061c  __aeabi_stderr                 
20000614  __aeabi_stdin                  
20000618  __aeabi_stdout                 
00003045  __aeabi_uldivmod               
ffffffff  __binit__                      
ffffffff  __c_args__                     
0000121f  __mpu_init                     
2000fe00  __stack                        
000044b1  _args_main                     
00004289  _c_int00                       
00004574  _ctypes_                       
20000400  _ftable                        
20000638  _lock                          
00004507  _nop                           
000044ff  _register_lock                 
000044f9  _register_unlock               
20000000  _sys_memory                    
00003fb7  _system_post_cinit             
00004571  _system_pre_init               
2000063c  _unlock                        
000042e1  abort                          
00002f99  add_device                     
00004331  atoi                           
ffffffff  binit                          
000026b9  calloc                         
000020a5  clearInterrupt                 
00002f49  close                          
0000437d  copy_in                        
0000450d  copysign                       
0000450d  copysignl                      
200005c8  counterADC                     
200005cc  counterMOTOR                   
20000674  errno                          
000042e9  exit                           
00003d67  fclose                         
00003b3d  fflush                         
200005c4  firstRead                      
00003357  fopen                          
00003d99  fputc                          
000036e9  fputs                          
00002403  free                           
0000332d  freopen                        
000041cd  frexp                          
000041cd  frexpl                         
00004169  fseek                          
000020d1  getStatus                      
00000000  interruptVectors               
00003919  ldexp                          
00003919  ldexpl                         
00002f25  lseek                          
00004231  ltoa                           
00001225  main                           
2000067c  main_func_sp                   
00002399  malloc                         
000025cd  memalign                       
00004495  memccpy                        
00004475  memchr                         
00003c65  memcpy                         
00003f45  memset                         
00002319  minit                          
2000089c  motorDown                      
200005d4  motorOff                       
200005d0  motorOn                        
200008b0  motorUp                        
00002e77  open                           
200005e4  pauseDiff                      
00002109  printADC                       
000021b5  printCurrents                  
00001ebd  printDiffs                     
0000220d  printPositions                 
00004031  printf                         
00001ced  pulseMotorDown                 
00001c61  pulseScore                     
00003d99  putc                           
00003e1d  putchar                        
000037f5  puts                           
00002e53  read                           
200005c0  readFlag                       
000024c5  realloc                        
00002dc9  remove                         
00002e2b  remove_device                  
00002ded  rename                         
00003919  scalbn                         
00003919  scalbnl                        
00003a15  setvbuf                        
000044e1  strchr                         
000044c9  strcmp                         
00004521  strcpy                         
00004535  strlen                         
00004411  strncpy                        
200005e8  threshholds                    
200005dc  uartChar                       
00004678  uartConfig                     
200005d8  uartFlag                       
00002dc9  unlink                         
200005e0  waitRR                         
00002d39  write                          


GLOBAL SYMBOLS: SORTED BY Symbol Address 

address   name                           
-------   ----                           
00000000  __TI_static_base__             
00000000  interruptVectors               
00000200  __STACK_SIZE                   
00000400  __SYSMEM_SIZE                  
00000925  __TI_printfi                   
0000121f  __mpu_init                     
00001225  main                           
00001c61  pulseScore                     
00001ced  pulseMotorDown                 
00001ebd  printDiffs                     
00001f1d  TA1_0_IRQHandler               
00001f1d  TA1_0_IRQHandler               
00001f7b  EUSCIA0_IRQHandler             
00001f7b  EUSCIA0_IRQHandler             
00001ffd  ADC14_IRQHandler               
00001ffd  ADC14_IRQHandler               
000020a5  clearInterrupt                 
000020d1  getStatus                      
00002109  printADC                       
000021b5  printCurrents                  
0000220d  printPositions                 
00002319  minit                          
00002399  malloc                         
00002403  free                           
000024c5  realloc                        
000025cd  memalign                       
000026b9  calloc                         
000026e9  SystemCoreClockUpdate          
0000295d  SystemInit                     
00002a15  HOSTwrite                      
00002a61  HOSTunlink                     
00002a99  HOSTtime64                     
00002ae7  HOSTtime                       
00002b21  HOSTrename                     
00002b7f  HOSTread                       
00002bcb  HOSTopen                       
00002c1d  HOSTlseek                      
00002c79  HOSTgetenv                     
00002cb7  HOSTclose                      
00002cef  HOSTclock                      
00002d39  write                          
00002dc9  remove                         
00002dc9  unlink                         
00002ded  rename                         
00002e2b  remove_device                  
00002e53  read                           
00002e77  open                           
00002f25  lseek                          
00002f49  close                          
00002f99  add_device                     
00003045  __aeabi_uldivmod               
00003301  __TI_cleanup                   
0000332d  freopen                        
00003357  fopen                          
000033fd  __aeabi_dsub                   
00003407  __aeabi_dadd                   
000035b3  __aeabi_ddiv                   
000036e9  fputs                          
000037f5  puts                           
0000381d  __aeabi_dmul                   
00003919  ldexp                          
00003919  ldexpl                         
00003919  scalbn                         
00003919  scalbnl                        
00003a15  setvbuf                        
00003af1  __TI_doflush                   
00003b3d  fflush                         
00003bb9  __TI_wrt_ok                    
00003c1b  __TI_rd_ok                     
00003c65  __aeabi_memcpy                 
00003c65  __aeabi_memcpy4                
00003c65  __aeabi_memcpy8                
00003c65  memcpy                         
00003d01  __TI_closefile                 
00003d67  fclose                         
00003d99  fputc                          
00003d99  putc                           
00003e1d  putchar                        
00003e31  __aeabi_cdcmpeq                
00003e31  __aeabi_cdcmple                
00003eb7  __aeabi_cdrcmple               
00003f3d  __aeabi_memclr                 
00003f3d  __aeabi_memclr4                
00003f3d  __aeabi_memclr8                
00003f3f  __aeabi_memset                 
00003f3f  __aeabi_memset4                
00003f3f  __aeabi_memset8                
00003f45  memset                         
00003fb7  _system_post_cinit             
00003fb9  __TI_auto_init                 
00004031  printf                         
00004099  __TI_decompress_lzss           
00004101  __TI_writemsg                  
0000412f  C$$IO$$                        
00004133  __TI_readmsg                   
00004169  fseek                          
000041cd  frexp                          
000041cd  frexpl                         
00004231  ltoa                           
00004289  _c_int00                       
000042dd  C$$EXIT                        
000042e1  abort                          
000042e9  exit                           
00004331  atoi                           
0000437d  copy_in                        
000043c9  __aeabi_d2iz                   
00004411  strncpy                        
00004447  __aeabi_i2d                    
00004475  memchr                         
00004495  memccpy                        
000044b1  _args_main                     
000044c9  strcmp                         
000044e1  strchr                         
000044f9  _register_unlock               
000044ff  _register_lock                 
00004507  _nop                           
0000450d  copysign                       
0000450d  copysignl                      
00004521  strcpy                         
00004535  strlen                         
00004549  __TI_decompress_none           
00004557  Reset_Handler                  
00004563  AES256_IRQHandler              
00004563  BusFault_Handler               
00004563  COMP_E0_IRQHandler             
00004563  COMP_E1_IRQHandler             
00004563  CS_IRQHandler                  
00004563  DMA_ERR_IRQHandler             
00004563  DMA_INT0_IRQHandler            
00004563  DMA_INT1_IRQHandler            
00004563  DMA_INT2_IRQHandler            
00004563  DMA_INT3_IRQHandler            
00004563  DebugMon_Handler               
00004563  Default_Handler                
00004563  EUSCIA1_IRQHandler             
00004563  EUSCIA2_IRQHandler             
00004563  EUSCIA3_IRQHandler             
00004563  EUSCIB0_IRQHandler             
00004563  EUSCIB1_IRQHandler             
00004563  EUSCIB2_IRQHandler             
00004563  EUSCIB3_IRQHandler             
00004563  FLCTL_IRQHandler               
00004563  FPU_IRQHandler                 
00004563  HardFault_Handler              
00004563  MemManage_Handler              
00004563  NMI_Handler                    
00004563  PCM_IRQHandler                 
00004563  PORT1_IRQHandler               
00004563  PORT2_IRQHandler               
00004563  PORT3_IRQHandler               
00004563  PORT4_IRQHandler               
00004563  PORT5_IRQHandler               
00004563  PORT6_IRQHandler               
00004563  PSS_IRQHandler                 
00004563  PendSV_Handler                 
00004563  RTC_C_IRQHandler               
00004563  SVC_Handler                    
00004563  SysTick_Handler                
00004563  T32_INT1_IRQHandler            
00004563  T32_INT2_IRQHandler            
00004563  T32_INTC_IRQHandler            
00004563  TA0_0_IRQHandler               
00004563  TA0_N_IRQHandler               
00004563  TA1_N_IRQHandler               
00004563  TA2_0_IRQHandler               
00004563  TA2_N_IRQHandler               
00004563  TA3_0_IRQHandler               
00004563  TA3_N_IRQHandler               
00004563  UsageFault_Handler             
00004563  WDT_A_IRQHandler               
00004565  __TI_zero_init                 
00004571  _system_pre_init               
00004574  _ctypes_                       
00004678  uartConfig                     
00004754  __TI_Handler_Table_Base        
00004760  __TI_Handler_Table_Limit       
00004768  __TI_CINIT_Base                
00004778  __TI_CINIT_Limit               
20000000  _sys_memory                    
20000400  _ftable                        
200005c0  readFlag                       
200005c4  firstRead                      
200005c8  counterADC                     
200005cc  counterMOTOR                   
200005d0  motorOn                        
200005d4  motorOff                       
200005d8  uartFlag                       
200005dc  uartChar                       
200005e0  waitRR                         
200005e4  pauseDiff                      
200005e8  threshholds                    
20000610  __TI_ft_end                    
20000614  __aeabi_stdin                  
20000618  __aeabi_stdout                 
2000061c  __aeabi_stderr                 
20000620  __TI_cleanup_ptr               
20000624  __TI_dtors_ptr                 
20000628  __TI_enable_exit_profile_output
20000638  _lock                          
2000063c  _unlock                        
20000640  _GentleDown                    
20000648  _LineDown                      
2000064f  _TriDown                       
20000656  _321Up                         
2000065c  _DiamondDown                   
20000662  _BoxDown                       
20000667  _BoxUp                         
2000066c  _321Down                       
20000670  _DiamondUp                     
20000674  errno                          
2000067c  main_func_sp                   
20000680  SystemCoreClock                
20000684  _LineUp                        
20000687  _TriUp                         
2000068a  _GentleUp                      
2000068c  __CIOBUF_                      
200007ac  __TI_tmpnams                   
2000084c  BallIn                         
20000860  CupCurrent                     
20000874  CupPosition                    
20000888  CupPrevious                    
2000089c  motorDown                      
200008b0  motorUp                        
2000fe00  __stack                        
20010000  __STACK_END                    
4000480c  WDTCTL_SYM                     
ffffffff  __TI_pprof_out_hndl            
ffffffff  __TI_prof_data_size            
ffffffff  __TI_prof_data_start           
ffffffff  __binit__                      
ffffffff  __c_args__                     
ffffffff  binit                          
UNDEFED   SHT$$INIT_ARRAY$$Base          
UNDEFED   SHT$$INIT_ARRAY$$Limit         

[234 symbols]
