******************************************************************************
                  TI ARM Linker PC v16.9.0                     
******************************************************************************
>> Linked Mon Mar 06 17:20:19 2017

OUTPUT FILE NAME:   <MicroFinal.out>
ENTRY POINT SYMBOL: "_c_int00"  address: 00003965


MEMORY CONFIGURATION

         name            origin    length      used     unused   attr    fill
----------------------  --------  ---------  --------  --------  ----  --------
  MAIN                  00000000   00040000  00003de9  0003c217  R  X
  INFO                  00200000   00004000  00000000  00004000  R  X
  SRAM_CODE             01000000   00010000  00000a40  0000f5c0  RW X
  SRAM_DATA             20000000   00010000  00000a40  0000f5c0  RW  


SEGMENT ALLOCATION MAP

run origin  load origin   length   init length attrs members
----------  ----------- ---------- ----------- ----- -------
00000000    00000000    00003df0   00003df0    r-x
  00000000    00000000    000000e4   000000e4    r-- .intvecs
  000000e4    000000e4    00003b6c   00003b6c    r-x .text
  00003c50    00003c50    00000101   00000101    r-- .const
  00003d58    00003d58    00000098   00000098    r-- .cinit
20000000    20000000    00000840   00000000    rw-
  20000000    20000000    00000400   00000000    rw- .sysmem
  20000400    20000400    00000228   00000000    rw- .data
  20000628    20000628    00000218   00000000    rw- .bss
2000fe00    2000fe00    00000200   00000000    rw-
  2000fe00    2000fe00    00000200   00000000    rw- .stack


SECTION ALLOCATION MAP

 output                                  attributes/
section   page    origin      length       input sections
--------  ----  ----------  ----------   ----------------
.intvecs   0    00000000    000000e4     
                  00000000    000000e4     startup_msp432p401r_ccs.obj (.intvecs:retain)

.binit     0    00000000    00000000     

.text      0    000000e4    00003b6c     
                  000000e4    0000113a     rtsv7M4_T_le_v4SPD16_eabi.lib : _printfi.obj (.text)
                  0000121e    00000002                                   : mpu_init.obj (.text)
                  00001220    000007d4     main.obj (.text)
                  000019f4    000003d0     rtsv7M4_T_le_v4SPD16_eabi.lib : memory.obj (.text)
                  00001dc4    0000032c     system_msp432p401r.obj (.text)
                  000020f0    00000324     rtsv7M4_T_le_v4SPD16_eabi.lib : trgdrv.obj (.text)
                  00002414    0000030c                                   : lowlev.obj (.text)
                  00002720    000001f4                                   : ull_div_t2.obj (.text)
                  00002914    000001c4                                   : fopen.obj (.text)
                  00002ad8    000001b6                                   : fd_add_t2.obj (.text)
                  00002c8e    00000136                                   : fd_div_t2.obj (.text)
                  00002dc4    00000134                                   : fputs.obj (.text)
                  00002ef8    000000fc                                   : fd_mul_t2.obj (.text)
                  00002ff4    000000fc                                   : s_scalbn.obj (.text)
                  000030f0    000000dc                                   : setvbuf.obj (.text)
                  000031cc    000000c8                                   : fflush.obj (.text)
                  00003294    000000ac                                   : _io_perm.obj (.text)
                  00003340    0000009c                                   : memcpy_t2.obj (.text)
                  000033dc    00000098                                   : fclose.obj (.text)
                  00003474    00000098                                   : fputc.obj (.text)
                  0000350c    00000086                                   : fd_cmp_t2.obj (.text:__aeabi_cdcmple)
                  00003592    00000086                                   : fd_cmp_t2.obj (.text:__aeabi_cdrcmple)
                  00003618    0000007a                                   : memset_t2.obj (.text)
                  00003692    00000002                                   : startup.obj (.text)
                  00003694    00000070                                   : autoinit.obj (.text)
                  00003704    00000070                                   : printf.obj (.text)
                  00003774    00000068                                   : copy_decompress_lzss.obj (.text:decompress:lzss)
                  000037dc    00000068                                   : trgmsg.obj (.text)
                  00003844    00000064                                   : fseek.obj (.text)
                  000038a8    00000064                                   : s_frexp.obj (.text)
                  0000390c    00000056                                   : ltoa.obj (.text)
                  00003962    00000002     --HOLE-- [fill = 0]
                  00003964    00000054                                   : boot.obj (.text)
                  000039b8    00000054                                   : exit.obj (.text)
                  00003a0c    0000004c                                   : atoi.obj (.text)
                  00003a58    0000004c                                   : cpy_tbl.obj (.text)
                  00003aa4    00000048                                   : fd_toi_t2.obj (.text)
                  00003aec    00000036                                   : strncpy.obj (.text)
                  00003b22    0000002e                                   : i_tofd_t2.obj (.text)
                  00003b50    00000020                                   : memchr.obj (.text)
                  00003b70    0000001c                                   : memccpy.obj (.text)
                  00003b8c    00000018                                   : args_main.obj (.text)
                  00003ba4    00000018                                   : strcmp.obj (.text)
                  00003bbc    00000016                                   : strchr.obj (.text)
                  00003bd2    00000002     --HOLE-- [fill = 0]
                  00003bd4    00000014                                   : _lock.obj (.text)
                  00003be8    00000014                                   : s_copysign.obj (.text)
                  00003bfc    00000014                                   : strcpy.obj (.text)
                  00003c10    00000014                                   : strlen.obj (.text)
                  00003c24    0000000e                                   : copy_decompress_none.obj (.text:decompress:none)
                  00003c32    0000000e     startup_msp432p401r_ccs.obj (.text)
                  00003c40    0000000c     rtsv7M4_T_le_v4SPD16_eabi.lib : copy_zero_init.obj (.text:decompress:ZI)
                  00003c4c    00000004                                   : pre_init.obj (.text)

.const     0    00003c50    00000101     
                  00003c50    00000101     rtsv7M4_T_le_v4SPD16_eabi.lib : ctype.obj (.const:.string:_ctypes_)

.cinit     0    00003d58    00000098     
                  00003d58    00000074     (.cinit..data.load) [load image, compression = lzss]
                  00003dcc    0000000c     (__TI_handler_table)
                  00003dd8    00000008     (.cinit..bss.load) [load image, compression = zero_init]
                  00003de0    00000010     (__TI_cinit_table)

.init_array 
*          0    00000000    00000000     UNINITIALIZED

.sysmem    0    20000000    00000400     UNINITIALIZED
                  20000000    00000008     rtsv7M4_T_le_v4SPD16_eabi.lib : memory.obj (.sysmem)
                  20000008    000003f8     --HOLE--

.data      0    20000400    00000228     UNINITIALIZED
                  20000400    000000f0     rtsv7M4_T_le_v4SPD16_eabi.lib : defs.obj (.data:_ftable)
                  200004f0    000000d0                                   : lowlev.obj (.data:$O1$$)
                  200005c0    00000028     main.obj (.data)
                  200005e8    00000010     rtsv7M4_T_le_v4SPD16_eabi.lib : defs.obj (.data)
                  200005f8    0000000c                                   : exit.obj (.data:$O1$$)
                  20000604    0000000c                                   : memory.obj (.data:$O1$$)
                  20000610    00000008                                   : _lock.obj (.data:$O1$$)
                  20000618    00000004                                   : errno.obj (.data)
                  2000061c    00000004                                   : fopen.obj (.data)
                  20000620    00000004                                   : stkdepth_vars.obj (.data)
                  20000624    00000004     system_msp432p401r.obj (.data)

.bss       0    20000628    00000218     UNINITIALIZED
                  20000628    00000120     rtsv7M4_T_le_v4SPD16_eabi.lib : trgmsg.obj (.bss:_CIOBUF_)
                  20000748    000000a0     (.common:__TI_tmpnams)
                  200007e8    00000014     (.common:BallIn)
                  200007fc    00000014     (.common:CupCurrent)
                  20000810    00000014     (.common:CupPosition)
                  20000824    00000014     (.common:CupPrevious)
                  20000838    00000008                                   : trgdrv.obj (.bss:parmbuf)

.stack     0    2000fe00    00000200     UNINITIALIZED
                  2000fe00    00000200     --HOLE--

MODULE SUMMARY

       Module                        code    ro data   rw data
       ------                        ----    -------   -------
    .\
       main.obj                      2004    0         240    
       system_msp432p401r.obj        812     0         8      
       startup_msp432p401r_ccs.obj   14      228       0      
    +--+-----------------------------+-------+---------+---------+
       Total:                        2830    228       248    
                                                              
    C:\ti\ccsv7\tools\compiler\ti-cgt-arm_16.9.0.LTS\lib\rtsv7M4_T_le_v4SPD16_eabi.lib
       _printfi.obj                  4410    0         0      
       lowlev.obj                    780     0         416    
       memory.obj                    976     0         24     
       defs.obj                      0       0         832    
       trgdrv.obj                    804     0         16     
       trgmsg.obj                    104     0         576    
       ull_div_t2.obj                500     0         0      
       fopen.obj                     452     0         8      
       fd_add_t2.obj                 438     0         0      
       fd_div_t2.obj                 310     0         0      
       fputs.obj                     308     0         0      
       fd_cmp_t2.obj                 268     0         0      
       ctype.obj                     0       257       0      
       fd_mul_t2.obj                 252     0         0      
       s_scalbn.obj                  252     0         0      
       setvbuf.obj                   220     0         0      
       fflush.obj                    200     0         0      
       _io_perm.obj                  172     0         0      
       memcpy_t2.obj                 156     0         0      
       fclose.obj                    152     0         0      
       fputc.obj                     152     0         0      
       memset_t2.obj                 122     0         0      
       autoinit.obj                  112     0         0      
       printf.obj                    112     0         0      
       exit.obj                      84      0         24     
       copy_decompress_lzss.obj      104     0         0      
       fseek.obj                     100     0         0      
       s_frexp.obj                   100     0         0      
       ltoa.obj                      86      0         0      
       boot.obj                      84      0         0      
       atoi.obj                      76      0         0      
       cpy_tbl.obj                   76      0         0      
       fd_toi_t2.obj                 72      0         0      
       strncpy.obj                   54      0         0      
       i_tofd_t2.obj                 46      0         0      
       _lock.obj                     20      0         16     
       memchr.obj                    32      0         0      
       memccpy.obj                   28      0         0      
       args_main.obj                 24      0         0      
       strcmp.obj                    24      0         0      
       strchr.obj                    22      0         0      
       s_copysign.obj                20      0         0      
       strcpy.obj                    20      0         0      
       strlen.obj                    20      0         0      
       copy_decompress_none.obj      14      0         0      
       copy_zero_init.obj            12      0         0      
       errno.obj                     0       0         8      
       stkdepth_vars.obj             0       0         8      
       pre_init.obj                  4       0         0      
       mpu_init.obj                  2       0         0      
       startup.obj                   2       0         0      
    +--+-----------------------------+-------+---------+---------+
       Total:                        12378   257       1928   
                                                              
       Heap:                         0       0         2048   
       Stack:                        0       0         1024   
       Linker Generated:             0       152       0      
    +--+-----------------------------+-------+---------+---------+
       Grand Total:                  15208   637       5248   


LINKER GENERATED COPY TABLES

__TI_cinit_table @ 00003de0 records: 2, size/record: 8, table size: 16
	.data: load addr=00003d58, load size=00000074 bytes, run addr=20000400, run size=00000228 bytes, compression=lzss
	.bss: load addr=00003dd8, load size=00000008 bytes, run addr=20000628, run size=00000218 bytes, compression=zero_init


LINKER GENERATED HANDLER TABLE

__TI_handler_table @ 00003dcc records: 3, size/record: 4, table size: 12
	index: 0, handler: __TI_decompress_lzss
	index: 1, handler: __TI_decompress_none
	index: 2, handler: __TI_zero_init


GLOBAL SYMBOLS: SORTED ALPHABETICALLY BY Name 

address   name                           
-------   ----                           
00001771  ADC14_IRQHandler               
00001771  ADC14_IRQHandler               
00003c3f  AES256_IRQHandler              
200007e8  BallIn                         
00003c3f  BusFault_Handler               
000039b9  C$$EXIT                        
0000380b  C$$IO$$                        
00003c3f  COMP_E0_IRQHandler             
00003c3f  COMP_E1_IRQHandler             
00003c3f  CS_IRQHandler                  
200007fc  CupCurrent                     
20000810  CupPosition                    
20000824  CupPrevious                    
00003c3f  DMA_ERR_IRQHandler             
00003c3f  DMA_INT0_IRQHandler            
00003c3f  DMA_INT1_IRQHandler            
00003c3f  DMA_INT2_IRQHandler            
00003c3f  DMA_INT3_IRQHandler            
00003c3f  DebugMon_Handler               
00003c3f  Default_Handler                
00003c3f  EUSCIA0_IRQHandler             
00003c3f  EUSCIA1_IRQHandler             
00003c3f  EUSCIA2_IRQHandler             
00003c3f  EUSCIA3_IRQHandler             
00003c3f  EUSCIB0_IRQHandler             
00003c3f  EUSCIB1_IRQHandler             
00003c3f  EUSCIB2_IRQHandler             
00003c3f  EUSCIB3_IRQHandler             
00003c3f  FLCTL_IRQHandler               
00003c3f  FPU_IRQHandler                 
000023cb  HOSTclock                      
00002393  HOSTclose                      
00002355  HOSTgetenv                     
000022f9  HOSTlseek                      
000022a7  HOSTopen                       
0000225b  HOSTread                       
000021fd  HOSTrename                     
000021c3  HOSTtime                       
00002175  HOSTtime64                     
0000213d  HOSTunlink                     
000020f1  HOSTwrite                      
00003c3f  HardFault_Handler              
00003c3f  MemManage_Handler              
00003c3f  NMI_Handler                    
00003c3f  PCM_IRQHandler                 
00003c3f  PORT1_IRQHandler               
00003c3f  PORT2_IRQHandler               
00003c3f  PORT3_IRQHandler               
00003c3f  PORT4_IRQHandler               
00003c3f  PORT5_IRQHandler               
00003c3f  PORT6_IRQHandler               
00003c3f  PSS_IRQHandler                 
00003c3f  PendSV_Handler                 
00003c3f  RTC_C_IRQHandler               
00003c33  Reset_Handler                  
UNDEFED   SHT$$INIT_ARRAY$$Base          
UNDEFED   SHT$$INIT_ARRAY$$Limit         
00003c3f  SVC_Handler                    
00003c3f  SysTick_Handler                
20000624  SystemCoreClock                
00001dc5  SystemCoreClockUpdate          
00002039  SystemInit                     
00003c3f  T32_INT1_IRQHandler            
00003c3f  T32_INT2_IRQHandler            
00003c3f  T32_INTC_IRQHandler            
000016c7  TA0_0_IRQHandler               
000016c7  TA0_0_IRQHandler               
00003c3f  TA0_N_IRQHandler               
000016db  TA1_0_IRQHandler               
000016db  TA1_0_IRQHandler               
00003c3f  TA1_N_IRQHandler               
00003c3f  TA2_0_IRQHandler               
00003c3f  TA2_N_IRQHandler               
00003c3f  TA3_0_IRQHandler               
00003c3f  TA3_N_IRQHandler               
00003c3f  UsageFault_Handler             
4000480c  WDTCTL_SYM                     
00003c3f  WDT_A_IRQHandler               
20000628  __CIOBUF_                      
20010000  __STACK_END                    
00000200  __STACK_SIZE                   
00000400  __SYSMEM_SIZE                  
00003de0  __TI_CINIT_Base                
00003df0  __TI_CINIT_Limit               
00003dcc  __TI_Handler_Table_Base        
00003dd8  __TI_Handler_Table_Limit       
00003695  __TI_auto_init                 
000029dd  __TI_cleanup                   
200005f8  __TI_cleanup_ptr               
000033dd  __TI_closefile                 
00003775  __TI_decompress_lzss           
00003c25  __TI_decompress_none           
000031cd  __TI_doflush                   
200005fc  __TI_dtors_ptr                 
20000600  __TI_enable_exit_profile_output
200005e8  __TI_ft_end                    
ffffffff  __TI_pprof_out_hndl            
00000925  __TI_printfi                   
ffffffff  __TI_prof_data_size            
ffffffff  __TI_prof_data_start           
000032f7  __TI_rd_ok                     
0000380f  __TI_readmsg                   
00000000  __TI_static_base__             
20000748  __TI_tmpnams                   
000037dd  __TI_writemsg                  
00003295  __TI_wrt_ok                    
00003c41  __TI_zero_init                 
0000350d  __aeabi_cdcmpeq                
0000350d  __aeabi_cdcmple                
00003593  __aeabi_cdrcmple               
00003aa5  __aeabi_d2iz                   
00002ae3  __aeabi_dadd                   
00002c8f  __aeabi_ddiv                   
00002ef9  __aeabi_dmul                   
00002ad9  __aeabi_dsub                   
00003b23  __aeabi_i2d                    
00003619  __aeabi_memclr                 
00003619  __aeabi_memclr4                
00003619  __aeabi_memclr8                
00003341  __aeabi_memcpy                 
00003341  __aeabi_memcpy4                
00003341  __aeabi_memcpy8                
0000361b  __aeabi_memset                 
0000361b  __aeabi_memset4                
0000361b  __aeabi_memset8                
200005f4  __aeabi_stderr                 
200005ec  __aeabi_stdin                  
200005f0  __aeabi_stdout                 
00002721  __aeabi_uldivmod               
ffffffff  __binit__                      
ffffffff  __c_args__                     
0000121f  __mpu_init                     
2000fe00  __stack                        
00003b8d  _args_main                     
00003965  _c_int00                       
00003c50  _ctypes_                       
20000400  _ftable                        
20000610  _lock                          
00003be3  _nop                           
00003bdb  _register_lock                 
00003bd5  _register_unlock               
20000000  _sys_memory                    
00003693  _system_post_cinit             
00003c4d  _system_pre_init               
20000614  _unlock                        
000039bd  abort                          
00002675  add_device                     
00003a0d  atoi                           
ffffffff  binit                          
00001d95  calloc                         
00001811  clearInterrupt                 
00002625  close                          
00003a59  copy_in                        
00003be9  copysign                       
00003be9  copysignl                      
200005cc  counterADC                     
200005d0  counterMOTOR                   
20000618  errno                          
000039c5  exit                           
00003443  fclose                         
00003219  fflush                         
200005c4  firstRead                      
00002a33  fopen                          
00003475  fputc                          
00002dc5  fputs                          
00001adf  free                           
00002a09  freopen                        
000038a9  frexp                          
000038a9  frexpl                         
00003845  fseek                          
0000183d  getStatus                      
200005c8  hehe                           
00000000  interruptVectors               
00002ff5  ldexp                          
00002ff5  ldexpl                         
00002601  lseek                          
0000390d  ltoa                           
00001225  main                           
20000620  main_func_sp                   
00001a75  malloc                         
00001ca9  memalign                       
00003b71  memccpy                        
00003b51  memchr                         
00003341  memcpy                         
00003621  memset                         
000019f5  minit                          
200005e4  motorOff                       
200005e0  motorOn                        
00002553  open                           
00001871  printADC                       
000018e5  printCurrents                  
00001475  printDiffs                     
0000370d  printf                         
0000146b  pulseMotorDown                 
00003475  putc                           
000034f9  putchar                        
00002ed1  puts                           
200005d8  pwm                            
0000252f  read                           
200005c0  readFlag                       
00001ba1  realloc                        
000024a5  remove                         
00002507  remove_device                  
000024c9  rename                         
00002ff5  scalbn                         
00002ff5  scalbnl                        
000014dd  setMotorDown                   
00001605  setMotorUp                     
000030f1  setvbuf                        
200005dc  startMotor                     
200005d4  startPWM                       
00003bbd  strchr                         
00003ba5  strcmp                         
00003bfd  strcpy                         
00003c11  strlen                         
00003aed  strncpy                        
000024a5  unlink                         
00002415  write                          


GLOBAL SYMBOLS: SORTED BY Symbol Address 

address   name                           
-------   ----                           
00000000  __TI_static_base__             
00000000  interruptVectors               
00000200  __STACK_SIZE                   
00000400  __SYSMEM_SIZE                  
00000925  __TI_printfi                   
0000121f  __mpu_init                     
00001225  main                           
0000146b  pulseMotorDown                 
00001475  printDiffs                     
000014dd  setMotorDown                   
00001605  setMotorUp                     
000016c7  TA0_0_IRQHandler               
000016c7  TA0_0_IRQHandler               
000016db  TA1_0_IRQHandler               
000016db  TA1_0_IRQHandler               
00001771  ADC14_IRQHandler               
00001771  ADC14_IRQHandler               
00001811  clearInterrupt                 
0000183d  getStatus                      
00001871  printADC                       
000018e5  printCurrents                  
000019f5  minit                          
00001a75  malloc                         
00001adf  free                           
00001ba1  realloc                        
00001ca9  memalign                       
00001d95  calloc                         
00001dc5  SystemCoreClockUpdate          
00002039  SystemInit                     
000020f1  HOSTwrite                      
0000213d  HOSTunlink                     
00002175  HOSTtime64                     
000021c3  HOSTtime                       
000021fd  HOSTrename                     
0000225b  HOSTread                       
000022a7  HOSTopen                       
000022f9  HOSTlseek                      
00002355  HOSTgetenv                     
00002393  HOSTclose                      
000023cb  HOSTclock                      
00002415  write                          
000024a5  remove                         
000024a5  unlink                         
000024c9  rename                         
00002507  remove_device                  
0000252f  read                           
00002553  open                           
00002601  lseek                          
00002625  close                          
00002675  add_device                     
00002721  __aeabi_uldivmod               
000029dd  __TI_cleanup                   
00002a09  freopen                        
00002a33  fopen                          
00002ad9  __aeabi_dsub                   
00002ae3  __aeabi_dadd                   
00002c8f  __aeabi_ddiv                   
00002dc5  fputs                          
00002ed1  puts                           
00002ef9  __aeabi_dmul                   
00002ff5  ldexp                          
00002ff5  ldexpl                         
00002ff5  scalbn                         
00002ff5  scalbnl                        
000030f1  setvbuf                        
000031cd  __TI_doflush                   
00003219  fflush                         
00003295  __TI_wrt_ok                    
000032f7  __TI_rd_ok                     
00003341  __aeabi_memcpy                 
00003341  __aeabi_memcpy4                
00003341  __aeabi_memcpy8                
00003341  memcpy                         
000033dd  __TI_closefile                 
00003443  fclose                         
00003475  fputc                          
00003475  putc                           
000034f9  putchar                        
0000350d  __aeabi_cdcmpeq                
0000350d  __aeabi_cdcmple                
00003593  __aeabi_cdrcmple               
00003619  __aeabi_memclr                 
00003619  __aeabi_memclr4                
00003619  __aeabi_memclr8                
0000361b  __aeabi_memset                 
0000361b  __aeabi_memset4                
0000361b  __aeabi_memset8                
00003621  memset                         
00003693  _system_post_cinit             
00003695  __TI_auto_init                 
0000370d  printf                         
00003775  __TI_decompress_lzss           
000037dd  __TI_writemsg                  
0000380b  C$$IO$$                        
0000380f  __TI_readmsg                   
00003845  fseek                          
000038a9  frexp                          
000038a9  frexpl                         
0000390d  ltoa                           
00003965  _c_int00                       
000039b9  C$$EXIT                        
000039bd  abort                          
000039c5  exit                           
00003a0d  atoi                           
00003a59  copy_in                        
00003aa5  __aeabi_d2iz                   
00003aed  strncpy                        
00003b23  __aeabi_i2d                    
00003b51  memchr                         
00003b71  memccpy                        
00003b8d  _args_main                     
00003ba5  strcmp                         
00003bbd  strchr                         
00003bd5  _register_unlock               
00003bdb  _register_lock                 
00003be3  _nop                           
00003be9  copysign                       
00003be9  copysignl                      
00003bfd  strcpy                         
00003c11  strlen                         
00003c25  __TI_decompress_none           
00003c33  Reset_Handler                  
00003c3f  AES256_IRQHandler              
00003c3f  BusFault_Handler               
00003c3f  COMP_E0_IRQHandler             
00003c3f  COMP_E1_IRQHandler             
00003c3f  CS_IRQHandler                  
00003c3f  DMA_ERR_IRQHandler             
00003c3f  DMA_INT0_IRQHandler            
00003c3f  DMA_INT1_IRQHandler            
00003c3f  DMA_INT2_IRQHandler            
00003c3f  DMA_INT3_IRQHandler            
00003c3f  DebugMon_Handler               
00003c3f  Default_Handler                
00003c3f  EUSCIA0_IRQHandler             
00003c3f  EUSCIA1_IRQHandler             
00003c3f  EUSCIA2_IRQHandler             
00003c3f  EUSCIA3_IRQHandler             
00003c3f  EUSCIB0_IRQHandler             
00003c3f  EUSCIB1_IRQHandler             
00003c3f  EUSCIB2_IRQHandler             
00003c3f  EUSCIB3_IRQHandler             
00003c3f  FLCTL_IRQHandler               
00003c3f  FPU_IRQHandler                 
00003c3f  HardFault_Handler              
00003c3f  MemManage_Handler              
00003c3f  NMI_Handler                    
00003c3f  PCM_IRQHandler                 
00003c3f  PORT1_IRQHandler               
00003c3f  PORT2_IRQHandler               
00003c3f  PORT3_IRQHandler               
00003c3f  PORT4_IRQHandler               
00003c3f  PORT5_IRQHandler               
00003c3f  PORT6_IRQHandler               
00003c3f  PSS_IRQHandler                 
00003c3f  PendSV_Handler                 
00003c3f  RTC_C_IRQHandler               
00003c3f  SVC_Handler                    
00003c3f  SysTick_Handler                
00003c3f  T32_INT1_IRQHandler            
00003c3f  T32_INT2_IRQHandler            
00003c3f  T32_INTC_IRQHandler            
00003c3f  TA0_N_IRQHandler               
00003c3f  TA1_N_IRQHandler               
00003c3f  TA2_0_IRQHandler               
00003c3f  TA2_N_IRQHandler               
00003c3f  TA3_0_IRQHandler               
00003c3f  TA3_N_IRQHandler               
00003c3f  UsageFault_Handler             
00003c3f  WDT_A_IRQHandler               
00003c41  __TI_zero_init                 
00003c4d  _system_pre_init               
00003c50  _ctypes_                       
00003dcc  __TI_Handler_Table_Base        
00003dd8  __TI_Handler_Table_Limit       
00003de0  __TI_CINIT_Base                
00003df0  __TI_CINIT_Limit               
20000000  _sys_memory                    
20000400  _ftable                        
200005c0  readFlag                       
200005c4  firstRead                      
200005c8  hehe                           
200005cc  counterADC                     
200005d0  counterMOTOR                   
200005d4  startPWM                       
200005d8  pwm                            
200005dc  startMotor                     
200005e0  motorOn                        
200005e4  motorOff                       
200005e8  __TI_ft_end                    
200005ec  __aeabi_stdin                  
200005f0  __aeabi_stdout                 
200005f4  __aeabi_stderr                 
200005f8  __TI_cleanup_ptr               
200005fc  __TI_dtors_ptr                 
20000600  __TI_enable_exit_profile_output
20000610  _lock                          
20000614  _unlock                        
20000618  errno                          
20000620  main_func_sp                   
20000624  SystemCoreClock                
20000628  __CIOBUF_                      
20000748  __TI_tmpnams                   
200007e8  BallIn                         
200007fc  CupCurrent                     
20000810  CupPosition                    
20000824  CupPrevious                    
2000fe00  __stack                        
20010000  __STACK_END                    
4000480c  WDTCTL_SYM                     
ffffffff  __TI_pprof_out_hndl            
ffffffff  __TI_prof_data_size            
ffffffff  __TI_prof_data_start           
ffffffff  __binit__                      
ffffffff  __c_args__                     
ffffffff  binit                          
UNDEFED   SHT$$INIT_ARRAY$$Base          
UNDEFED   SHT$$INIT_ARRAY$$Limit         

[218 symbols]
