******************************************************************************
                  TI ARM Linker PC v16.9.0                     
******************************************************************************
>> Linked Mon Feb 13 22:42:31 2017

OUTPUT FILE NAME:   <MicroFinal.out>
ENTRY POINT SYMBOL: "_c_int00"  address: 000037a9


MEMORY CONFIGURATION

         name            origin    length      used     unused   attr    fill
----------------------  --------  ---------  --------  --------  ----  --------
  MAIN                  00000000   00040000  00003c2d  0003c3d3  R  X
  INFO                  00200000   00004000  00000000  00004000  R  X
  SRAM_CODE             01000000   00010000  00000a28  0000f5d8  RW X
  SRAM_DATA             20000000   00010000  00000a28  0000f5d8  RW  


SEGMENT ALLOCATION MAP

run origin  load origin   length   init length attrs members
----------  ----------- ---------- ----------- ----- -------
00000000    00000000    00003c30   00003c30    r-x
  00000000    00000000    000000e4   000000e4    r-- .intvecs
  000000e4    000000e4    000039b0   000039b0    r-x .text
  00003a94    00003a94    00000101   00000101    r-- .const
  00003b98    00003b98    00000098   00000098    r-- .cinit
20000000    20000000    00000828   00000000    rw-
  20000000    20000000    00000400   00000000    rw- .sysmem
  20000400    20000400    00000218   00000000    rw- .bss
  20000618    20000618    00000210   00000000    rw- .data
2000fe00    2000fe00    00000200   00000000    rw-
  2000fe00    2000fe00    00000200   00000000    rw- .stack


SECTION ALLOCATION MAP

 output                                  attributes/
section   page    origin      length       input sections
--------  ----  ----------  ----------   ----------------
.intvecs   0    00000000    000000e4     
                  00000000    000000e4     startup_msp432p401r_ccs.obj (.intvecs:retain)

.binit     0    00000000    00000000     

.text      0    000000e4    000039b0     
                  000000e4    0000113a     rtsv7M4_T_le_v4SPD16_eabi.lib : _printfi.obj (.text)
                  0000121e    00000002                                   : mpu_init.obj (.text)
                  00001220    00000618     main.obj (.text)
                  00001838    000003d0     rtsv7M4_T_le_v4SPD16_eabi.lib : memory.obj (.text)
                  00001c08    0000032c     system_msp432p401r.obj (.text)
                  00001f34    00000324     rtsv7M4_T_le_v4SPD16_eabi.lib : trgdrv.obj (.text)
                  00002258    0000030c                                   : lowlev.obj (.text)
                  00002564    000001f4                                   : ull_div_t2.obj (.text)
                  00002758    000001c4                                   : fopen.obj (.text)
                  0000291c    000001b6                                   : fd_add_t2.obj (.text)
                  00002ad2    00000136                                   : fd_div_t2.obj (.text)
                  00002c08    00000134                                   : fputs.obj (.text)
                  00002d3c    000000fc                                   : fd_mul_t2.obj (.text)
                  00002e38    000000fc                                   : s_scalbn.obj (.text)
                  00002f34    000000dc                                   : setvbuf.obj (.text)
                  00003010    000000c8                                   : fflush.obj (.text)
                  000030d8    000000ac                                   : _io_perm.obj (.text)
                  00003184    0000009c                                   : memcpy_t2.obj (.text)
                  00003220    00000098                                   : fclose.obj (.text)
                  000032b8    00000098                                   : fputc.obj (.text)
                  00003350    00000086                                   : fd_cmp_t2.obj (.text:__aeabi_cdcmple)
                  000033d6    00000086                                   : fd_cmp_t2.obj (.text:__aeabi_cdrcmple)
                  0000345c    0000007a                                   : memset_t2.obj (.text)
                  000034d6    00000002                                   : startup.obj (.text)
                  000034d8    00000070                                   : autoinit.obj (.text)
                  00003548    00000070                                   : printf.obj (.text)
                  000035b8    00000068                                   : copy_decompress_lzss.obj (.text:decompress:lzss)
                  00003620    00000068                                   : trgmsg.obj (.text)
                  00003688    00000064                                   : fseek.obj (.text)
                  000036ec    00000064                                   : s_frexp.obj (.text)
                  00003750    00000056                                   : ltoa.obj (.text)
                  000037a6    00000002     --HOLE-- [fill = 0]
                  000037a8    00000054                                   : boot.obj (.text)
                  000037fc    00000054                                   : exit.obj (.text)
                  00003850    0000004c                                   : atoi.obj (.text)
                  0000389c    0000004c                                   : cpy_tbl.obj (.text)
                  000038e8    00000048                                   : fd_toi_t2.obj (.text)
                  00003930    00000036                                   : strncpy.obj (.text)
                  00003966    0000002e                                   : i_tofd_t2.obj (.text)
                  00003994    00000020                                   : memchr.obj (.text)
                  000039b4    0000001c                                   : memccpy.obj (.text)
                  000039d0    00000018                                   : args_main.obj (.text)
                  000039e8    00000018                                   : strcmp.obj (.text)
                  00003a00    00000016                                   : strchr.obj (.text)
                  00003a16    00000002     --HOLE-- [fill = 0]
                  00003a18    00000014                                   : _lock.obj (.text)
                  00003a2c    00000014                                   : s_copysign.obj (.text)
                  00003a40    00000014                                   : strcpy.obj (.text)
                  00003a54    00000014                                   : strlen.obj (.text)
                  00003a68    0000000e                                   : copy_decompress_none.obj (.text:decompress:none)
                  00003a76    0000000e     startup_msp432p401r_ccs.obj (.text)
                  00003a84    0000000c     rtsv7M4_T_le_v4SPD16_eabi.lib : copy_zero_init.obj (.text:decompress:ZI)
                  00003a90    00000004                                   : pre_init.obj (.text)

.const     0    00003a94    00000101     
                  00003a94    00000101     rtsv7M4_T_le_v4SPD16_eabi.lib : ctype.obj (.const:.string:_ctypes_)

.cinit     0    00003b98    00000098     
                  00003b98    00000072     (.cinit..data.load) [load image, compression = lzss]
                  00003c0a    00000002     --HOLE-- [fill = 0]
                  00003c0c    0000000c     (__TI_handler_table)
                  00003c18    00000008     (.cinit..bss.load) [load image, compression = zero_init]
                  00003c20    00000010     (__TI_cinit_table)

.init_array 
*          0    00000000    00000000     UNINITIALIZED

.sysmem    0    20000000    00000400     UNINITIALIZED
                  20000000    00000008     rtsv7M4_T_le_v4SPD16_eabi.lib : memory.obj (.sysmem)
                  20000008    000003f8     --HOLE--

.bss       0    20000400    00000218     UNINITIALIZED
                  20000400    00000120     rtsv7M4_T_le_v4SPD16_eabi.lib : trgmsg.obj (.bss:_CIOBUF_)
                  20000520    000000a0     (.common:__TI_tmpnams)
                  200005c0    00000014     (.common:BallIn)
                  200005d4    00000014     (.common:CupCurrent)
                  200005e8    00000014     (.common:CupPosition)
                  200005fc    00000014     (.common:CupPrevious)
                  20000610    00000008                                   : trgdrv.obj (.bss:parmbuf)

.data      0    20000618    00000210     UNINITIALIZED
                  20000618    000000f0     rtsv7M4_T_le_v4SPD16_eabi.lib : defs.obj (.data:_ftable)
                  20000708    000000d0                                   : lowlev.obj (.data:$O1$$)
                  200007d8    00000010     main.obj (.data)
                  200007e8    00000010     rtsv7M4_T_le_v4SPD16_eabi.lib : defs.obj (.data)
                  200007f8    0000000c                                   : exit.obj (.data:$O1$$)
                  20000804    0000000c                                   : memory.obj (.data:$O1$$)
                  20000810    00000008                                   : _lock.obj (.data:$O1$$)
                  20000818    00000004                                   : errno.obj (.data)
                  2000081c    00000004                                   : fopen.obj (.data)
                  20000820    00000004                                   : stkdepth_vars.obj (.data)
                  20000824    00000004     system_msp432p401r.obj (.data)

.stack     0    2000fe00    00000200     UNINITIALIZED
                  2000fe00    00000200     --HOLE--

MODULE SUMMARY

       Module                        code    ro data   rw data
       ------                        ----    -------   -------
    .\
       main.obj                      1560    0         192    
       system_msp432p401r.obj        812     0         8      
       startup_msp432p401r_ccs.obj   14      228       0      
    +--+-----------------------------+-------+---------+---------+
       Total:                        2386    228       200    
                                                              
    C:\ti\ccsv7\tools\compiler\ti-cgt-arm_16.9.0.LTS\lib\rtsv7M4_T_le_v4SPD16_eabi.lib
       _printfi.obj                  4410    0         0      
       lowlev.obj                    780     0         416    
       memory.obj                    976     0         24     
       defs.obj                      0       0         832    
       trgdrv.obj                    804     0         16     
       trgmsg.obj                    104     0         576    
       ull_div_t2.obj                500     0         0      
       fopen.obj                     452     0         8      
       fd_add_t2.obj                 438     0         0      
       fd_div_t2.obj                 310     0         0      
       fputs.obj                     308     0         0      
       fd_cmp_t2.obj                 268     0         0      
       ctype.obj                     0       257       0      
       fd_mul_t2.obj                 252     0         0      
       s_scalbn.obj                  252     0         0      
       setvbuf.obj                   220     0         0      
       fflush.obj                    200     0         0      
       _io_perm.obj                  172     0         0      
       memcpy_t2.obj                 156     0         0      
       fclose.obj                    152     0         0      
       fputc.obj                     152     0         0      
       memset_t2.obj                 122     0         0      
       autoinit.obj                  112     0         0      
       printf.obj                    112     0         0      
       exit.obj                      84      0         24     
       copy_decompress_lzss.obj      104     0         0      
       fseek.obj                     100     0         0      
       s_frexp.obj                   100     0         0      
       ltoa.obj                      86      0         0      
       boot.obj                      84      0         0      
       atoi.obj                      76      0         0      
       cpy_tbl.obj                   76      0         0      
       fd_toi_t2.obj                 72      0         0      
       strncpy.obj                   54      0         0      
       i_tofd_t2.obj                 46      0         0      
       _lock.obj                     20      0         16     
       memchr.obj                    32      0         0      
       memccpy.obj                   28      0         0      
       args_main.obj                 24      0         0      
       strcmp.obj                    24      0         0      
       strchr.obj                    22      0         0      
       s_copysign.obj                20      0         0      
       strcpy.obj                    20      0         0      
       strlen.obj                    20      0         0      
       copy_decompress_none.obj      14      0         0      
       copy_zero_init.obj            12      0         0      
       errno.obj                     0       0         8      
       stkdepth_vars.obj             0       0         8      
       pre_init.obj                  4       0         0      
       mpu_init.obj                  2       0         0      
       startup.obj                   2       0         0      
    +--+-----------------------------+-------+---------+---------+
       Total:                        12378   257       1928   
                                                              
       Heap:                         0       0         2048   
       Stack:                        0       0         1024   
       Linker Generated:             0       150       0      
    +--+-----------------------------+-------+---------+---------+
       Grand Total:                  14764   635       5200   


LINKER GENERATED COPY TABLES

__TI_cinit_table @ 00003c20 records: 2, size/record: 8, table size: 16
	.data: load addr=00003b98, load size=00000072 bytes, run addr=20000618, run size=00000210 bytes, compression=lzss
	.bss: load addr=00003c18, load size=00000008 bytes, run addr=20000400, run size=00000218 bytes, compression=zero_init


LINKER GENERATED HANDLER TABLE

__TI_handler_table @ 00003c0c records: 3, size/record: 4, table size: 12
	index: 0, handler: __TI_decompress_lzss
	index: 1, handler: __TI_decompress_none
	index: 2, handler: __TI_zero_init


GLOBAL SYMBOLS: SORTED ALPHABETICALLY BY Name 

address   name                           
-------   ----                           
00001589  ADC14_IRQHandler               
00001589  ADC14_IRQHandler               
00003a83  AES256_IRQHandler              
200005c0  BallIn                         
00003a83  BusFault_Handler               
000037fd  C$$EXIT                        
0000364f  C$$IO$$                        
00003a83  COMP_E0_IRQHandler             
00003a83  COMP_E1_IRQHandler             
00003a83  CS_IRQHandler                  
200005d4  CupCurrent                     
200005e8  CupPosition                    
200005fc  CupPrevious                    
00003a83  DMA_ERR_IRQHandler             
00003a83  DMA_INT0_IRQHandler            
00003a83  DMA_INT1_IRQHandler            
00003a83  DMA_INT2_IRQHandler            
00003a83  DMA_INT3_IRQHandler            
00003a83  DebugMon_Handler               
00003a83  Default_Handler                
00003a83  EUSCIA0_IRQHandler             
00003a83  EUSCIA1_IRQHandler             
00003a83  EUSCIA2_IRQHandler             
00003a83  EUSCIA3_IRQHandler             
00003a83  EUSCIB0_IRQHandler             
00003a83  EUSCIB1_IRQHandler             
00003a83  EUSCIB2_IRQHandler             
00003a83  EUSCIB3_IRQHandler             
00003a83  FLCTL_IRQHandler               
00003a83  FPU_IRQHandler                 
0000220f  HOSTclock                      
000021d7  HOSTclose                      
00002199  HOSTgetenv                     
0000213d  HOSTlseek                      
000020eb  HOSTopen                       
0000209f  HOSTread                       
00002041  HOSTrename                     
00002007  HOSTtime                       
00001fb9  HOSTtime64                     
00001f81  HOSTunlink                     
00001f35  HOSTwrite                      
00003a83  HardFault_Handler              
00003a83  MemManage_Handler              
00003a83  NMI_Handler                    
00003a83  PCM_IRQHandler                 
00003a83  PORT1_IRQHandler               
00003a83  PORT2_IRQHandler               
00003a83  PORT3_IRQHandler               
00003a83  PORT4_IRQHandler               
00003a83  PORT5_IRQHandler               
00003a83  PORT6_IRQHandler               
00003a83  PSS_IRQHandler                 
00003a83  PendSV_Handler                 
00003a83  RTC_C_IRQHandler               
00003a77  Reset_Handler                  
UNDEFED   SHT$$INIT_ARRAY$$Base          
UNDEFED   SHT$$INIT_ARRAY$$Limit         
00003a83  SVC_Handler                    
00003a83  SysTick_Handler                
20000824  SystemCoreClock                
00001c09  SystemCoreClockUpdate          
00001e7d  SystemInit                     
00003a83  T32_INT1_IRQHandler            
00003a83  T32_INT2_IRQHandler            
00003a83  T32_INTC_IRQHandler            
00003a83  TA0_0_IRQHandler               
00003a83  TA0_N_IRQHandler               
000014e1  TA1_0_IRQHandler               
000014e1  TA1_0_IRQHandler               
00003a83  TA1_N_IRQHandler               
00003a83  TA2_0_IRQHandler               
00003a83  TA2_N_IRQHandler               
00003a83  TA3_0_IRQHandler               
00003a83  TA3_N_IRQHandler               
00003a83  UsageFault_Handler             
4000480c  WDTCTL_SYM                     
00003a83  WDT_A_IRQHandler               
20000400  __CIOBUF_                      
20010000  __STACK_END                    
00000200  __STACK_SIZE                   
00000400  __SYSMEM_SIZE                  
00003c20  __TI_CINIT_Base                
00003c30  __TI_CINIT_Limit               
00003c0c  __TI_Handler_Table_Base        
00003c18  __TI_Handler_Table_Limit       
000034d9  __TI_auto_init                 
00002821  __TI_cleanup                   
200007f8  __TI_cleanup_ptr               
00003221  __TI_closefile                 
000035b9  __TI_decompress_lzss           
00003a69  __TI_decompress_none           
00003011  __TI_doflush                   
200007fc  __TI_dtors_ptr                 
20000800  __TI_enable_exit_profile_output
200007e8  __TI_ft_end                    
ffffffff  __TI_pprof_out_hndl            
00000925  __TI_printfi                   
ffffffff  __TI_prof_data_size            
ffffffff  __TI_prof_data_start           
0000313b  __TI_rd_ok                     
00003653  __TI_readmsg                   
00000000  __TI_static_base__             
20000520  __TI_tmpnams                   
00003621  __TI_writemsg                  
000030d9  __TI_wrt_ok                    
00003a85  __TI_zero_init                 
00003351  __aeabi_cdcmpeq                
00003351  __aeabi_cdcmple                
000033d7  __aeabi_cdrcmple               
000038e9  __aeabi_d2iz                   
00002927  __aeabi_dadd                   
00002ad3  __aeabi_ddiv                   
00002d3d  __aeabi_dmul                   
0000291d  __aeabi_dsub                   
00003967  __aeabi_i2d                    
0000345d  __aeabi_memclr                 
0000345d  __aeabi_memclr4                
0000345d  __aeabi_memclr8                
00003185  __aeabi_memcpy                 
00003185  __aeabi_memcpy4                
00003185  __aeabi_memcpy8                
0000345f  __aeabi_memset                 
0000345f  __aeabi_memset4                
0000345f  __aeabi_memset8                
200007f4  __aeabi_stderr                 
200007ec  __aeabi_stdin                  
200007f0  __aeabi_stdout                 
00002565  __aeabi_uldivmod               
ffffffff  __binit__                      
ffffffff  __c_args__                     
0000121f  __mpu_init                     
2000fe00  __stack                        
000039d1  _args_main                     
000037a9  _c_int00                       
00003a94  _ctypes_                       
20000618  _ftable                        
20000810  _lock                          
00003a27  _nop                           
00003a1f  _register_lock                 
00003a19  _register_unlock               
20000000  _sys_memory                    
000034d7  _system_post_cinit             
00003a91  _system_pre_init               
20000814  _unlock                        
00003801  abort                          
000024b9  add_device                     
00003851  atoi                           
ffffffff  binit                          
00001bd9  calloc                         
00001639  clearInterrupt                 
00002469  close                          
0000389d  copy_in                        
00003a2d  copysign                       
00003a2d  copysignl                      
200007e4  counter                        
20000818  errno                          
00003809  exit                           
00003287  fclose                         
0000305d  fflush                         
200007dc  firstRead                      
00002877  fopen                          
000032b9  fputc                          
00002c09  fputs                          
00001923  free                           
0000284d  freopen                        
000036ed  frexp                          
000036ed  frexpl                         
00003689  fseek                          
00001669  getStatus                      
200007e0  hehe                           
00000000  interruptVectors               
00002e39  ldexp                          
00002e39  ldexpl                         
00002445  lseek                          
00003751  ltoa                           
00001225  main                           
20000820  main_func_sp                   
000018b9  malloc                         
00001aed  memalign                       
000039b5  memccpy                        
00003995  memchr                         
00003185  memcpy                         
00003465  memset                         
00001839  minit                          
00002397  open                           
00001699  printADC                       
0000170d  printCurrents                  
0000142b  printDiffs                     
00003551  printf                         
000032b9  putc                           
0000333d  putchar                        
00002d15  puts                           
00002373  read                           
200007d8  readFlag                       
000019e5  realloc                        
000022e9  remove                         
0000234b  remove_device                  
0000230d  rename                         
00002e39  scalbn                         
00002e39  scalbnl                        
00001461  setPWM                         
00002f35  setvbuf                        
00003a01  strchr                         
000039e9  strcmp                         
00003a41  strcpy                         
00003a55  strlen                         
00003931  strncpy                        
000022e9  unlink                         
00002259  write                          


GLOBAL SYMBOLS: SORTED BY Symbol Address 

address   name                           
-------   ----                           
00000000  __TI_static_base__             
00000000  interruptVectors               
00000200  __STACK_SIZE                   
00000400  __SYSMEM_SIZE                  
00000925  __TI_printfi                   
0000121f  __mpu_init                     
00001225  main                           
0000142b  printDiffs                     
00001461  setPWM                         
000014e1  TA1_0_IRQHandler               
000014e1  TA1_0_IRQHandler               
00001589  ADC14_IRQHandler               
00001589  ADC14_IRQHandler               
00001639  clearInterrupt                 
00001669  getStatus                      
00001699  printADC                       
0000170d  printCurrents                  
00001839  minit                          
000018b9  malloc                         
00001923  free                           
000019e5  realloc                        
00001aed  memalign                       
00001bd9  calloc                         
00001c09  SystemCoreClockUpdate          
00001e7d  SystemInit                     
00001f35  HOSTwrite                      
00001f81  HOSTunlink                     
00001fb9  HOSTtime64                     
00002007  HOSTtime                       
00002041  HOSTrename                     
0000209f  HOSTread                       
000020eb  HOSTopen                       
0000213d  HOSTlseek                      
00002199  HOSTgetenv                     
000021d7  HOSTclose                      
0000220f  HOSTclock                      
00002259  write                          
000022e9  remove                         
000022e9  unlink                         
0000230d  rename                         
0000234b  remove_device                  
00002373  read                           
00002397  open                           
00002445  lseek                          
00002469  close                          
000024b9  add_device                     
00002565  __aeabi_uldivmod               
00002821  __TI_cleanup                   
0000284d  freopen                        
00002877  fopen                          
0000291d  __aeabi_dsub                   
00002927  __aeabi_dadd                   
00002ad3  __aeabi_ddiv                   
00002c09  fputs                          
00002d15  puts                           
00002d3d  __aeabi_dmul                   
00002e39  ldexp                          
00002e39  ldexpl                         
00002e39  scalbn                         
00002e39  scalbnl                        
00002f35  setvbuf                        
00003011  __TI_doflush                   
0000305d  fflush                         
000030d9  __TI_wrt_ok                    
0000313b  __TI_rd_ok                     
00003185  __aeabi_memcpy                 
00003185  __aeabi_memcpy4                
00003185  __aeabi_memcpy8                
00003185  memcpy                         
00003221  __TI_closefile                 
00003287  fclose                         
000032b9  fputc                          
000032b9  putc                           
0000333d  putchar                        
00003351  __aeabi_cdcmpeq                
00003351  __aeabi_cdcmple                
000033d7  __aeabi_cdrcmple               
0000345d  __aeabi_memclr                 
0000345d  __aeabi_memclr4                
0000345d  __aeabi_memclr8                
0000345f  __aeabi_memset                 
0000345f  __aeabi_memset4                
0000345f  __aeabi_memset8                
00003465  memset                         
000034d7  _system_post_cinit             
000034d9  __TI_auto_init                 
00003551  printf                         
000035b9  __TI_decompress_lzss           
00003621  __TI_writemsg                  
0000364f  C$$IO$$                        
00003653  __TI_readmsg                   
00003689  fseek                          
000036ed  frexp                          
000036ed  frexpl                         
00003751  ltoa                           
000037a9  _c_int00                       
000037fd  C$$EXIT                        
00003801  abort                          
00003809  exit                           
00003851  atoi                           
0000389d  copy_in                        
000038e9  __aeabi_d2iz                   
00003931  strncpy                        
00003967  __aeabi_i2d                    
00003995  memchr                         
000039b5  memccpy                        
000039d1  _args_main                     
000039e9  strcmp                         
00003a01  strchr                         
00003a19  _register_unlock               
00003a1f  _register_lock                 
00003a27  _nop                           
00003a2d  copysign                       
00003a2d  copysignl                      
00003a41  strcpy                         
00003a55  strlen                         
00003a69  __TI_decompress_none           
00003a77  Reset_Handler                  
00003a83  AES256_IRQHandler              
00003a83  BusFault_Handler               
00003a83  COMP_E0_IRQHandler             
00003a83  COMP_E1_IRQHandler             
00003a83  CS_IRQHandler                  
00003a83  DMA_ERR_IRQHandler             
00003a83  DMA_INT0_IRQHandler            
00003a83  DMA_INT1_IRQHandler            
00003a83  DMA_INT2_IRQHandler            
00003a83  DMA_INT3_IRQHandler            
00003a83  DebugMon_Handler               
00003a83  Default_Handler                
00003a83  EUSCIA0_IRQHandler             
00003a83  EUSCIA1_IRQHandler             
00003a83  EUSCIA2_IRQHandler             
00003a83  EUSCIA3_IRQHandler             
00003a83  EUSCIB0_IRQHandler             
00003a83  EUSCIB1_IRQHandler             
00003a83  EUSCIB2_IRQHandler             
00003a83  EUSCIB3_IRQHandler             
00003a83  FLCTL_IRQHandler               
00003a83  FPU_IRQHandler                 
00003a83  HardFault_Handler              
00003a83  MemManage_Handler              
00003a83  NMI_Handler                    
00003a83  PCM_IRQHandler                 
00003a83  PORT1_IRQHandler               
00003a83  PORT2_IRQHandler               
00003a83  PORT3_IRQHandler               
00003a83  PORT4_IRQHandler               
00003a83  PORT5_IRQHandler               
00003a83  PORT6_IRQHandler               
00003a83  PSS_IRQHandler                 
00003a83  PendSV_Handler                 
00003a83  RTC_C_IRQHandler               
00003a83  SVC_Handler                    
00003a83  SysTick_Handler                
00003a83  T32_INT1_IRQHandler            
00003a83  T32_INT2_IRQHandler            
00003a83  T32_INTC_IRQHandler            
00003a83  TA0_0_IRQHandler               
00003a83  TA0_N_IRQHandler               
00003a83  TA1_N_IRQHandler               
00003a83  TA2_0_IRQHandler               
00003a83  TA2_N_IRQHandler               
00003a83  TA3_0_IRQHandler               
00003a83  TA3_N_IRQHandler               
00003a83  UsageFault_Handler             
00003a83  WDT_A_IRQHandler               
00003a85  __TI_zero_init                 
00003a91  _system_pre_init               
00003a94  _ctypes_                       
00003c0c  __TI_Handler_Table_Base        
00003c18  __TI_Handler_Table_Limit       
00003c20  __TI_CINIT_Base                
00003c30  __TI_CINIT_Limit               
20000000  _sys_memory                    
20000400  __CIOBUF_                      
20000520  __TI_tmpnams                   
200005c0  BallIn                         
200005d4  CupCurrent                     
200005e8  CupPosition                    
200005fc  CupPrevious                    
20000618  _ftable                        
200007d8  readFlag                       
200007dc  firstRead                      
200007e0  hehe                           
200007e4  counter                        
200007e8  __TI_ft_end                    
200007ec  __aeabi_stdin                  
200007f0  __aeabi_stdout                 
200007f4  __aeabi_stderr                 
200007f8  __TI_cleanup_ptr               
200007fc  __TI_dtors_ptr                 
20000800  __TI_enable_exit_profile_output
20000810  _lock                          
20000814  _unlock                        
20000818  errno                          
20000820  main_func_sp                   
20000824  SystemCoreClock                
2000fe00  __stack                        
20010000  __STACK_END                    
4000480c  WDTCTL_SYM                     
ffffffff  __TI_pprof_out_hndl            
ffffffff  __TI_prof_data_size            
ffffffff  __TI_prof_data_start           
ffffffff  __binit__                      
ffffffff  __c_args__                     
ffffffff  binit                          
UNDEFED   SHT$$INIT_ARRAY$$Base          
UNDEFED   SHT$$INIT_ARRAY$$Limit         

[209 symbols]
