<?xml version="1.0"?>
<link_info>
   <banner>TI ARM Linker PC v16.9.0.LTS</banner>
   <copyright>Copyright (c) 1996-2015 Texas Instruments Incorporated</copyright>
   <link_time>0x58daefbe</link_time>
   <link_errors>0x0</link_errors>
   <output_file>MicroFinal.out</output_file>
   <entry_point>
      <name>_c_int00</name>
      <address>0x3bb1</address>
   </entry_point>
   <input_file_list>
      <input_file id="fl-2">
         <path>.\</path>
         <kind>object</kind>
         <file>main.obj</file>
         <name>main.obj</name>
      </input_file>
      <input_file id="fl-3">
         <path>.\</path>
         <kind>object</kind>
         <file>startup_msp432p401r_ccs.obj</file>
         <name>startup_msp432p401r_ccs.obj</name>
      </input_file>
      <input_file id="fl-4">
         <path>.\</path>
         <kind>object</kind>
         <file>system_msp432p401r.obj</file>
         <name>system_msp432p401r.obj</name>
      </input_file>
      <input_file id="fl-be">
         <path>C:\ti\ccsv7\tools\compiler\ti-cgt-arm_16.9.0.LTS\lib\</path>
         <kind>archive</kind>
         <file>rtsv7M4_T_le_v4SPD16_eabi.lib</file>
         <name>boot.obj</name>
      </input_file>
      <input_file id="fl-bf">
         <path>C:\ti\ccsv7\tools\compiler\ti-cgt-arm_16.9.0.LTS\lib\</path>
         <kind>archive</kind>
         <file>rtsv7M4_T_le_v4SPD16_eabi.lib</file>
         <name>copy_decompress_lzss.obj</name>
      </input_file>
      <input_file id="fl-c0">
         <path>C:\ti\ccsv7\tools\compiler\ti-cgt-arm_16.9.0.LTS\lib\</path>
         <kind>archive</kind>
         <file>rtsv7M4_T_le_v4SPD16_eabi.lib</file>
         <name>copy_decompress_none.obj</name>
      </input_file>
      <input_file id="fl-c1">
         <path>C:\ti\ccsv7\tools\compiler\ti-cgt-arm_16.9.0.LTS\lib\</path>
         <kind>archive</kind>
         <file>rtsv7M4_T_le_v4SPD16_eabi.lib</file>
         <name>copy_zero_init.obj</name>
      </input_file>
      <input_file id="fl-c2">
         <path>C:\ti\ccsv7\tools\compiler\ti-cgt-arm_16.9.0.LTS\lib\</path>
         <kind>archive</kind>
         <file>rtsv7M4_T_le_v4SPD16_eabi.lib</file>
         <name>exit.obj</name>
      </input_file>
      <input_file id="fl-c3">
         <path>C:\ti\ccsv7\tools\compiler\ti-cgt-arm_16.9.0.LTS\lib\</path>
         <kind>archive</kind>
         <file>rtsv7M4_T_le_v4SPD16_eabi.lib</file>
         <name>memcpy_t2.obj</name>
      </input_file>
      <input_file id="fl-c4">
         <path>C:\ti\ccsv7\tools\compiler\ti-cgt-arm_16.9.0.LTS\lib\</path>
         <kind>archive</kind>
         <file>rtsv7M4_T_le_v4SPD16_eabi.lib</file>
         <name>memset_t2.obj</name>
      </input_file>
      <input_file id="fl-c5">
         <path>C:\ti\ccsv7\tools\compiler\ti-cgt-arm_16.9.0.LTS\lib\</path>
         <kind>archive</kind>
         <file>rtsv7M4_T_le_v4SPD16_eabi.lib</file>
         <name>mpu_init.obj</name>
      </input_file>
      <input_file id="fl-c6">
         <path>C:\ti\ccsv7\tools\compiler\ti-cgt-arm_16.9.0.LTS\lib\</path>
         <kind>archive</kind>
         <file>rtsv7M4_T_le_v4SPD16_eabi.lib</file>
         <name>pre_init.obj</name>
      </input_file>
      <input_file id="fl-c7">
         <path>C:\ti\ccsv7\tools\compiler\ti-cgt-arm_16.9.0.LTS\lib\</path>
         <kind>archive</kind>
         <file>rtsv7M4_T_le_v4SPD16_eabi.lib</file>
         <name>printf.obj</name>
      </input_file>
      <input_file id="fl-c8">
         <path>C:\ti\ccsv7\tools\compiler\ti-cgt-arm_16.9.0.LTS\lib\</path>
         <kind>archive</kind>
         <file>rtsv7M4_T_le_v4SPD16_eabi.lib</file>
         <name>stkdepth_vars.obj</name>
      </input_file>
      <input_file id="fl-c9">
         <path>C:\ti\ccsv7\tools\compiler\ti-cgt-arm_16.9.0.LTS\lib\</path>
         <kind>archive</kind>
         <file>rtsv7M4_T_le_v4SPD16_eabi.lib</file>
         <name>_lock.obj</name>
      </input_file>
      <input_file id="fl-ca">
         <path>C:\ti\ccsv7\tools\compiler\ti-cgt-arm_16.9.0.LTS\lib\</path>
         <kind>archive</kind>
         <file>rtsv7M4_T_le_v4SPD16_eabi.lib</file>
         <name>_printfi.obj</name>
      </input_file>
      <input_file id="fl-cb">
         <path>C:\ti\ccsv7\tools\compiler\ti-cgt-arm_16.9.0.LTS\lib\</path>
         <kind>archive</kind>
         <file>rtsv7M4_T_le_v4SPD16_eabi.lib</file>
         <name>args_main.obj</name>
      </input_file>
      <input_file id="fl-cc">
         <path>C:\ti\ccsv7\tools\compiler\ti-cgt-arm_16.9.0.LTS\lib\</path>
         <kind>archive</kind>
         <file>rtsv7M4_T_le_v4SPD16_eabi.lib</file>
         <name>atoi.obj</name>
      </input_file>
      <input_file id="fl-cd">
         <path>C:\ti\ccsv7\tools\compiler\ti-cgt-arm_16.9.0.LTS\lib\</path>
         <kind>archive</kind>
         <file>rtsv7M4_T_le_v4SPD16_eabi.lib</file>
         <name>autoinit.obj</name>
      </input_file>
      <input_file id="fl-ce">
         <path>C:\ti\ccsv7\tools\compiler\ti-cgt-arm_16.9.0.LTS\lib\</path>
         <kind>archive</kind>
         <file>rtsv7M4_T_le_v4SPD16_eabi.lib</file>
         <name>cpy_tbl.obj</name>
      </input_file>
      <input_file id="fl-cf">
         <path>C:\ti\ccsv7\tools\compiler\ti-cgt-arm_16.9.0.LTS\lib\</path>
         <kind>archive</kind>
         <file>rtsv7M4_T_le_v4SPD16_eabi.lib</file>
         <name>ctype.obj</name>
      </input_file>
      <input_file id="fl-d0">
         <path>C:\ti\ccsv7\tools\compiler\ti-cgt-arm_16.9.0.LTS\lib\</path>
         <kind>archive</kind>
         <file>rtsv7M4_T_le_v4SPD16_eabi.lib</file>
         <name>defs.obj</name>
      </input_file>
      <input_file id="fl-d1">
         <path>C:\ti\ccsv7\tools\compiler\ti-cgt-arm_16.9.0.LTS\lib\</path>
         <kind>archive</kind>
         <file>rtsv7M4_T_le_v4SPD16_eabi.lib</file>
         <name>fd_add_t2.obj</name>
      </input_file>
      <input_file id="fl-d2">
         <path>C:\ti\ccsv7\tools\compiler\ti-cgt-arm_16.9.0.LTS\lib\</path>
         <kind>archive</kind>
         <file>rtsv7M4_T_le_v4SPD16_eabi.lib</file>
         <name>fd_cmp_t2.obj</name>
      </input_file>
      <input_file id="fl-d3">
         <path>C:\ti\ccsv7\tools\compiler\ti-cgt-arm_16.9.0.LTS\lib\</path>
         <kind>archive</kind>
         <file>rtsv7M4_T_le_v4SPD16_eabi.lib</file>
         <name>fd_div_t2.obj</name>
      </input_file>
      <input_file id="fl-d4">
         <path>C:\ti\ccsv7\tools\compiler\ti-cgt-arm_16.9.0.LTS\lib\</path>
         <kind>archive</kind>
         <file>rtsv7M4_T_le_v4SPD16_eabi.lib</file>
         <name>fd_mul_t2.obj</name>
      </input_file>
      <input_file id="fl-d5">
         <path>C:\ti\ccsv7\tools\compiler\ti-cgt-arm_16.9.0.LTS\lib\</path>
         <kind>archive</kind>
         <file>rtsv7M4_T_le_v4SPD16_eabi.lib</file>
         <name>fd_toi_t2.obj</name>
      </input_file>
      <input_file id="fl-d6">
         <path>C:\ti\ccsv7\tools\compiler\ti-cgt-arm_16.9.0.LTS\lib\</path>
         <kind>archive</kind>
         <file>rtsv7M4_T_le_v4SPD16_eabi.lib</file>
         <name>fputc.obj</name>
      </input_file>
      <input_file id="fl-d7">
         <path>C:\ti\ccsv7\tools\compiler\ti-cgt-arm_16.9.0.LTS\lib\</path>
         <kind>archive</kind>
         <file>rtsv7M4_T_le_v4SPD16_eabi.lib</file>
         <name>fputs.obj</name>
      </input_file>
      <input_file id="fl-d8">
         <path>C:\ti\ccsv7\tools\compiler\ti-cgt-arm_16.9.0.LTS\lib\</path>
         <kind>archive</kind>
         <file>rtsv7M4_T_le_v4SPD16_eabi.lib</file>
         <name>i_tofd_t2.obj</name>
      </input_file>
      <input_file id="fl-d9">
         <path>C:\ti\ccsv7\tools\compiler\ti-cgt-arm_16.9.0.LTS\lib\</path>
         <kind>archive</kind>
         <file>rtsv7M4_T_le_v4SPD16_eabi.lib</file>
         <name>lowlev.obj</name>
      </input_file>
      <input_file id="fl-da">
         <path>C:\ti\ccsv7\tools\compiler\ti-cgt-arm_16.9.0.LTS\lib\</path>
         <kind>archive</kind>
         <file>rtsv7M4_T_le_v4SPD16_eabi.lib</file>
         <name>ltoa.obj</name>
      </input_file>
      <input_file id="fl-db">
         <path>C:\ti\ccsv7\tools\compiler\ti-cgt-arm_16.9.0.LTS\lib\</path>
         <kind>archive</kind>
         <file>rtsv7M4_T_le_v4SPD16_eabi.lib</file>
         <name>memccpy.obj</name>
      </input_file>
      <input_file id="fl-dc">
         <path>C:\ti\ccsv7\tools\compiler\ti-cgt-arm_16.9.0.LTS\lib\</path>
         <kind>archive</kind>
         <file>rtsv7M4_T_le_v4SPD16_eabi.lib</file>
         <name>memchr.obj</name>
      </input_file>
      <input_file id="fl-dd">
         <path>C:\ti\ccsv7\tools\compiler\ti-cgt-arm_16.9.0.LTS\lib\</path>
         <kind>archive</kind>
         <file>rtsv7M4_T_le_v4SPD16_eabi.lib</file>
         <name>s_frexp.obj</name>
      </input_file>
      <input_file id="fl-de">
         <path>C:\ti\ccsv7\tools\compiler\ti-cgt-arm_16.9.0.LTS\lib\</path>
         <kind>archive</kind>
         <file>rtsv7M4_T_le_v4SPD16_eabi.lib</file>
         <name>s_scalbn.obj</name>
      </input_file>
      <input_file id="fl-df">
         <path>C:\ti\ccsv7\tools\compiler\ti-cgt-arm_16.9.0.LTS\lib\</path>
         <kind>archive</kind>
         <file>rtsv7M4_T_le_v4SPD16_eabi.lib</file>
         <name>startup.obj</name>
      </input_file>
      <input_file id="fl-e0">
         <path>C:\ti\ccsv7\tools\compiler\ti-cgt-arm_16.9.0.LTS\lib\</path>
         <kind>archive</kind>
         <file>rtsv7M4_T_le_v4SPD16_eabi.lib</file>
         <name>strchr.obj</name>
      </input_file>
      <input_file id="fl-e1">
         <path>C:\ti\ccsv7\tools\compiler\ti-cgt-arm_16.9.0.LTS\lib\</path>
         <kind>archive</kind>
         <file>rtsv7M4_T_le_v4SPD16_eabi.lib</file>
         <name>strcmp.obj</name>
      </input_file>
      <input_file id="fl-e2">
         <path>C:\ti\ccsv7\tools\compiler\ti-cgt-arm_16.9.0.LTS\lib\</path>
         <kind>archive</kind>
         <file>rtsv7M4_T_le_v4SPD16_eabi.lib</file>
         <name>strlen.obj</name>
      </input_file>
      <input_file id="fl-e3">
         <path>C:\ti\ccsv7\tools\compiler\ti-cgt-arm_16.9.0.LTS\lib\</path>
         <kind>archive</kind>
         <file>rtsv7M4_T_le_v4SPD16_eabi.lib</file>
         <name>strncpy.obj</name>
      </input_file>
      <input_file id="fl-e4">
         <path>C:\ti\ccsv7\tools\compiler\ti-cgt-arm_16.9.0.LTS\lib\</path>
         <kind>archive</kind>
         <file>rtsv7M4_T_le_v4SPD16_eabi.lib</file>
         <name>trgdrv.obj</name>
      </input_file>
      <input_file id="fl-e5">
         <path>C:\ti\ccsv7\tools\compiler\ti-cgt-arm_16.9.0.LTS\lib\</path>
         <kind>archive</kind>
         <file>rtsv7M4_T_le_v4SPD16_eabi.lib</file>
         <name>trgmsg.obj</name>
      </input_file>
      <input_file id="fl-e6">
         <path>C:\ti\ccsv7\tools\compiler\ti-cgt-arm_16.9.0.LTS\lib\</path>
         <kind>archive</kind>
         <file>rtsv7M4_T_le_v4SPD16_eabi.lib</file>
         <name>ull_div_t2.obj</name>
      </input_file>
      <input_file id="fl-e7">
         <path>C:\ti\ccsv7\tools\compiler\ti-cgt-arm_16.9.0.LTS\lib\</path>
         <kind>archive</kind>
         <file>rtsv7M4_T_le_v4SPD16_eabi.lib</file>
         <name>_io_perm.obj</name>
      </input_file>
      <input_file id="fl-e8">
         <path>C:\ti\ccsv7\tools\compiler\ti-cgt-arm_16.9.0.LTS\lib\</path>
         <kind>archive</kind>
         <file>rtsv7M4_T_le_v4SPD16_eabi.lib</file>
         <name>errno.obj</name>
      </input_file>
      <input_file id="fl-e9">
         <path>C:\ti\ccsv7\tools\compiler\ti-cgt-arm_16.9.0.LTS\lib\</path>
         <kind>archive</kind>
         <file>rtsv7M4_T_le_v4SPD16_eabi.lib</file>
         <name>fflush.obj</name>
      </input_file>
      <input_file id="fl-ea">
         <path>C:\ti\ccsv7\tools\compiler\ti-cgt-arm_16.9.0.LTS\lib\</path>
         <kind>archive</kind>
         <file>rtsv7M4_T_le_v4SPD16_eabi.lib</file>
         <name>fseek.obj</name>
      </input_file>
      <input_file id="fl-eb">
         <path>C:\ti\ccsv7\tools\compiler\ti-cgt-arm_16.9.0.LTS\lib\</path>
         <kind>archive</kind>
         <file>rtsv7M4_T_le_v4SPD16_eabi.lib</file>
         <name>s_copysign.obj</name>
      </input_file>
      <input_file id="fl-ec">
         <path>C:\ti\ccsv7\tools\compiler\ti-cgt-arm_16.9.0.LTS\lib\</path>
         <kind>archive</kind>
         <file>rtsv7M4_T_le_v4SPD16_eabi.lib</file>
         <name>setvbuf.obj</name>
      </input_file>
      <input_file id="fl-ed">
         <path>C:\ti\ccsv7\tools\compiler\ti-cgt-arm_16.9.0.LTS\lib\</path>
         <kind>archive</kind>
         <file>rtsv7M4_T_le_v4SPD16_eabi.lib</file>
         <name>strcpy.obj</name>
      </input_file>
      <input_file id="fl-ee">
         <path>C:\ti\ccsv7\tools\compiler\ti-cgt-arm_16.9.0.LTS\lib\</path>
         <kind>archive</kind>
         <file>rtsv7M4_T_le_v4SPD16_eabi.lib</file>
         <name>fopen.obj</name>
      </input_file>
      <input_file id="fl-ef">
         <path>C:\ti\ccsv7\tools\compiler\ti-cgt-arm_16.9.0.LTS\lib\</path>
         <kind>archive</kind>
         <file>rtsv7M4_T_le_v4SPD16_eabi.lib</file>
         <name>memory.obj</name>
      </input_file>
      <input_file id="fl-f0">
         <path>C:\ti\ccsv7\tools\compiler\ti-cgt-arm_16.9.0.LTS\lib\</path>
         <kind>archive</kind>
         <file>rtsv7M4_T_le_v4SPD16_eabi.lib</file>
         <name>fclose.obj</name>
      </input_file>
      <input_file id="fl-f1">
         <path>C:\ti\ccsv7\tools\compiler\ti-cgt-arm_16.9.0.LTS\lib\</path>
         <kind>archive</kind>
         <file>rtsv7M4_T_le_v4SPD16_eabi.lib</file>
         <name>remove.obj</name>
      </input_file>
   </input_file_list>
   <object_component_list>
      <object_component id="oc-2c">
         <name>.intvecs:retain</name>
         <load_address>0x0</load_address>
         <run_address>0x0</run_address>
         <size>0xe4</size>
         <input_file_ref idref="fl-3"/>
      </object_component>
      <object_component id="oc-128">
         <name>.text</name>
         <load_address>0xe4</load_address>
         <run_address>0xe4</run_address>
         <size>0x113a</size>
         <input_file_ref idref="fl-ca"/>
      </object_component>
      <object_component id="oc-56">
         <name>.text</name>
         <load_address>0x121e</load_address>
         <run_address>0x121e</run_address>
         <size>0x2</size>
         <input_file_ref idref="fl-c5"/>
      </object_component>
      <object_component id="oc-7e">
         <name>.text</name>
         <load_address>0x1220</load_address>
         <run_address>0x1220</run_address>
         <size>0xa20</size>
         <input_file_ref idref="fl-2"/>
      </object_component>
      <object_component id="oc-24a">
         <name>.text</name>
         <load_address>0x1c40</load_address>
         <run_address>0x1c40</run_address>
         <size>0x3d0</size>
         <input_file_ref idref="fl-ef"/>
      </object_component>
      <object_component id="oc-be">
         <name>.text</name>
         <load_address>0x2010</load_address>
         <run_address>0x2010</run_address>
         <size>0x32c</size>
         <input_file_ref idref="fl-4"/>
      </object_component>
      <object_component id="oc-267">
         <name>.text</name>
         <load_address>0x233c</load_address>
         <run_address>0x233c</run_address>
         <size>0x324</size>
         <input_file_ref idref="fl-e4"/>
      </object_component>
      <object_component id="oc-16a">
         <name>.text</name>
         <load_address>0x2660</load_address>
         <run_address>0x2660</run_address>
         <size>0x30c</size>
         <input_file_ref idref="fl-d9"/>
      </object_component>
      <object_component id="oc-180">
         <name>.text</name>
         <load_address>0x296c</load_address>
         <run_address>0x296c</run_address>
         <size>0x1f4</size>
         <input_file_ref idref="fl-e6"/>
      </object_component>
      <object_component id="oc-250">
         <name>.text</name>
         <load_address>0x2b60</load_address>
         <run_address>0x2b60</run_address>
         <size>0x1c4</size>
         <input_file_ref idref="fl-ee"/>
      </object_component>
      <object_component id="oc-1a9">
         <name>.text</name>
         <load_address>0x2d24</load_address>
         <run_address>0x2d24</run_address>
         <size>0x1b6</size>
         <input_file_ref idref="fl-d1"/>
      </object_component>
      <object_component id="oc-18f">
         <name>.text</name>
         <load_address>0x2eda</load_address>
         <run_address>0x2eda</run_address>
         <size>0x136</size>
         <input_file_ref idref="fl-d3"/>
      </object_component>
      <object_component id="oc-122">
         <name>.text</name>
         <load_address>0x3010</load_address>
         <run_address>0x3010</run_address>
         <size>0x134</size>
         <input_file_ref idref="fl-d7"/>
      </object_component>
      <object_component id="oc-18a">
         <name>.text</name>
         <load_address>0x3144</load_address>
         <run_address>0x3144</run_address>
         <size>0xfc</size>
         <input_file_ref idref="fl-d4"/>
      </object_component>
      <object_component id="oc-1b4">
         <name>.text</name>
         <load_address>0x3240</load_address>
         <run_address>0x3240</run_address>
         <size>0xfc</size>
         <input_file_ref idref="fl-de"/>
      </object_component>
      <object_component id="oc-1ee">
         <name>.text</name>
         <load_address>0x333c</load_address>
         <run_address>0x333c</run_address>
         <size>0xdc</size>
         <input_file_ref idref="fl-ec"/>
      </object_component>
      <object_component id="oc-164">
         <name>.text</name>
         <load_address>0x3418</load_address>
         <run_address>0x3418</run_address>
         <size>0xc8</size>
         <input_file_ref idref="fl-e9"/>
      </object_component>
      <object_component id="oc-15e">
         <name>.text</name>
         <load_address>0x34e0</load_address>
         <run_address>0x34e0</run_address>
         <size>0xac</size>
         <input_file_ref idref="fl-e7"/>
      </object_component>
      <object_component id="oc-3e">
         <name>.text</name>
         <load_address>0x358c</load_address>
         <run_address>0x358c</run_address>
         <size>0x9c</size>
         <input_file_ref idref="fl-c3"/>
      </object_component>
      <object_component id="oc-292">
         <name>.text</name>
         <load_address>0x3628</load_address>
         <run_address>0x3628</run_address>
         <size>0x98</size>
         <input_file_ref idref="fl-f0"/>
      </object_component>
      <object_component id="oc-11c">
         <name>.text</name>
         <load_address>0x36c0</load_address>
         <run_address>0x36c0</run_address>
         <size>0x98</size>
         <input_file_ref idref="fl-d6"/>
      </object_component>
      <object_component id="oc-185">
         <name>.text:__aeabi_cdcmple</name>
         <load_address>0x3758</load_address>
         <run_address>0x3758</run_address>
         <size>0x86</size>
         <input_file_ref idref="fl-d2"/>
      </object_component>
      <object_component id="oc-194">
         <name>.text:__aeabi_cdrcmple</name>
         <load_address>0x37de</load_address>
         <run_address>0x37de</run_address>
         <size>0x86</size>
         <input_file_ref idref="fl-d2"/>
      </object_component>
      <object_component id="oc-4a">
         <name>.text</name>
         <load_address>0x3864</load_address>
         <run_address>0x3864</run_address>
         <size>0x7a</size>
         <input_file_ref idref="fl-c4"/>
      </object_component>
      <object_component id="oc-a9">
         <name>.text</name>
         <load_address>0x38de</load_address>
         <run_address>0x38de</run_address>
         <size>0x2</size>
         <input_file_ref idref="fl-df"/>
      </object_component>
      <object_component id="oc-62">
         <name>.text</name>
         <load_address>0x38e0</load_address>
         <run_address>0x38e0</run_address>
         <size>0x70</size>
         <input_file_ref idref="fl-cd"/>
      </object_component>
      <object_component id="oc-c5">
         <name>.text</name>
         <load_address>0x3950</load_address>
         <run_address>0x3950</run_address>
         <size>0x70</size>
         <input_file_ref idref="fl-c7"/>
      </object_component>
      <object_component id="oc-14">
         <name>.text:decompress:lzss</name>
         <load_address>0x39c0</load_address>
         <run_address>0x39c0</run_address>
         <size>0x68</size>
         <input_file_ref idref="fl-bf"/>
      </object_component>
      <object_component id="oc-2a1">
         <name>.text</name>
         <load_address>0x3a28</load_address>
         <run_address>0x3a28</run_address>
         <size>0x68</size>
         <input_file_ref idref="fl-e5"/>
      </object_component>
      <object_component id="oc-1e8">
         <name>.text</name>
         <load_address>0x3a90</load_address>
         <run_address>0x3a90</run_address>
         <size>0x64</size>
         <input_file_ref idref="fl-ea"/>
      </object_component>
      <object_component id="oc-1ae">
         <name>.text</name>
         <load_address>0x3af4</load_address>
         <run_address>0x3af4</run_address>
         <size>0x64</size>
         <input_file_ref idref="fl-dd"/>
      </object_component>
      <object_component id="oc-19e">
         <name>.text</name>
         <load_address>0x3b58</load_address>
         <run_address>0x3b58</run_address>
         <size>0x56</size>
         <input_file_ref idref="fl-da"/>
      </object_component>
      <object_component id="oc-26">
         <name>.text</name>
         <load_address>0x3bb0</load_address>
         <run_address>0x3bb0</run_address>
         <size>0x54</size>
         <input_file_ref idref="fl-be"/>
      </object_component>
      <object_component id="oc-6e">
         <name>.text</name>
         <load_address>0x3c04</load_address>
         <run_address>0x3c04</run_address>
         <size>0x54</size>
         <input_file_ref idref="fl-c2"/>
      </object_component>
      <object_component id="oc-1c0">
         <name>.text</name>
         <load_address>0x3c58</load_address>
         <run_address>0x3c58</run_address>
         <size>0x4c</size>
         <input_file_ref idref="fl-cc"/>
      </object_component>
      <object_component id="oc-a3">
         <name>.text</name>
         <load_address>0x3ca4</load_address>
         <run_address>0x3ca4</run_address>
         <size>0x4c</size>
         <input_file_ref idref="fl-ce"/>
      </object_component>
      <object_component id="oc-199">
         <name>.text</name>
         <load_address>0x3cf0</load_address>
         <run_address>0x3cf0</run_address>
         <size>0x48</size>
         <input_file_ref idref="fl-d5"/>
      </object_component>
      <object_component id="oc-201">
         <name>.text</name>
         <load_address>0x3d38</load_address>
         <run_address>0x3d38</run_address>
         <size>0x36</size>
         <input_file_ref idref="fl-e3"/>
      </object_component>
      <object_component id="oc-1a4">
         <name>.text</name>
         <load_address>0x3d6e</load_address>
         <run_address>0x3d6e</run_address>
         <size>0x2e</size>
         <input_file_ref idref="fl-d8"/>
      </object_component>
      <object_component id="oc-178">
         <name>.text</name>
         <load_address>0x3d9c</load_address>
         <run_address>0x3d9c</run_address>
         <size>0x20</size>
         <input_file_ref idref="fl-dc"/>
      </object_component>
      <object_component id="oc-1c6">
         <name>.text</name>
         <load_address>0x3dbc</load_address>
         <run_address>0x3dbc</run_address>
         <size>0x1c</size>
         <input_file_ref idref="fl-db"/>
      </object_component>
      <object_component id="oc-68">
         <name>.text</name>
         <load_address>0x3dd8</load_address>
         <run_address>0x3dd8</run_address>
         <size>0x18</size>
         <input_file_ref idref="fl-cb"/>
      </object_component>
      <object_component id="oc-1fb">
         <name>.text</name>
         <load_address>0x3df0</load_address>
         <run_address>0x3df0</run_address>
         <size>0x18</size>
         <input_file_ref idref="fl-e1"/>
      </object_component>
      <object_component id="oc-1ba">
         <name>.text</name>
         <load_address>0x3e08</load_address>
         <run_address>0x3e08</run_address>
         <size>0x16</size>
         <input_file_ref idref="fl-e0"/>
      </object_component>
      <object_component id="oc-10c">
         <name>.text</name>
         <load_address>0x3e20</load_address>
         <run_address>0x3e20</run_address>
         <size>0x14</size>
         <input_file_ref idref="fl-c9"/>
      </object_component>
      <object_component id="oc-22b">
         <name>.text</name>
         <load_address>0x3e34</load_address>
         <run_address>0x3e34</run_address>
         <size>0x14</size>
         <input_file_ref idref="fl-eb"/>
      </object_component>
      <object_component id="oc-2a7">
         <name>.text</name>
         <load_address>0x3e48</load_address>
         <run_address>0x3e48</run_address>
         <size>0x14</size>
         <input_file_ref idref="fl-ed"/>
      </object_component>
      <object_component id="oc-172">
         <name>.text</name>
         <load_address>0x3e5c</load_address>
         <run_address>0x3e5c</run_address>
         <size>0x14</size>
         <input_file_ref idref="fl-e2"/>
      </object_component>
      <object_component id="oc-1a">
         <name>.text:decompress:none</name>
         <load_address>0x3e70</load_address>
         <run_address>0x3e70</run_address>
         <size>0xe</size>
         <input_file_ref idref="fl-c0"/>
      </object_component>
      <object_component id="oc-78">
         <name>.text</name>
         <load_address>0x3e7e</load_address>
         <run_address>0x3e7e</run_address>
         <size>0xe</size>
         <input_file_ref idref="fl-3"/>
      </object_component>
      <object_component id="oc-20">
         <name>.text:decompress:ZI</name>
         <load_address>0x3e8c</load_address>
         <run_address>0x3e8c</run_address>
         <size>0xc</size>
         <input_file_ref idref="fl-c1"/>
      </object_component>
      <object_component id="oc-5c">
         <name>.text</name>
         <load_address>0x3e98</load_address>
         <run_address>0x3e98</run_address>
         <size>0x4</size>
         <input_file_ref idref="fl-c6"/>
      </object_component>
      <object_component id="oc-238">
         <name>.const:.string:_ctypes_</name>
         <load_address>0x3e9c</load_address>
         <run_address>0x3e9c</run_address>
         <size>0x101</size>
         <input_file_ref idref="fl-cf"/>
      </object_component>
      <object_component id="oc-cb">
         <name>.const:uartConfig</name>
         <load_address>0x3fa0</load_address>
         <run_address>0x3fa0</run_address>
         <size>0x24</size>
         <input_file_ref idref="fl-2"/>
      </object_component>
      <object_component id="oc-2fa">
         <name>.cinit..data.load</name>
         <load_address>0x3fc8</load_address>
         <run_address>0x3fc8</run_address>
         <size>0x73</size>
      </object_component>
      <object_component id="oc-2f8">
         <name>__TI_handler_table</name>
         <load_address>0x403c</load_address>
         <run_address>0x403c</run_address>
         <size>0xc</size>
      </object_component>
      <object_component id="oc-2fb">
         <name>.cinit..bss.load</name>
         <load_address>0x4048</load_address>
         <run_address>0x4048</run_address>
         <size>0x8</size>
      </object_component>
      <object_component id="oc-2f9">
         <name>__TI_cinit_table</name>
         <load_address>0x4050</load_address>
         <run_address>0x4050</run_address>
         <size>0x10</size>
      </object_component>
      <object_component id="oc-2d5">
         <name>.binit</name>
         <load_address>0x0</load_address>
         <run_address>0x0</run_address>
         <size>0x0</size>
      </object_component>
      <object_component id="oc-d4">
         <name>.data</name>
         <load_address>0x20000800</load_address>
         <run_address>0x20000800</run_address>
         <size>0x20</size>
         <input_file_ref idref="fl-2"/>
      </object_component>
      <object_component id="oc-118">
         <name>.data</name>
         <load_address>0x2000085c</load_address>
         <run_address>0x2000085c</run_address>
         <size>0x4</size>
         <input_file_ref idref="fl-4"/>
      </object_component>
      <object_component id="oc-b3">
         <name>.data:$O1$$</name>
         <load_address>0x20000830</load_address>
         <run_address>0x20000830</run_address>
         <size>0xc</size>
         <input_file_ref idref="fl-c2"/>
      </object_component>
      <object_component id="oc-74">
         <name>.data</name>
         <load_address>0x20000858</load_address>
         <run_address>0x20000858</run_address>
         <size>0x4</size>
         <input_file_ref idref="fl-c8"/>
      </object_component>
      <object_component id="oc-b6">
         <name>.data:$O1$$</name>
         <load_address>0x20000848</load_address>
         <run_address>0x20000848</run_address>
         <size>0x8</size>
         <input_file_ref idref="fl-c9"/>
      </object_component>
      <object_component id="oc-12e">
         <name>.data:_ftable</name>
         <load_address>0x20000640</load_address>
         <run_address>0x20000640</run_address>
         <size>0xf0</size>
         <input_file_ref idref="fl-d0"/>
      </object_component>
      <object_component id="oc-1f6">
         <name>.data</name>
         <load_address>0x20000820</load_address>
         <run_address>0x20000820</run_address>
         <size>0x10</size>
         <input_file_ref idref="fl-d0"/>
      </object_component>
      <object_component id="oc-207">
         <name>.data:$O1$$</name>
         <load_address>0x20000730</load_address>
         <run_address>0x20000730</run_address>
         <size>0xd0</size>
         <input_file_ref idref="fl-d9"/>
      </object_component>
      <object_component id="oc-231">
         <name>.data</name>
         <load_address>0x20000850</load_address>
         <run_address>0x20000850</run_address>
         <size>0x4</size>
         <input_file_ref idref="fl-e8"/>
      </object_component>
      <object_component id="oc-298">
         <name>.data</name>
         <load_address>0x20000854</load_address>
         <run_address>0x20000854</run_address>
         <size>0x4</size>
         <input_file_ref idref="fl-ee"/>
      </object_component>
      <object_component id="oc-28e">
         <name>.data:$O1$$</name>
         <load_address>0x2000083c</load_address>
         <run_address>0x2000083c</run_address>
         <size>0xc</size>
         <input_file_ref idref="fl-ef"/>
      </object_component>
      <object_component id="oc-2ad">
         <name>.bss:parmbuf</name>
         <uninitialized>true</uninitialized>
         <run_address>0x20000638</run_address>
         <size>0x8</size>
         <input_file_ref idref="fl-e4"/>
      </object_component>
      <object_component id="oc-2c0">
         <name>.bss:_CIOBUF_</name>
         <uninitialized>true</uninitialized>
         <run_address>0x20000400</run_address>
         <size>0x120</size>
         <input_file_ref idref="fl-e5"/>
      </object_component>
      <object_component id="oc-ce">
         <name>.common:CupPrevious</name>
         <uninitialized>true</uninitialized>
         <run_address>0x200005fc</run_address>
         <size>0x14</size>
      </object_component>
      <object_component id="oc-d1">
         <name>.common:CupCurrent</name>
         <uninitialized>true</uninitialized>
         <run_address>0x200005d4</run_address>
         <size>0x14</size>
      </object_component>
      <object_component id="oc-d2">
         <name>.common:CupPosition</name>
         <uninitialized>true</uninitialized>
         <run_address>0x200005e8</run_address>
         <size>0x14</size>
      </object_component>
      <object_component id="oc-d3">
         <name>.common:BallIn</name>
         <uninitialized>true</uninitialized>
         <run_address>0x200005c0</run_address>
         <size>0x14</size>
      </object_component>
      <object_component id="oc-d8">
         <name>.common:motorUp</name>
         <uninitialized>true</uninitialized>
         <run_address>0x20000624</run_address>
         <size>0x14</size>
      </object_component>
      <object_component id="oc-d7">
         <name>.common:motorDown</name>
         <uninitialized>true</uninitialized>
         <run_address>0x20000610</run_address>
         <size>0x14</size>
      </object_component>
      <object_component id="oc-2bb">
         <name>.common:__TI_tmpnams</name>
         <uninitialized>true</uninitialized>
         <run_address>0x20000520</run_address>
         <size>0xa0</size>
      </object_component>
      <object_component id="oc-30">
         <name>.sysmem</name>
         <uninitialized>true</uninitialized>
         <run_address>0x20000000</run_address>
         <size>0x8</size>
         <input_file_ref idref="fl-ef"/>
      </object_component>
      <object_component id="oc-2fd">
         <name>.sysmem</name>
         <uninitialized>true</uninitialized>
         <run_address>0x20000000</run_address>
         <size>0x0</size>
      </object_component>
      <object_component id="oc-2f">
         <name>.stack</name>
         <uninitialized>true</uninitialized>
         <run_address>0x2000fe00</run_address>
         <size>0x0</size>
         <input_file_ref idref="fl-be"/>
      </object_component>
      <object_component id="oc-2fc">
         <name>.stack</name>
         <uninitialized>true</uninitialized>
         <run_address>0x2000fe00</run_address>
         <size>0x0</size>
      </object_component>
      <object_component id="oc-cf">
         <name>.debug_info</name>
         <load_address>0x0</load_address>
         <run_address>0x0</run_address>
         <size>0x595</size>
         <input_file_ref idref="fl-2"/>
      </object_component>
      <object_component id="oc-d5">
         <name>.debug_info</name>
         <load_address>0x595</load_address>
         <run_address>0x595</run_address>
         <size>0x1c2</size>
         <input_file_ref idref="fl-2"/>
      </object_component>
      <object_component id="oc-cc">
         <name>.debug_info</name>
         <load_address>0x757</load_address>
         <run_address>0x757</run_address>
         <size>0xd3</size>
         <input_file_ref idref="fl-2"/>
      </object_component>
      <object_component id="oc-7f">
         <name>.debug_info</name>
         <load_address>0x82a</load_address>
         <run_address>0x82a</run_address>
         <size>0x6fe</size>
         <input_file_ref idref="fl-2"/>
      </object_component>
      <object_component id="oc-13c">
         <name>.debug_info</name>
         <load_address>0xf28</load_address>
         <run_address>0xf28</run_address>
         <size>0x37a3</size>
         <input_file_ref idref="fl-2"/>
      </object_component>
      <object_component id="oc-141">
         <name>.debug_info</name>
         <load_address>0x46cb</load_address>
         <run_address>0x46cb</run_address>
         <size>0x103e</size>
         <input_file_ref idref="fl-2"/>
      </object_component>
      <object_component id="oc-da">
         <name>.debug_info</name>
         <load_address>0x5709</load_address>
         <run_address>0x5709</run_address>
         <size>0x8b</size>
         <input_file_ref idref="fl-2"/>
      </object_component>
      <object_component id="oc-df">
         <name>.debug_info</name>
         <load_address>0x5794</load_address>
         <run_address>0x5794</run_address>
         <size>0x18b</size>
         <input_file_ref idref="fl-2"/>
      </object_component>
      <object_component id="oc-133">
         <name>.debug_info</name>
         <load_address>0x591f</load_address>
         <run_address>0x591f</run_address>
         <size>0x4e</size>
         <input_file_ref idref="fl-2"/>
      </object_component>
      <object_component id="oc-146">
         <name>.debug_info</name>
         <load_address>0x596d</load_address>
         <run_address>0x596d</run_address>
         <size>0xee</size>
         <input_file_ref idref="fl-2"/>
      </object_component>
      <object_component id="oc-86">
         <name>.debug_info</name>
         <load_address>0x5a5b</load_address>
         <run_address>0x5a5b</run_address>
         <size>0x11a</size>
         <input_file_ref idref="fl-3"/>
      </object_component>
      <object_component id="oc-2d">
         <name>.debug_info</name>
         <load_address>0x5b75</load_address>
         <run_address>0x5b75</run_address>
         <size>0xf2</size>
         <input_file_ref idref="fl-3"/>
      </object_component>
      <object_component id="oc-79">
         <name>.debug_info</name>
         <load_address>0x5c67</load_address>
         <run_address>0x5c67</run_address>
         <size>0x1b9</size>
         <input_file_ref idref="fl-3"/>
      </object_component>
      <object_component id="oc-39">
         <name>.debug_info</name>
         <load_address>0x5e20</load_address>
         <run_address>0x5e20</run_address>
         <size>0x84</size>
         <input_file_ref idref="fl-3"/>
      </object_component>
      <object_component id="oc-119">
         <name>.debug_info</name>
         <load_address>0x5ea4</load_address>
         <run_address>0x5ea4</run_address>
         <size>0xeb</size>
         <input_file_ref idref="fl-4"/>
      </object_component>
      <object_component id="oc-bf">
         <name>.debug_info</name>
         <load_address>0x5f8f</load_address>
         <run_address>0x5f8f</run_address>
         <size>0x25d</size>
         <input_file_ref idref="fl-4"/>
      </object_component>
      <object_component id="oc-29">
         <name>.debug_info</name>
         <load_address>0x61ec</load_address>
         <run_address>0x61ec</run_address>
         <size>0x160</size>
         <input_file_ref idref="fl-be"/>
      </object_component>
      <object_component id="oc-90">
         <name>.debug_info</name>
         <load_address>0x634c</load_address>
         <run_address>0x634c</run_address>
         <size>0xf9</size>
         <input_file_ref idref="fl-bf"/>
      </object_component>
      <object_component id="oc-18">
         <name>.debug_info</name>
         <load_address>0x6445</load_address>
         <run_address>0x6445</run_address>
         <size>0x245</size>
         <input_file_ref idref="fl-bf"/>
      </object_component>
      <object_component id="oc-34">
         <name>.debug_info</name>
         <load_address>0x668a</load_address>
         <run_address>0x668a</run_address>
         <size>0x60</size>
         <input_file_ref idref="fl-bf"/>
      </object_component>
      <object_component id="oc-8b">
         <name>.debug_info</name>
         <load_address>0x66ea</load_address>
         <run_address>0x66ea</run_address>
         <size>0x46</size>
         <input_file_ref idref="fl-bf"/>
      </object_component>
      <object_component id="oc-49">
         <name>.debug_info</name>
         <load_address>0x6730</load_address>
         <run_address>0x6730</run_address>
         <size>0x140</size>
         <input_file_ref idref="fl-c0"/>
      </object_component>
      <object_component id="oc-1b">
         <name>.debug_info</name>
         <load_address>0x6870</load_address>
         <run_address>0x6870</run_address>
         <size>0x1df</size>
         <input_file_ref idref="fl-c0"/>
      </object_component>
      <object_component id="oc-44">
         <name>.debug_info</name>
         <load_address>0x6a4f</load_address>
         <run_address>0x6a4f</run_address>
         <size>0x46</size>
         <input_file_ref idref="fl-c0"/>
      </object_component>
      <object_component id="oc-92">
         <name>.debug_info</name>
         <load_address>0x6a95</load_address>
         <run_address>0x6a95</run_address>
         <size>0x2c</size>
         <input_file_ref idref="fl-c0"/>
      </object_component>
      <object_component id="oc-55">
         <name>.debug_info</name>
         <load_address>0x6ac1</load_address>
         <run_address>0x6ac1</run_address>
         <size>0x12f</size>
         <input_file_ref idref="fl-c1"/>
      </object_component>
      <object_component id="oc-21">
         <name>.debug_info</name>
         <load_address>0x6bf0</load_address>
         <run_address>0x6bf0</run_address>
         <size>0x1aa</size>
         <input_file_ref idref="fl-c1"/>
      </object_component>
      <object_component id="oc-50">
         <name>.debug_info</name>
         <load_address>0x6d9a</load_address>
         <run_address>0x6d9a</run_address>
         <size>0x46</size>
         <input_file_ref idref="fl-c1"/>
      </object_component>
      <object_component id="oc-9a">
         <name>.debug_info</name>
         <load_address>0x6de0</load_address>
         <run_address>0x6de0</run_address>
         <size>0x2c</size>
         <input_file_ref idref="fl-c1"/>
      </object_component>
      <object_component id="oc-ba">
         <name>.debug_info</name>
         <load_address>0x6e0c</load_address>
         <run_address>0x6e0c</run_address>
         <size>0x234</size>
         <input_file_ref idref="fl-c2"/>
      </object_component>
      <object_component id="oc-b4">
         <name>.debug_info</name>
         <load_address>0x7040</load_address>
         <run_address>0x7040</run_address>
         <size>0x185</size>
         <input_file_ref idref="fl-c2"/>
      </object_component>
      <object_component id="oc-6f">
         <name>.debug_info</name>
         <load_address>0x71c5</load_address>
         <run_address>0x71c5</run_address>
         <size>0x214</size>
         <input_file_ref idref="fl-c2"/>
      </object_component>
      <object_component id="oc-41">
         <name>.debug_info</name>
         <load_address>0x73d9</load_address>
         <run_address>0x73d9</run_address>
         <size>0x111</size>
         <input_file_ref idref="fl-c3"/>
      </object_component>
      <object_component id="oc-4b">
         <name>.debug_info</name>
         <load_address>0x74ea</load_address>
         <run_address>0x74ea</run_address>
         <size>0x13f</size>
         <input_file_ref idref="fl-c4"/>
      </object_component>
      <object_component id="oc-57">
         <name>.debug_info</name>
         <load_address>0x7629</load_address>
         <run_address>0x7629</run_address>
         <size>0x138</size>
         <input_file_ref idref="fl-c5"/>
      </object_component>
      <object_component id="oc-5d">
         <name>.debug_info</name>
         <load_address>0x7761</load_address>
         <run_address>0x7761</run_address>
         <size>0x148</size>
         <input_file_ref idref="fl-c6"/>
      </object_component>
      <object_component id="oc-132">
         <name>.debug_info</name>
         <load_address>0x78a9</load_address>
         <run_address>0x78a9</run_address>
         <size>0x22c</size>
         <input_file_ref idref="fl-c7"/>
      </object_component>
      <object_component id="oc-c6">
         <name>.debug_info</name>
         <load_address>0x7ad5</load_address>
         <run_address>0x7ad5</run_address>
         <size>0x284</size>
         <input_file_ref idref="fl-c7"/>
      </object_component>
      <object_component id="oc-1e3">
         <name>.debug_info</name>
         <load_address>0x7d59</load_address>
         <run_address>0x7d59</run_address>
         <size>0xae</size>
         <input_file_ref idref="fl-c7"/>
      </object_component>
      <object_component id="oc-75">
         <name>.debug_info</name>
         <load_address>0x7e07</load_address>
         <run_address>0x7e07</run_address>
         <size>0x109</size>
         <input_file_ref idref="fl-c8"/>
      </object_component>
      <object_component id="oc-114">
         <name>.debug_info</name>
         <load_address>0x7f10</load_address>
         <run_address>0x7f10</run_address>
         <size>0x124</size>
         <input_file_ref idref="fl-c9"/>
      </object_component>
      <object_component id="oc-b7">
         <name>.debug_info</name>
         <load_address>0x8034</load_address>
         <run_address>0x8034</run_address>
         <size>0x113</size>
         <input_file_ref idref="fl-c9"/>
      </object_component>
      <object_component id="oc-10d">
         <name>.debug_info</name>
         <load_address>0x8147</load_address>
         <run_address>0x8147</run_address>
         <size>0x21f</size>
         <input_file_ref idref="fl-c9"/>
      </object_component>
      <object_component id="oc-1cd">
         <name>.debug_info</name>
         <load_address>0x8366</load_address>
         <run_address>0x8366</run_address>
         <size>0x385</size>
         <input_file_ref idref="fl-ca"/>
      </object_component>
      <object_component id="oc-129">
         <name>.debug_info</name>
         <load_address>0x86eb</load_address>
         <run_address>0x86eb</run_address>
         <size>0x1543</size>
         <input_file_ref idref="fl-ca"/>
      </object_component>
      <object_component id="oc-1ce">
         <name>.debug_info</name>
         <load_address>0x9c2e</load_address>
         <run_address>0x9c2e</run_address>
         <size>0x86</size>
         <input_file_ref idref="fl-ca"/>
      </object_component>
      <object_component id="oc-1d8">
         <name>.debug_info</name>
         <load_address>0x9cb4</load_address>
         <run_address>0x9cb4</run_address>
         <size>0x2c</size>
         <input_file_ref idref="fl-ca"/>
      </object_component>
      <object_component id="oc-241">
         <name>.debug_info</name>
         <load_address>0x9ce0</load_address>
         <run_address>0x9ce0</run_address>
         <size>0x46</size>
         <input_file_ref idref="fl-ca"/>
      </object_component>
      <object_component id="oc-1d3">
         <name>.debug_info</name>
         <load_address>0x9d26</load_address>
         <run_address>0x9d26</run_address>
         <size>0x39</size>
         <input_file_ref idref="fl-ca"/>
      </object_component>
      <object_component id="oc-b2">
         <name>.debug_info</name>
         <load_address>0x9d5f</load_address>
         <run_address>0x9d5f</run_address>
         <size>0x166</size>
         <input_file_ref idref="fl-cb"/>
      </object_component>
      <object_component id="oc-6a">
         <name>.debug_info</name>
         <load_address>0x9ec5</load_address>
         <run_address>0x9ec5</run_address>
         <size>0x167</size>
         <input_file_ref idref="fl-cb"/>
      </object_component>
      <object_component id="oc-105">
         <name>.debug_info</name>
         <load_address>0xa02c</load_address>
         <run_address>0xa02c</run_address>
         <size>0x5e</size>
         <input_file_ref idref="fl-cb"/>
      </object_component>
      <object_component id="oc-23c">
         <name>.debug_info</name>
         <load_address>0xa08a</load_address>
         <run_address>0xa08a</run_address>
         <size>0x114</size>
         <input_file_ref idref="fl-cc"/>
      </object_component>
      <object_component id="oc-1c1">
         <name>.debug_info</name>
         <load_address>0xa19e</load_address>
         <run_address>0xa19e</run_address>
         <size>0x171</size>
         <input_file_ref idref="fl-cc"/>
      </object_component>
      <object_component id="oc-b0">
         <name>.debug_info</name>
         <load_address>0xa30f</load_address>
         <run_address>0xa30f</run_address>
         <size>0x2e9</size>
         <input_file_ref idref="fl-cd"/>
      </object_component>
      <object_component id="oc-63">
         <name>.debug_info</name>
         <load_address>0xa5f8</load_address>
         <run_address>0xa5f8</run_address>
         <size>0x190</size>
         <input_file_ref idref="fl-cd"/>
      </object_component>
      <object_component id="oc-f9">
         <name>.debug_info</name>
         <load_address>0xa788</load_address>
         <run_address>0xa788</run_address>
         <size>0x39</size>
         <input_file_ref idref="fl-cd"/>
      </object_component>
      <object_component id="oc-154">
         <name>.debug_info</name>
         <load_address>0xa7c1</load_address>
         <run_address>0xa7c1</run_address>
         <size>0x39</size>
         <input_file_ref idref="fl-cd"/>
      </object_component>
      <object_component id="oc-fe">
         <name>.debug_info</name>
         <load_address>0xa7fa</load_address>
         <run_address>0xa7fa</run_address>
         <size>0xcd</size>
         <input_file_ref idref="fl-cd"/>
      </object_component>
      <object_component id="oc-f5">
         <name>.debug_info</name>
         <load_address>0xa8c7</load_address>
         <run_address>0xa8c7</run_address>
         <size>0x1e0</size>
         <input_file_ref idref="fl-ce"/>
      </object_component>
      <object_component id="oc-a4">
         <name>.debug_info</name>
         <load_address>0xaaa7</load_address>
         <run_address>0xaaa7</run_address>
         <size>0x183</size>
         <input_file_ref idref="fl-ce"/>
      </object_component>
      <object_component id="oc-14f">
         <name>.debug_info</name>
         <load_address>0xac2a</load_address>
         <run_address>0xac2a</run_address>
         <size>0x2c</size>
         <input_file_ref idref="fl-ce"/>
      </object_component>
      <object_component id="oc-287">
         <name>.debug_info</name>
         <load_address>0xac56</load_address>
         <run_address>0xac56</run_address>
         <size>0xee</size>
         <input_file_ref idref="fl-cf"/>
      </object_component>
      <object_component id="oc-239">
         <name>.debug_info</name>
         <load_address>0xad44</load_address>
         <run_address>0xad44</run_address>
         <size>0xfa</size>
         <input_file_ref idref="fl-cf"/>
      </object_component>
      <object_component id="oc-1df">
         <name>.debug_info</name>
         <load_address>0xae3e</load_address>
         <run_address>0xae3e</run_address>
         <size>0x139</size>
         <input_file_ref idref="fl-d0"/>
      </object_component>
      <object_component id="oc-12f">
         <name>.debug_info</name>
         <load_address>0xaf77</load_address>
         <run_address>0xaf77</run_address>
         <size>0xf7</size>
         <input_file_ref idref="fl-d0"/>
      </object_component>
      <object_component id="oc-1f7">
         <name>.debug_info</name>
         <load_address>0xb06e</load_address>
         <run_address>0xb06e</run_address>
         <size>0x184</size>
         <input_file_ref idref="fl-d0"/>
      </object_component>
      <object_component id="oc-1ab">
         <name>.debug_info</name>
         <load_address>0xb1f2</load_address>
         <run_address>0xb1f2</run_address>
         <size>0x144</size>
         <input_file_ref idref="fl-d1"/>
      </object_component>
      <object_component id="oc-186">
         <name>.debug_info</name>
         <load_address>0xb336</load_address>
         <run_address>0xb336</run_address>
         <size>0x120</size>
         <input_file_ref idref="fl-d2"/>
      </object_component>
      <object_component id="oc-195">
         <name>.debug_info</name>
         <load_address>0xb456</load_address>
         <run_address>0xb456</run_address>
         <size>0x122</size>
         <input_file_ref idref="fl-d2"/>
      </object_component>
      <object_component id="oc-190">
         <name>.debug_info</name>
         <load_address>0xb578</load_address>
         <run_address>0xb578</run_address>
         <size>0x132</size>
         <input_file_ref idref="fl-d3"/>
      </object_component>
      <object_component id="oc-18b">
         <name>.debug_info</name>
         <load_address>0xb6aa</load_address>
         <run_address>0xb6aa</run_address>
         <size>0x132</size>
         <input_file_ref idref="fl-d4"/>
      </object_component>
      <object_component id="oc-19a">
         <name>.debug_info</name>
         <load_address>0xb7dc</load_address>
         <run_address>0xb7dc</run_address>
         <size>0x126</size>
         <input_file_ref idref="fl-d5"/>
      </object_component>
      <object_component id="oc-171">
         <name>.debug_info</name>
         <load_address>0xb902</load_address>
         <run_address>0xb902</run_address>
         <size>0x1de</size>
         <input_file_ref idref="fl-d6"/>
      </object_component>
      <object_component id="oc-11d">
         <name>.debug_info</name>
         <load_address>0xbae0</load_address>
         <run_address>0xbae0</run_address>
         <size>0x23f</size>
         <input_file_ref idref="fl-d6"/>
      </object_component>
      <object_component id="oc-17f">
         <name>.debug_info</name>
         <load_address>0xbd1f</load_address>
         <run_address>0xbd1f</run_address>
         <size>0x2a2</size>
         <input_file_ref idref="fl-d7"/>
      </object_component>
      <object_component id="oc-124">
         <name>.debug_info</name>
         <load_address>0xbfc1</load_address>
         <run_address>0xbfc1</run_address>
         <size>0x359</size>
         <input_file_ref idref="fl-d7"/>
      </object_component>
      <object_component id="oc-1a5">
         <name>.debug_info</name>
         <load_address>0xc31a</load_address>
         <run_address>0xc31a</run_address>
         <size>0x124</size>
         <input_file_ref idref="fl-d8"/>
      </object_component>
      <object_component id="oc-20b">
         <name>.debug_info</name>
         <load_address>0xc43e</load_address>
         <run_address>0xc43e</run_address>
         <size>0x4a0</size>
         <input_file_ref idref="fl-d9"/>
      </object_component>
      <object_component id="oc-208">
         <name>.debug_info</name>
         <load_address>0xc8de</load_address>
         <run_address>0xc8de</run_address>
         <size>0x116</size>
         <input_file_ref idref="fl-d9"/>
      </object_component>
      <object_component id="oc-16b">
         <name>.debug_info</name>
         <load_address>0xc9f4</load_address>
         <run_address>0xc9f4</run_address>
         <size>0xb0b</size>
         <input_file_ref idref="fl-d9"/>
      </object_component>
      <object_component id="oc-271">
         <name>.debug_info</name>
         <load_address>0xd4ff</load_address>
         <run_address>0xd4ff</run_address>
         <size>0x120</size>
         <input_file_ref idref="fl-d9"/>
      </object_component>
      <object_component id="oc-20d">
         <name>.debug_info</name>
         <load_address>0xd61f</load_address>
         <run_address>0xd61f</run_address>
         <size>0x2c</size>
         <input_file_ref idref="fl-d9"/>
      </object_component>
      <object_component id="oc-221">
         <name>.debug_info</name>
         <load_address>0xd64b</load_address>
         <run_address>0xd64b</run_address>
         <size>0x14c</size>
         <input_file_ref idref="fl-da"/>
      </object_component>
      <object_component id="oc-1a0">
         <name>.debug_info</name>
         <load_address>0xd797</load_address>
         <run_address>0xd797</run_address>
         <size>0x1c2</size>
         <input_file_ref idref="fl-da"/>
      </object_component>
      <object_component id="oc-23e">
         <name>.debug_info</name>
         <load_address>0xd959</load_address>
         <run_address>0xd959</run_address>
         <size>0xf1</size>
         <input_file_ref idref="fl-db"/>
      </object_component>
      <object_component id="oc-1c7">
         <name>.debug_info</name>
         <load_address>0xda4a</load_address>
         <run_address>0xda4a</run_address>
         <size>0x1ab</size>
         <input_file_ref idref="fl-db"/>
      </object_component>
      <object_component id="oc-217">
         <name>.debug_info</name>
         <load_address>0xdbf5</load_address>
         <run_address>0xdbf5</run_address>
         <size>0x100</size>
         <input_file_ref idref="fl-dc"/>
      </object_component>
      <object_component id="oc-179">
         <name>.debug_info</name>
         <load_address>0xdcf5</load_address>
         <run_address>0xdcf5</run_address>
         <size>0x242</size>
         <input_file_ref idref="fl-dc"/>
      </object_component>
      <object_component id="oc-225">
         <name>.debug_info</name>
         <load_address>0xdf37</load_address>
         <run_address>0xdf37</run_address>
         <size>0x13f</size>
         <input_file_ref idref="fl-dd"/>
      </object_component>
      <object_component id="oc-1b0">
         <name>.debug_info</name>
         <load_address>0xe076</load_address>
         <run_address>0xe076</run_address>
         <size>0x18a</size>
         <input_file_ref idref="fl-dd"/>
      </object_component>
      <object_component id="oc-226">
         <name>.debug_info</name>
         <load_address>0xe200</load_address>
         <run_address>0xe200</run_address>
         <size>0x2c</size>
         <input_file_ref idref="fl-dd"/>
      </object_component>
      <object_component id="oc-235">
         <name>.debug_info</name>
         <load_address>0xe22c</load_address>
         <run_address>0xe22c</run_address>
         <size>0x17c</size>
         <input_file_ref idref="fl-de"/>
      </object_component>
      <object_component id="oc-1b5">
         <name>.debug_info</name>
         <load_address>0xe3a8</load_address>
         <run_address>0xe3a8</run_address>
         <size>0x1d5</size>
         <input_file_ref idref="fl-de"/>
      </object_component>
      <object_component id="oc-ab">
         <name>.debug_info</name>
         <load_address>0xe57d</load_address>
         <run_address>0xe57d</run_address>
         <size>0x145</size>
         <input_file_ref idref="fl-df"/>
      </object_component>
      <object_component id="oc-237">
         <name>.debug_info</name>
         <load_address>0xe6c2</load_address>
         <run_address>0xe6c2</run_address>
         <size>0xf5</size>
         <input_file_ref idref="fl-e0"/>
      </object_component>
      <object_component id="oc-1bb">
         <name>.debug_info</name>
         <load_address>0xe7b7</load_address>
         <run_address>0xe7b7</run_address>
         <size>0x244</size>
         <input_file_ref idref="fl-e0"/>
      </object_component>
      <object_component id="oc-264">
         <name>.debug_info</name>
         <load_address>0xe9fb</load_address>
         <run_address>0xe9fb</run_address>
         <size>0xe5</size>
         <input_file_ref idref="fl-e1"/>
      </object_component>
      <object_component id="oc-1fc">
         <name>.debug_info</name>
         <load_address>0xeae0</load_address>
         <run_address>0xeae0</run_address>
         <size>0x258</size>
         <input_file_ref idref="fl-e1"/>
      </object_component>
      <object_component id="oc-215">
         <name>.debug_info</name>
         <load_address>0xed38</load_address>
         <run_address>0xed38</run_address>
         <size>0xea</size>
         <input_file_ref idref="fl-e2"/>
      </object_component>
      <object_component id="oc-173">
         <name>.debug_info</name>
         <load_address>0xee22</load_address>
         <run_address>0xee22</run_address>
         <size>0x22a</size>
         <input_file_ref idref="fl-e2"/>
      </object_component>
      <object_component id="oc-266">
         <name>.debug_info</name>
         <load_address>0xf04c</load_address>
         <run_address>0xf04c</run_address>
         <size>0xf6</size>
         <input_file_ref idref="fl-e3"/>
      </object_component>
      <object_component id="oc-202">
         <name>.debug_info</name>
         <load_address>0xf142</load_address>
         <run_address>0xf142</run_address>
         <size>0x259</size>
         <input_file_ref idref="fl-e3"/>
      </object_component>
      <object_component id="oc-2b1">
         <name>.debug_info</name>
         <load_address>0xf39b</load_address>
         <run_address>0xf39b</run_address>
         <size>0x24f</size>
         <input_file_ref idref="fl-e4"/>
      </object_component>
      <object_component id="oc-2ae">
         <name>.debug_info</name>
         <load_address>0xf5ea</load_address>
         <run_address>0xf5ea</run_address>
         <size>0xf8</size>
         <input_file_ref idref="fl-e4"/>
      </object_component>
      <object_component id="oc-268">
         <name>.debug_info</name>
         <load_address>0xf6e2</load_address>
         <run_address>0xf6e2</run_address>
         <size>0xab9</size>
         <input_file_ref idref="fl-e4"/>
      </object_component>
      <object_component id="oc-2b2">
         <name>.debug_info</name>
         <load_address>0x1019b</load_address>
         <run_address>0x1019b</run_address>
         <size>0x53</size>
         <input_file_ref idref="fl-e4"/>
      </object_component>
      <object_component id="oc-2c4">
         <name>.debug_info</name>
         <load_address>0x101ee</load_address>
         <run_address>0x101ee</run_address>
         <size>0x116</size>
         <input_file_ref idref="fl-e5"/>
      </object_component>
      <object_component id="oc-2c1">
         <name>.debug_info</name>
         <load_address>0x10304</load_address>
         <run_address>0x10304</run_address>
         <size>0xfd</size>
         <input_file_ref idref="fl-e5"/>
      </object_component>
      <object_component id="oc-2a4">
         <name>.debug_info</name>
         <load_address>0x10401</load_address>
         <run_address>0x10401</run_address>
         <size>0x281</size>
         <input_file_ref idref="fl-e5"/>
      </object_component>
      <object_component id="oc-181">
         <name>.debug_info</name>
         <load_address>0x10682</load_address>
         <run_address>0x10682</run_address>
         <size>0x17d</size>
         <input_file_ref idref="fl-e6"/>
      </object_component>
      <object_component id="oc-1f5">
         <name>.debug_info</name>
         <load_address>0x107ff</load_address>
         <run_address>0x107ff</run_address>
         <size>0x151</size>
         <input_file_ref idref="fl-e7"/>
      </object_component>
      <object_component id="oc-15f">
         <name>.debug_info</name>
         <load_address>0x10950</load_address>
         <run_address>0x10950</run_address>
         <size>0x230</size>
         <input_file_ref idref="fl-e7"/>
      </object_component>
      <object_component id="oc-258">
         <name>.debug_info</name>
         <load_address>0x10b80</load_address>
         <run_address>0x10b80</run_address>
         <size>0xbb</size>
         <input_file_ref idref="fl-e7"/>
      </object_component>
      <object_component id="oc-232">
         <name>.debug_info</name>
         <load_address>0x10c3b</load_address>
         <run_address>0x10c3b</run_address>
         <size>0xf3</size>
         <input_file_ref idref="fl-e8"/>
      </object_component>
      <object_component id="oc-1fa">
         <name>.debug_info</name>
         <load_address>0x10d2e</load_address>
         <run_address>0x10d2e</run_address>
         <size>0x1a2</size>
         <input_file_ref idref="fl-e9"/>
      </object_component>
      <object_component id="oc-165">
         <name>.debug_info</name>
         <load_address>0x10ed0</load_address>
         <run_address>0x10ed0</run_address>
         <size>0x25a</size>
         <input_file_ref idref="fl-e9"/>
      </object_component>
      <object_component id="oc-249">
         <name>.debug_info</name>
         <load_address>0x1112a</load_address>
         <run_address>0x1112a</run_address>
         <size>0x17f</size>
         <input_file_ref idref="fl-ea"/>
      </object_component>
      <object_component id="oc-1ea">
         <name>.debug_info</name>
         <load_address>0x112a9</load_address>
         <run_address>0x112a9</run_address>
         <size>0x1e1</size>
         <input_file_ref idref="fl-ea"/>
      </object_component>
      <object_component id="oc-22e">
         <name>.debug_info</name>
         <load_address>0x1148a</load_address>
         <run_address>0x1148a</run_address>
         <size>0x156</size>
         <input_file_ref idref="fl-eb"/>
      </object_component>
      <object_component id="oc-257">
         <name>.debug_info</name>
         <load_address>0x115e0</load_address>
         <run_address>0x115e0</run_address>
         <size>0x1c0</size>
         <input_file_ref idref="fl-ec"/>
      </object_component>
      <object_component id="oc-1ef">
         <name>.debug_info</name>
         <load_address>0x117a0</load_address>
         <run_address>0x117a0</run_address>
         <size>0x200</size>
         <input_file_ref idref="fl-ec"/>
      </object_component>
      <object_component id="oc-2c6">
         <name>.debug_info</name>
         <load_address>0x119a0</load_address>
         <run_address>0x119a0</run_address>
         <size>0xf0</size>
         <input_file_ref idref="fl-ed"/>
      </object_component>
      <object_component id="oc-2a8">
         <name>.debug_info</name>
         <load_address>0x11a90</load_address>
         <run_address>0x11a90</run_address>
         <size>0x231</size>
         <input_file_ref idref="fl-ed"/>
      </object_component>
      <object_component id="oc-29a">
         <name>.debug_info</name>
         <load_address>0x11cc1</load_address>
         <run_address>0x11cc1</run_address>
         <size>0x23c</size>
         <input_file_ref idref="fl-ee"/>
      </object_component>
      <object_component id="oc-251">
         <name>.debug_info</name>
         <load_address>0x11efd</load_address>
         <run_address>0x11efd</run_address>
         <size>0x455</size>
         <input_file_ref idref="fl-ee"/>
      </object_component>
      <object_component id="oc-e8">
         <name>.debug_info</name>
         <load_address>0x12352</load_address>
         <run_address>0x12352</run_address>
         <size>0x2c</size>
         <input_file_ref idref="fl-ee"/>
      </object_component>
      <object_component id="oc-89">
         <name>.debug_info</name>
         <load_address>0x1237e</load_address>
         <run_address>0x1237e</run_address>
         <size>0x222</size>
         <input_file_ref idref="fl-ef"/>
      </object_component>
      <object_component id="oc-31">
         <name>.debug_info</name>
         <load_address>0x125a0</load_address>
         <run_address>0x125a0</run_address>
         <size>0x101</size>
         <input_file_ref idref="fl-ef"/>
      </object_component>
      <object_component id="oc-28f">
         <name>.debug_info</name>
         <load_address>0x126a1</load_address>
         <run_address>0x126a1</run_address>
         <size>0x14c</size>
         <input_file_ref idref="fl-ef"/>
      </object_component>
      <object_component id="oc-24b">
         <name>.debug_info</name>
         <load_address>0x127ed</load_address>
         <run_address>0x127ed</run_address>
         <size>0x885</size>
         <input_file_ref idref="fl-ef"/>
      </object_component>
      <object_component id="oc-ed">
         <name>.debug_info</name>
         <load_address>0x13072</load_address>
         <run_address>0x13072</run_address>
         <size>0x62</size>
         <input_file_ref idref="fl-ef"/>
      </object_component>
      <object_component id="oc-2bd">
         <name>.debug_info</name>
         <load_address>0x130d4</load_address>
         <run_address>0x130d4</run_address>
         <size>0x200</size>
         <input_file_ref idref="fl-f0"/>
      </object_component>
      <object_component id="oc-293">
         <name>.debug_info</name>
         <load_address>0x132d4</load_address>
         <run_address>0x132d4</run_address>
         <size>0x298</size>
         <input_file_ref idref="fl-f0"/>
      </object_component>
      <object_component id="oc-2fe">
         <name>.debug_info</name>
         <load_address>0x1356c</load_address>
         <run_address>0x1356c</run_address>
         <size>0xa1</size>
      </object_component>
      <object_component id="oc-13b">
         <name>.debug_line</name>
         <load_address>0x0</load_address>
         <run_address>0x0</run_address>
         <size>0xb6</size>
         <input_file_ref idref="fl-2"/>
      </object_component>
      <object_component id="oc-14c">
         <name>.debug_line</name>
         <load_address>0xb6</load_address>
         <run_address>0xb6</run_address>
         <size>0x2d</size>
         <input_file_ref idref="fl-2"/>
      </object_component>
      <object_component id="oc-139">
         <name>.debug_line</name>
         <load_address>0xe3</load_address>
         <run_address>0xe3</run_address>
         <size>0x2d</size>
         <input_file_ref idref="fl-2"/>
      </object_component>
      <object_component id="oc-82">
         <name>.debug_line</name>
         <load_address>0x110</load_address>
         <run_address>0x110</run_address>
         <size>0x312</size>
         <input_file_ref idref="fl-2"/>
      </object_component>
      <object_component id="oc-13f">
         <name>.debug_line</name>
         <load_address>0x422</load_address>
         <run_address>0x422</run_address>
         <size>0x52</size>
         <input_file_ref idref="fl-2"/>
      </object_component>
      <object_component id="oc-144">
         <name>.debug_line</name>
         <load_address>0x474</load_address>
         <run_address>0x474</run_address>
         <size>0x55</size>
         <input_file_ref idref="fl-2"/>
      </object_component>
      <object_component id="oc-dd">
         <name>.debug_line</name>
         <load_address>0x4c9</load_address>
         <run_address>0x4c9</run_address>
         <size>0x20</size>
         <input_file_ref idref="fl-2"/>
      </object_component>
      <object_component id="oc-e2">
         <name>.debug_line</name>
         <load_address>0x4e9</load_address>
         <run_address>0x4e9</run_address>
         <size>0x65</size>
         <input_file_ref idref="fl-2"/>
      </object_component>
      <object_component id="oc-136">
         <name>.debug_line</name>
         <load_address>0x54e</load_address>
         <run_address>0x54e</run_address>
         <size>0x65</size>
         <input_file_ref idref="fl-2"/>
      </object_component>
      <object_component id="oc-149">
         <name>.debug_line</name>
         <load_address>0x5b3</load_address>
         <run_address>0x5b3</run_address>
         <size>0x7e</size>
         <input_file_ref idref="fl-2"/>
      </object_component>
      <object_component id="oc-e5">
         <name>.debug_line</name>
         <load_address>0x631</load_address>
         <run_address>0x631</run_address>
         <size>0x40</size>
         <input_file_ref idref="fl-3"/>
      </object_component>
      <object_component id="oc-85">
         <name>.debug_line</name>
         <load_address>0x671</load_address>
         <run_address>0x671</run_address>
         <size>0x40</size>
         <input_file_ref idref="fl-3"/>
      </object_component>
      <object_component id="oc-7c">
         <name>.debug_line</name>
         <load_address>0x6b1</load_address>
         <run_address>0x6b1</run_address>
         <size>0x71</size>
         <input_file_ref idref="fl-3"/>
      </object_component>
      <object_component id="oc-3c">
         <name>.debug_line</name>
         <load_address>0x722</load_address>
         <run_address>0x722</run_address>
         <size>0x20</size>
         <input_file_ref idref="fl-3"/>
      </object_component>
      <object_component id="oc-15d">
         <name>.debug_line</name>
         <load_address>0x742</load_address>
         <run_address>0x742</run_address>
         <size>0x3b</size>
         <input_file_ref idref="fl-4"/>
      </object_component>
      <object_component id="oc-c2">
         <name>.debug_line</name>
         <load_address>0x77d</load_address>
         <run_address>0x77d</run_address>
         <size>0x146</size>
         <input_file_ref idref="fl-4"/>
      </object_component>
      <object_component id="oc-28">
         <name>.debug_line</name>
         <load_address>0x8c3</load_address>
         <run_address>0x8c3</run_address>
         <size>0x53</size>
         <input_file_ref idref="fl-be"/>
      </object_component>
      <object_component id="oc-f3">
         <name>.debug_line</name>
         <load_address>0x916</load_address>
         <run_address>0x916</run_address>
         <size>0x20</size>
         <input_file_ref idref="fl-bf"/>
      </object_component>
      <object_component id="oc-17">
         <name>.debug_line</name>
         <load_address>0x936</load_address>
         <run_address>0x936</run_address>
         <size>0xa9</size>
         <input_file_ref idref="fl-bf"/>
      </object_component>
      <object_component id="oc-37">
         <name>.debug_line</name>
         <load_address>0x9df</load_address>
         <run_address>0x9df</run_address>
         <size>0x3a</size>
         <input_file_ref idref="fl-bf"/>
      </object_component>
      <object_component id="oc-8e">
         <name>.debug_line</name>
         <load_address>0xa19</load_address>
         <run_address>0xa19</run_address>
         <size>0x8a</size>
         <input_file_ref idref="fl-bf"/>
      </object_component>
      <object_component id="oc-98">
         <name>.debug_line</name>
         <load_address>0xaa3</load_address>
         <run_address>0xaa3</run_address>
         <size>0x8a</size>
         <input_file_ref idref="fl-c0"/>
      </object_component>
      <object_component id="oc-1e">
         <name>.debug_line</name>
         <load_address>0xb2d</load_address>
         <run_address>0xb2d</run_address>
         <size>0x55</size>
         <input_file_ref idref="fl-c0"/>
      </object_component>
      <object_component id="oc-47">
         <name>.debug_line</name>
         <load_address>0xb82</load_address>
         <run_address>0xb82</run_address>
         <size>0x3a</size>
         <input_file_ref idref="fl-c0"/>
      </object_component>
      <object_component id="oc-95">
         <name>.debug_line</name>
         <load_address>0xbbc</load_address>
         <run_address>0xbbc</run_address>
         <size>0x8a</size>
         <input_file_ref idref="fl-c0"/>
      </object_component>
      <object_component id="oc-a0">
         <name>.debug_line</name>
         <load_address>0xc46</load_address>
         <run_address>0xc46</run_address>
         <size>0x8a</size>
         <input_file_ref idref="fl-c1"/>
      </object_component>
      <object_component id="oc-24">
         <name>.debug_line</name>
         <load_address>0xcd0</load_address>
         <run_address>0xcd0</run_address>
         <size>0x4f</size>
         <input_file_ref idref="fl-c1"/>
      </object_component>
      <object_component id="oc-53">
         <name>.debug_line</name>
         <load_address>0xd1f</load_address>
         <run_address>0xd1f</run_address>
         <size>0x34</size>
         <input_file_ref idref="fl-c1"/>
      </object_component>
      <object_component id="oc-9d">
         <name>.debug_line</name>
         <load_address>0xd53</load_address>
         <run_address>0xd53</run_address>
         <size>0x8a</size>
         <input_file_ref idref="fl-c1"/>
      </object_component>
      <object_component id="oc-117">
         <name>.debug_line</name>
         <load_address>0xddd</load_address>
         <run_address>0xddd</run_address>
         <size>0xf2</size>
         <input_file_ref idref="fl-c2"/>
      </object_component>
      <object_component id="oc-10b">
         <name>.debug_line</name>
         <load_address>0xecf</load_address>
         <run_address>0xecf</run_address>
         <size>0x2a</size>
         <input_file_ref idref="fl-c2"/>
      </object_component>
      <object_component id="oc-72">
         <name>.debug_line</name>
         <load_address>0xef9</load_address>
         <run_address>0xef9</run_address>
         <size>0x86</size>
         <input_file_ref idref="fl-c2"/>
      </object_component>
      <object_component id="oc-40">
         <name>.debug_line</name>
         <load_address>0xf7f</load_address>
         <run_address>0xf7f</run_address>
         <size>0x88</size>
         <input_file_ref idref="fl-c3"/>
      </object_component>
      <object_component id="oc-4e">
         <name>.debug_line</name>
         <load_address>0x1007</load_address>
         <run_address>0x1007</run_address>
         <size>0x79</size>
         <input_file_ref idref="fl-c4"/>
      </object_component>
      <object_component id="oc-5a">
         <name>.debug_line</name>
         <load_address>0x1080</load_address>
         <run_address>0x1080</run_address>
         <size>0x3d</size>
         <input_file_ref idref="fl-c5"/>
      </object_component>
      <object_component id="oc-60">
         <name>.debug_line</name>
         <load_address>0x10bd</load_address>
         <run_address>0x10bd</run_address>
         <size>0x40</size>
         <input_file_ref idref="fl-c6"/>
      </object_component>
      <object_component id="oc-1e2">
         <name>.debug_line</name>
         <load_address>0x10fd</load_address>
         <run_address>0x10fd</run_address>
         <size>0xfe</size>
         <input_file_ref idref="fl-c7"/>
      </object_component>
      <object_component id="oc-c9">
         <name>.debug_line</name>
         <load_address>0x11fb</load_address>
         <run_address>0x11fb</run_address>
         <size>0x8d</size>
         <input_file_ref idref="fl-c7"/>
      </object_component>
      <object_component id="oc-1e6">
         <name>.debug_line</name>
         <load_address>0x1288</load_address>
         <run_address>0x1288</run_address>
         <size>0x89</size>
         <input_file_ref idref="fl-c7"/>
      </object_component>
      <object_component id="oc-bd">
         <name>.debug_line</name>
         <load_address>0x1311</load_address>
         <run_address>0x1311</run_address>
         <size>0x33</size>
         <input_file_ref idref="fl-c8"/>
      </object_component>
      <object_component id="oc-15b">
         <name>.debug_line</name>
         <load_address>0x1344</load_address>
         <run_address>0x1344</run_address>
         <size>0x20</size>
         <input_file_ref idref="fl-c9"/>
      </object_component>
      <object_component id="oc-113">
         <name>.debug_line</name>
         <load_address>0x1364</load_address>
         <run_address>0x1364</run_address>
         <size>0x2b</size>
         <input_file_ref idref="fl-c9"/>
      </object_component>
      <object_component id="oc-110">
         <name>.debug_line</name>
         <load_address>0x138f</load_address>
         <run_address>0x138f</run_address>
         <size>0x68</size>
         <input_file_ref idref="fl-c9"/>
      </object_component>
      <object_component id="oc-240">
         <name>.debug_line</name>
         <load_address>0x13f7</load_address>
         <run_address>0x13f7</run_address>
         <size>0x16a</size>
         <input_file_ref idref="fl-ca"/>
      </object_component>
      <object_component id="oc-12c">
         <name>.debug_line</name>
         <load_address>0x1561</load_address>
         <run_address>0x1561</run_address>
         <size>0xc42</size>
         <input_file_ref idref="fl-ca"/>
      </object_component>
      <object_component id="oc-1d1">
         <name>.debug_line</name>
         <load_address>0x21a3</load_address>
         <run_address>0x21a3</run_address>
         <size>0x8a</size>
         <input_file_ref idref="fl-ca"/>
      </object_component>
      <object_component id="oc-1db">
         <name>.debug_line</name>
         <load_address>0x222d</load_address>
         <run_address>0x222d</run_address>
         <size>0x89</size>
         <input_file_ref idref="fl-ca"/>
      </object_component>
      <object_component id="oc-244">
         <name>.debug_line</name>
[...]
         <name>_unlock</name>
         <value>0x2000084c</value>
         <object_component_ref idref="oc-b6"/>
      </symbol>
      <symbol id="sm-2a4">
         <name>_register_lock</name>
         <value>0x3e27</value>
         <object_component_ref idref="oc-10c"/>
      </symbol>
      <symbol id="sm-2a5">
         <name>_register_unlock</name>
         <value>0x3e21</value>
         <object_component_ref idref="oc-10c"/>
      </symbol>
      <symbol id="sm-3ab">
         <name>__TI_printfi</name>
         <value>0x925</value>
         <object_component_ref idref="oc-128"/>
      </symbol>
      <symbol id="sm-3bf">
         <name>_args_main</name>
         <value>0x3dd9</value>
         <object_component_ref idref="oc-68"/>
      </symbol>
      <symbol id="sm-3d5">
         <name>atoi</name>
         <value>0x3c59</value>
         <object_component_ref idref="oc-1c0"/>
      </symbol>
      <symbol id="sm-3ff">
         <name>__TI_auto_init</name>
         <value>0x38e1</value>
         <object_component_ref idref="oc-62"/>
      </symbol>
      <symbol id="sm-419">
         <name>copy_in</name>
         <value>0x3ca5</value>
         <object_component_ref idref="oc-a3"/>
      </symbol>
      <symbol id="sm-424">
         <name>_ctypes_</name>
         <value>0x3e9c</value>
         <object_component_ref idref="oc-238"/>
      </symbol>
      <symbol id="sm-439">
         <name>__TI_tmpnams</name>
         <value>0x20000520</value>
      </symbol>
      <symbol id="sm-43a">
         <name>__aeabi_stdout</name>
         <value>0x20000828</value>
         <object_component_ref idref="oc-1f6"/>
      </symbol>
      <symbol id="sm-43b">
         <name>__aeabi_stderr</name>
         <value>0x2000082c</value>
         <object_component_ref idref="oc-1f6"/>
      </symbol>
      <symbol id="sm-43c">
         <name>__aeabi_stdin</name>
         <value>0x20000824</value>
         <object_component_ref idref="oc-1f6"/>
      </symbol>
      <symbol id="sm-43d">
         <name>_ftable</name>
         <value>0x20000640</value>
         <object_component_ref idref="oc-12e"/>
      </symbol>
      <symbol id="sm-43e">
         <name>__TI_ft_end</name>
         <value>0x20000820</value>
         <object_component_ref idref="oc-1f6"/>
      </symbol>
      <symbol id="sm-455">
         <name>__aeabi_dsub</name>
         <value>0x2d25</value>
         <object_component_ref idref="oc-1a9"/>
      </symbol>
      <symbol id="sm-456">
         <name>__aeabi_dadd</name>
         <value>0x2d2f</value>
         <object_component_ref idref="oc-1a9"/>
      </symbol>
      <symbol id="sm-478">
         <name>__aeabi_cdcmpeq</name>
         <value>0x3759</value>
         <object_component_ref idref="oc-185"/>
      </symbol>
      <symbol id="sm-479">
         <name>__aeabi_cdcmple</name>
         <value>0x3759</value>
         <object_component_ref idref="oc-185"/>
      </symbol>
      <symbol id="sm-47a">
         <name>__aeabi_cdrcmple</name>
         <value>0x37df</value>
         <object_component_ref idref="oc-194"/>
      </symbol>
      <symbol id="sm-48e">
         <name>__aeabi_ddiv</name>
         <value>0x2edb</value>
         <object_component_ref idref="oc-18f"/>
      </symbol>
      <symbol id="sm-499">
         <name>__aeabi_dmul</name>
         <value>0x3145</value>
         <object_component_ref idref="oc-18a"/>
      </symbol>
      <symbol id="sm-4a3">
         <name>__aeabi_d2iz</name>
         <value>0x3cf1</value>
         <object_component_ref idref="oc-199"/>
      </symbol>
      <symbol id="sm-4ba">
         <name>putc</name>
         <value>0x36c1</value>
         <object_component_ref idref="oc-11c"/>
      </symbol>
      <symbol id="sm-4bb">
         <name>fputc</name>
         <value>0x36c1</value>
         <object_component_ref idref="oc-11c"/>
      </symbol>
      <symbol id="sm-4bc">
         <name>putchar</name>
         <value>0x3745</value>
         <object_component_ref idref="oc-11c"/>
      </symbol>
      <symbol id="sm-4de">
         <name>puts</name>
         <value>0x311d</value>
         <object_component_ref idref="oc-122"/>
      </symbol>
      <symbol id="sm-4df">
         <name>fputs</name>
         <value>0x3011</value>
         <object_component_ref idref="oc-122"/>
      </symbol>
      <symbol id="sm-4e9">
         <name>__aeabi_i2d</name>
         <value>0x3d6f</value>
         <object_component_ref idref="oc-1a4"/>
      </symbol>
      <symbol id="sm-537">
         <name>open</name>
         <value>0x279f</value>
         <object_component_ref idref="oc-16a"/>
      </symbol>
      <symbol id="sm-538">
         <name>add_device</name>
         <value>0x28c1</value>
         <object_component_ref idref="oc-16a"/>
      </symbol>
      <symbol id="sm-539">
         <name>remove_device</name>
         <value>0x2753</value>
         <object_component_ref idref="oc-16a"/>
      </symbol>
      <symbol id="sm-53a">
         <name>lseek</name>
         <value>0x284d</value>
         <object_component_ref idref="oc-16a"/>
      </symbol>
      <symbol id="sm-53b">
         <name>read</name>
         <value>0x277b</value>
         <object_component_ref idref="oc-16a"/>
      </symbol>
      <symbol id="sm-53c">
         <name>rename</name>
         <value>0x2715</value>
         <object_component_ref idref="oc-16a"/>
      </symbol>
      <symbol id="sm-53d">
         <name>write</name>
         <value>0x2661</value>
         <object_component_ref idref="oc-16a"/>
      </symbol>
      <symbol id="sm-53e">
         <name>close</name>
         <value>0x2871</value>
         <object_component_ref idref="oc-16a"/>
      </symbol>
      <symbol id="sm-53f">
         <name>unlink</name>
         <value>0x26f1</value>
         <object_component_ref idref="oc-16a"/>
      </symbol>
      <symbol id="sm-54e">
         <name>ltoa</name>
         <value>0x3b59</value>
         <object_component_ref idref="oc-19e"/>
      </symbol>
      <symbol id="sm-55e">
         <name>memccpy</name>
         <value>0x3dbd</value>
         <object_component_ref idref="oc-1c6"/>
      </symbol>
      <symbol id="sm-56e">
         <name>memchr</name>
         <value>0x3d9d</value>
         <object_component_ref idref="oc-178"/>
      </symbol>
      <symbol id="sm-589">
         <name>frexpl</name>
         <value>0x3af5</value>
         <object_component_ref idref="oc-1ae"/>
      </symbol>
      <symbol id="sm-58a">
         <name>frexp</name>
         <value>0x3af5</value>
         <object_component_ref idref="oc-1ae"/>
      </symbol>
      <symbol id="sm-5a7">
         <name>scalbn</name>
         <value>0x3241</value>
         <object_component_ref idref="oc-1b4"/>
      </symbol>
      <symbol id="sm-5a8">
         <name>scalbnl</name>
         <value>0x3241</value>
         <object_component_ref idref="oc-1b4"/>
      </symbol>
      <symbol id="sm-5a9">
         <name>ldexpl</name>
         <value>0x3241</value>
         <object_component_ref idref="oc-1b4"/>
      </symbol>
      <symbol id="sm-5aa">
         <name>ldexp</name>
         <value>0x3241</value>
         <object_component_ref idref="oc-1b4"/>
      </symbol>
      <symbol id="sm-5b4">
         <name>_system_post_cinit</name>
         <value>0x38df</value>
         <object_component_ref idref="oc-a9"/>
      </symbol>
      <symbol id="sm-5c4">
         <name>strchr</name>
         <value>0x3e09</value>
         <object_component_ref idref="oc-1ba"/>
      </symbol>
      <symbol id="sm-5d3">
         <name>strcmp</name>
         <value>0x3df1</value>
         <object_component_ref idref="oc-1fb"/>
      </symbol>
      <symbol id="sm-5e1">
         <name>strlen</name>
         <value>0x3e5d</value>
         <object_component_ref idref="oc-172"/>
      </symbol>
      <symbol id="sm-5f1">
         <name>strncpy</name>
         <value>0x3d39</value>
         <object_component_ref idref="oc-201"/>
      </symbol>
      <symbol id="sm-618">
         <name>HOSTgetenv</name>
         <value>0x25a1</value>
         <object_component_ref idref="oc-267"/>
      </symbol>
      <symbol id="sm-619">
         <name>HOSTrename</name>
         <value>0x2449</value>
         <object_component_ref idref="oc-267"/>
      </symbol>
      <symbol id="sm-61a">
         <name>HOSTclose</name>
         <value>0x25df</value>
         <object_component_ref idref="oc-267"/>
      </symbol>
      <symbol id="sm-61b">
         <name>HOSTtime64</name>
         <value>0x23c1</value>
         <object_component_ref idref="oc-267"/>
      </symbol>
      <symbol id="sm-61c">
         <name>HOSTunlink</name>
         <value>0x2389</value>
         <object_component_ref idref="oc-267"/>
      </symbol>
      <symbol id="sm-61d">
         <name>HOSTlseek</name>
         <value>0x2545</value>
         <object_component_ref idref="oc-267"/>
      </symbol>
      <symbol id="sm-61e">
         <name>HOSTopen</name>
         <value>0x24f3</value>
         <object_component_ref idref="oc-267"/>
      </symbol>
      <symbol id="sm-61f">
         <name>HOSTclock</name>
         <value>0x2617</value>
         <object_component_ref idref="oc-267"/>
      </symbol>
      <symbol id="sm-620">
         <name>HOSTwrite</name>
         <value>0x233d</value>
         <object_component_ref idref="oc-267"/>
      </symbol>
      <symbol id="sm-621">
         <name>HOSTread</name>
         <value>0x24a7</value>
         <object_component_ref idref="oc-267"/>
      </symbol>
      <symbol id="sm-622">
         <name>HOSTtime</name>
         <value>0x240f</value>
         <object_component_ref idref="oc-267"/>
      </symbol>
      <symbol id="sm-63d">
         <name>__TI_readmsg</name>
         <value>0x3a5b</value>
         <object_component_ref idref="oc-2a1"/>
      </symbol>
      <symbol id="sm-63e">
         <name>C$$IO$$</name>
         <value>0x3a57</value>
         <object_component_ref idref="oc-2a1"/>
      </symbol>
      <symbol id="sm-63f">
         <name>__CIOBUF_</name>
         <value>0x20000400</value>
         <object_component_ref idref="oc-2c0"/>
      </symbol>
      <symbol id="sm-640">
         <name>__TI_writemsg</name>
         <value>0x3a29</value>
         <object_component_ref idref="oc-2a1"/>
      </symbol>
      <symbol id="sm-65c">
         <name>__aeabi_uldivmod</name>
         <value>0x296d</value>
         <object_component_ref idref="oc-180"/>
      </symbol>
      <symbol id="sm-67a">
         <name>__TI_wrt_ok</name>
         <value>0x34e1</value>
         <object_component_ref idref="oc-15e"/>
      </symbol>
      <symbol id="sm-67b">
         <name>__TI_rd_ok</name>
         <value>0x3543</value>
         <object_component_ref idref="oc-15e"/>
      </symbol>
      <symbol id="sm-683">
         <name>errno</name>
         <value>0x20000850</value>
         <object_component_ref idref="oc-231"/>
      </symbol>
      <symbol id="sm-69d">
         <name>__TI_doflush</name>
         <value>0x3419</value>
         <object_component_ref idref="oc-164"/>
      </symbol>
      <symbol id="sm-69e">
         <name>fflush</name>
         <value>0x3465</value>
         <object_component_ref idref="oc-164"/>
      </symbol>
      <symbol id="sm-6b0">
         <name>fseek</name>
         <value>0x3a91</value>
         <object_component_ref idref="oc-1e8"/>
      </symbol>
      <symbol id="sm-6ba">
         <name>copysign</name>
         <value>0x3e35</value>
         <object_component_ref idref="oc-22b"/>
      </symbol>
      <symbol id="sm-6bb">
         <name>copysignl</name>
         <value>0x3e35</value>
         <object_component_ref idref="oc-22b"/>
      </symbol>
      <symbol id="sm-6d7">
         <name>setvbuf</name>
         <value>0x333d</value>
         <object_component_ref idref="oc-1ee"/>
      </symbol>
      <symbol id="sm-6e5">
         <name>strcpy</name>
         <value>0x3e49</value>
         <object_component_ref idref="oc-2a7"/>
      </symbol>
      <symbol id="sm-71c">
         <name>__TI_cleanup</name>
         <value>0x2c29</value>
         <object_component_ref idref="oc-250"/>
      </symbol>
      <symbol id="sm-71d">
         <name>freopen</name>
         <value>0x2c55</value>
         <object_component_ref idref="oc-250"/>
      </symbol>
      <symbol id="sm-71e">
         <name>fopen</name>
         <value>0x2c7f</value>
         <object_component_ref idref="oc-250"/>
      </symbol>
      <symbol id="sm-78d">
         <name>_sys_memory</name>
         <value>0x20000000</value>
         <object_component_ref idref="oc-30"/>
      </symbol>
      <symbol id="sm-78e">
         <name>free</name>
         <value>0x1d2b</value>
         <object_component_ref idref="oc-24a"/>
      </symbol>
      <symbol id="sm-78f">
         <name>realloc</name>
         <value>0x1ded</value>
         <object_component_ref idref="oc-24a"/>
      </symbol>
      <symbol id="sm-790">
         <name>memalign</name>
         <value>0x1ef5</value>
         <object_component_ref idref="oc-24a"/>
      </symbol>
      <symbol id="sm-791">
         <name>calloc</name>
         <value>0x1fe1</value>
         <object_component_ref idref="oc-24a"/>
      </symbol>
      <symbol id="sm-792">
         <name>malloc</name>
         <value>0x1cc1</value>
         <object_component_ref idref="oc-24a"/>
      </symbol>
      <symbol id="sm-793">
         <name>minit</name>
         <value>0x1c41</value>
         <object_component_ref idref="oc-24a"/>
      </symbol>
      <symbol id="sm-7a9">
         <name>__TI_closefile</name>
         <value>0x3629</value>
         <object_component_ref idref="oc-292"/>
      </symbol>
      <symbol id="sm-7aa">
         <name>fclose</name>
         <value>0x368f</value>
         <object_component_ref idref="oc-292"/>
      </symbol>
      <symbol id="sm-7ac">
         <name>__TI_static_base__</name>
         <value>0x0</value>
      </symbol>
      <symbol id="sm-7af">
         <name>SHT$$INIT_ARRAY$$Limit</name>
         <value>0x0</value>
      </symbol>
      <symbol id="sm-7b0">
         <name>SHT$$INIT_ARRAY$$Base</name>
         <value>0x0</value>
      </symbol>
      <symbol id="sm-7b1">
         <name>NMI_Handler</name>
         <value>0x3e8b</value>
      </symbol>
      <symbol id="sm-7b2">
         <name>HardFault_Handler</name>
         <value>0x3e8b</value>
      </symbol>
      <symbol id="sm-7b3">
         <name>MemManage_Handler</name>
         <value>0x3e8b</value>
      </symbol>
      <symbol id="sm-7b4">
         <name>BusFault_Handler</name>
         <value>0x3e8b</value>
      </symbol>
      <symbol id="sm-7b5">
         <name>UsageFault_Handler</name>
         <value>0x3e8b</value>
      </symbol>
      <symbol id="sm-7b6">
         <name>SVC_Handler</name>
         <value>0x3e8b</value>
      </symbol>
      <symbol id="sm-7b7">
         <name>DebugMon_Handler</name>
         <value>0x3e8b</value>
      </symbol>
      <symbol id="sm-7b8">
         <name>PendSV_Handler</name>
         <value>0x3e8b</value>
      </symbol>
      <symbol id="sm-7b9">
         <name>SysTick_Handler</name>
         <value>0x3e8b</value>
      </symbol>
      <symbol id="sm-7ba">
         <name>PSS_IRQHandler</name>
         <value>0x3e8b</value>
      </symbol>
      <symbol id="sm-7bb">
         <name>CS_IRQHandler</name>
         <value>0x3e8b</value>
      </symbol>
      <symbol id="sm-7bc">
         <name>PCM_IRQHandler</name>
         <value>0x3e8b</value>
      </symbol>
      <symbol id="sm-7bd">
         <name>WDT_A_IRQHandler</name>
         <value>0x3e8b</value>
      </symbol>
      <symbol id="sm-7be">
         <name>FPU_IRQHandler</name>
         <value>0x3e8b</value>
      </symbol>
      <symbol id="sm-7bf">
         <name>FLCTL_IRQHandler</name>
         <value>0x3e8b</value>
      </symbol>
      <symbol id="sm-7c0">
         <name>COMP_E0_IRQHandler</name>
         <value>0x3e8b</value>
      </symbol>
      <symbol id="sm-7c1">
         <name>COMP_E1_IRQHandler</name>
         <value>0x3e8b</value>
      </symbol>
      <symbol id="sm-7c2">
         <name>TA0_0_IRQHandler</name>
         <value>0x3e8b</value>
      </symbol>
      <symbol id="sm-7c3">
         <name>TA0_N_IRQHandler</name>
         <value>0x3e8b</value>
      </symbol>
      <symbol id="sm-7c4">
         <name>TA1_0_IRQHandler</name>
         <value>0x1881</value>
      </symbol>
      <symbol id="sm-7c5">
         <name>TA1_N_IRQHandler</name>
         <value>0x3e8b</value>
      </symbol>
      <symbol id="sm-7c6">
         <name>TA2_0_IRQHandler</name>
         <value>0x3e8b</value>
      </symbol>
      <symbol id="sm-7c7">
         <name>TA2_N_IRQHandler</name>
         <value>0x3e8b</value>
      </symbol>
      <symbol id="sm-7c8">
         <name>TA3_0_IRQHandler</name>
         <value>0x3e8b</value>
      </symbol>
      <symbol id="sm-7c9">
         <name>TA3_N_IRQHandler</name>
         <value>0x3e8b</value>
      </symbol>
      <symbol id="sm-7ca">
         <name>EUSCIA0_IRQHandler</name>
         <value>0x3e8b</value>
      </symbol>
      <symbol id="sm-7cb">
         <name>EUSCIA1_IRQHandler</name>
         <value>0x3e8b</value>
      </symbol>
      <symbol id="sm-7cc">
         <name>EUSCIA2_IRQHandler</name>
         <value>0x18e5</value>
      </symbol>
      <symbol id="sm-7cd">
         <name>EUSCIA3_IRQHandler</name>
         <value>0x3e8b</value>
      </symbol>
      <symbol id="sm-7ce">
         <name>EUSCIB0_IRQHandler</name>
         <value>0x3e8b</value>
      </symbol>
      <symbol id="sm-7cf">
         <name>EUSCIB1_IRQHandler</name>
         <value>0x3e8b</value>
      </symbol>
      <symbol id="sm-7d0">
         <name>EUSCIB2_IRQHandler</name>
         <value>0x3e8b</value>
      </symbol>
      <symbol id="sm-7d1">
         <name>EUSCIB3_IRQHandler</name>
         <value>0x3e8b</value>
      </symbol>
      <symbol id="sm-7d2">
         <name>ADC14_IRQHandler</name>
         <value>0x196d</value>
      </symbol>
      <symbol id="sm-7d3">
         <name>T32_INT1_IRQHandler</name>
         <value>0x3e8b</value>
      </symbol>
      <symbol id="sm-7d4">
         <name>T32_INT2_IRQHandler</name>
         <value>0x3e8b</value>
      </symbol>
      <symbol id="sm-7d5">
         <name>T32_INTC_IRQHandler</name>
         <value>0x3e8b</value>
      </symbol>
      <symbol id="sm-7d6">
         <name>AES256_IRQHandler</name>
         <value>0x3e8b</value>
      </symbol>
      <symbol id="sm-7d7">
         <name>RTC_C_IRQHandler</name>
         <value>0x3e8b</value>
      </symbol>
      <symbol id="sm-7d8">
         <name>DMA_ERR_IRQHandler</name>
         <value>0x3e8b</value>
      </symbol>
      <symbol id="sm-7d9">
         <name>DMA_INT3_IRQHandler</name>
         <value>0x3e8b</value>
      </symbol>
      <symbol id="sm-7da">
         <name>DMA_INT2_IRQHandler</name>
         <value>0x3e8b</value>
      </symbol>
      <symbol id="sm-7db">
         <name>DMA_INT1_IRQHandler</name>
         <value>0x3e8b</value>
      </symbol>
      <symbol id="sm-7dc">
         <name>DMA_INT0_IRQHandler</name>
         <value>0x3e8b</value>
      </symbol>
      <symbol id="sm-7dd">
         <name>PORT1_IRQHandler</name>
         <value>0x3e8b</value>
      </symbol>
      <symbol id="sm-7de">
         <name>PORT2_IRQHandler</name>
         <value>0x3e8b</value>
      </symbol>
      <symbol id="sm-7df">
         <name>PORT3_IRQHandler</name>
         <value>0x3e8b</value>
      </symbol>
      <symbol id="sm-7e0">
         <name>PORT4_IRQHandler</name>
         <value>0x3e8b</value>
      </symbol>
      <symbol id="sm-7e1">
         <name>PORT5_IRQHandler</name>
         <value>0x3e8b</value>
      </symbol>
      <symbol id="sm-7e2">
         <name>PORT6_IRQHandler</name>
         <value>0x3e8b</value>
      </symbol>
      <symbol id="sm-7e3">
         <name>remove</name>
         <value>0x26f1</value>
      </symbol>
   </symbol_table>
   <title>Link successful</title>
</link_info>
