******************************************************************************
                  TI ARM Linker PC v16.9.0                     
******************************************************************************
>> Linked Fri Feb 10 22:49:37 2017

OUTPUT FILE NAME:   <MicroFinal.out>
ENTRY POINT SYMBOL: "_c_int00"  address: 0000365d


MEMORY CONFIGURATION

         name            origin    length      used     unused   attr    fill
----------------------  --------  ---------  --------  --------  ----  --------
  MAIN                  00000000   00040000  00003ae1  0003c51f  R  X
  INFO                  00200000   00004000  00000000  00004000  R  X
  SRAM_CODE             01000000   00010000  00000a28  0000f5d8  RW X
  SRAM_DATA             20000000   00010000  00000a28  0000f5d8  RW  


SEGMENT ALLOCATION MAP

run origin  load origin   length   init length attrs members
----------  ----------- ---------- ----------- ----- -------
00000000    00000000    00003ae8   00003ae8    r-x
  00000000    00000000    000000e4   000000e4    r-- .intvecs
  000000e4    000000e4    00003864   00003864    r-x .text
  00003948    00003948    00000101   00000101    r-- .const
  00003a50    00003a50    00000098   00000098    r-- .cinit
20000000    20000000    00000828   00000000    rw-
  20000000    20000000    00000400   00000000    rw- .sysmem
  20000400    20000400    00000218   00000000    rw- .bss
  20000618    20000618    00000210   00000000    rw- .data
2000fe00    2000fe00    00000200   00000000    rw-
  2000fe00    2000fe00    00000200   00000000    rw- .stack


SECTION ALLOCATION MAP

 output                                  attributes/
section   page    origin      length       input sections
--------  ----  ----------  ----------   ----------------
.intvecs   0    00000000    000000e4     
                  00000000    000000e4     startup_msp432p401r_ccs.obj (.intvecs:retain)

.binit     0    00000000    00000000     

.text      0    000000e4    00003864     
                  000000e4    0000113a     rtsv7M4_T_le_v4SPD16_eabi.lib : _printfi.obj (.text)
                  0000121e    00000002                                   : mpu_init.obj (.text)
                  00001220    000004cc     main.obj (.text)
                  000016ec    000003d0     rtsv7M4_T_le_v4SPD16_eabi.lib : memory.obj (.text)
                  00001abc    0000032c     system_msp432p401r.obj (.text)
                  00001de8    00000324     rtsv7M4_T_le_v4SPD16_eabi.lib : trgdrv.obj (.text)
                  0000210c    0000030c                                   : lowlev.obj (.text)
                  00002418    000001f4                                   : ull_div_t2.obj (.text)
                  0000260c    000001c4                                   : fopen.obj (.text)
                  000027d0    000001b6                                   : fd_add_t2.obj (.text)
                  00002986    00000136                                   : fd_div_t2.obj (.text)
                  00002abc    00000134                                   : fputs.obj (.text)
                  00002bf0    000000fc                                   : fd_mul_t2.obj (.text)
                  00002cec    000000fc                                   : s_scalbn.obj (.text)
                  00002de8    000000dc                                   : setvbuf.obj (.text)
                  00002ec4    000000c8                                   : fflush.obj (.text)
                  00002f8c    000000ac                                   : _io_perm.obj (.text)
                  00003038    0000009c                                   : memcpy_t2.obj (.text)
                  000030d4    00000098                                   : fclose.obj (.text)
                  0000316c    00000098                                   : fputc.obj (.text)
                  00003204    00000086                                   : fd_cmp_t2.obj (.text:__aeabi_cdcmple)
                  0000328a    00000086                                   : fd_cmp_t2.obj (.text:__aeabi_cdrcmple)
                  00003310    0000007a                                   : memset_t2.obj (.text)
                  0000338a    00000002                                   : startup.obj (.text)
                  0000338c    00000070                                   : autoinit.obj (.text)
                  000033fc    00000070                                   : printf.obj (.text)
                  0000346c    00000068                                   : copy_decompress_lzss.obj (.text:decompress:lzss)
                  000034d4    00000068                                   : trgmsg.obj (.text)
                  0000353c    00000064                                   : fseek.obj (.text)
                  000035a0    00000064                                   : s_frexp.obj (.text)
                  00003604    00000056                                   : ltoa.obj (.text)
                  0000365a    00000002     --HOLE-- [fill = 0]
                  0000365c    00000054                                   : boot.obj (.text)
                  000036b0    00000054                                   : exit.obj (.text)
                  00003704    0000004c                                   : atoi.obj (.text)
                  00003750    0000004c                                   : cpy_tbl.obj (.text)
                  0000379c    00000048                                   : fd_toi_t2.obj (.text)
                  000037e4    00000036                                   : strncpy.obj (.text)
                  0000381a    0000002e                                   : i_tofd_t2.obj (.text)
                  00003848    00000020                                   : memchr.obj (.text)
                  00003868    0000001c                                   : memccpy.obj (.text)
                  00003884    00000018                                   : args_main.obj (.text)
                  0000389c    00000018                                   : strcmp.obj (.text)
                  000038b4    00000016                                   : strchr.obj (.text)
                  000038ca    00000002     --HOLE-- [fill = 0]
                  000038cc    00000014                                   : _lock.obj (.text)
                  000038e0    00000014                                   : s_copysign.obj (.text)
                  000038f4    00000014                                   : strcpy.obj (.text)
                  00003908    00000014                                   : strlen.obj (.text)
                  0000391c    0000000e                                   : copy_decompress_none.obj (.text:decompress:none)
                  0000392a    0000000e     startup_msp432p401r_ccs.obj (.text)
                  00003938    0000000c     rtsv7M4_T_le_v4SPD16_eabi.lib : copy_zero_init.obj (.text:decompress:ZI)
                  00003944    00000004                                   : pre_init.obj (.text)

.const     0    00003948    00000101     
                  00003948    00000101     rtsv7M4_T_le_v4SPD16_eabi.lib : ctype.obj (.const:.string:_ctypes_)

.cinit     0    00003a50    00000098     
                  00003a50    00000073     (.cinit..data.load) [load image, compression = lzss]
                  00003ac3    00000001     --HOLE-- [fill = 0]
                  00003ac4    0000000c     (__TI_handler_table)
                  00003ad0    00000008     (.cinit..bss.load) [load image, compression = zero_init]
                  00003ad8    00000010     (__TI_cinit_table)

.init_array 
*          0    00000000    00000000     UNINITIALIZED

.sysmem    0    20000000    00000400     UNINITIALIZED
                  20000000    00000008     rtsv7M4_T_le_v4SPD16_eabi.lib : memory.obj (.sysmem)
                  20000008    000003f8     --HOLE--

.bss       0    20000400    00000218     UNINITIALIZED
                  20000400    00000120     rtsv7M4_T_le_v4SPD16_eabi.lib : trgmsg.obj (.bss:_CIOBUF_)
                  20000520    000000a0     (.common:__TI_tmpnams)
                  200005c0    00000014     (.common:BallIn)
                  200005d4    00000014     (.common:CupCurrent)
                  200005e8    00000014     (.common:CupPosition)
                  200005fc    00000014     (.common:CupPrevious)
                  20000610    00000008                                   : trgdrv.obj (.bss:parmbuf)

.data      0    20000618    00000210     UNINITIALIZED
                  20000618    000000f0     rtsv7M4_T_le_v4SPD16_eabi.lib : defs.obj (.data:_ftable)
                  20000708    000000d0                                   : lowlev.obj (.data:$O1$$)
                  200007d8    00000010     main.obj (.data)
                  200007e8    00000010     rtsv7M4_T_le_v4SPD16_eabi.lib : defs.obj (.data)
                  200007f8    0000000c                                   : exit.obj (.data:$O1$$)
                  20000804    0000000c                                   : memory.obj (.data:$O1$$)
                  20000810    00000008                                   : _lock.obj (.data:$O1$$)
                  20000818    00000004                                   : errno.obj (.data)
                  2000081c    00000004                                   : fopen.obj (.data)
                  20000820    00000004                                   : stkdepth_vars.obj (.data)
                  20000824    00000004     system_msp432p401r.obj (.data)

.stack     0    2000fe00    00000200     UNINITIALIZED
                  2000fe00    00000200     --HOLE--

MODULE SUMMARY

       Module                        code    ro data   rw data
       ------                        ----    -------   -------
    .\
       main.obj                      1228    0         192    
       system_msp432p401r.obj        812     0         8      
       startup_msp432p401r_ccs.obj   14      228       0      
    +--+-----------------------------+-------+---------+---------+
       Total:                        2054    228       200    
                                                              
    C:\ti\ccsv7\tools\compiler\ti-cgt-arm_16.9.0.LTS\lib\rtsv7M4_T_le_v4SPD16_eabi.lib
       _printfi.obj                  4410    0         0      
       lowlev.obj                    780     0         416    
       memory.obj                    976     0         24     
       defs.obj                      0       0         832    
       trgdrv.obj                    804     0         16     
       trgmsg.obj                    104     0         576    
       ull_div_t2.obj                500     0         0      
       fopen.obj                     452     0         8      
       fd_add_t2.obj                 438     0         0      
       fd_div_t2.obj                 310     0         0      
       fputs.obj                     308     0         0      
       fd_cmp_t2.obj                 268     0         0      
       ctype.obj                     0       257       0      
       fd_mul_t2.obj                 252     0         0      
       s_scalbn.obj                  252     0         0      
       setvbuf.obj                   220     0         0      
       fflush.obj                    200     0         0      
       _io_perm.obj                  172     0         0      
       memcpy_t2.obj                 156     0         0      
       fclose.obj                    152     0         0      
       fputc.obj                     152     0         0      
       memset_t2.obj                 122     0         0      
       autoinit.obj                  112     0         0      
       printf.obj                    112     0         0      
       exit.obj                      84      0         24     
       copy_decompress_lzss.obj      104     0         0      
       fseek.obj                     100     0         0      
       s_frexp.obj                   100     0         0      
       ltoa.obj                      86      0         0      
       boot.obj                      84      0         0      
       atoi.obj                      76      0         0      
       cpy_tbl.obj                   76      0         0      
       fd_toi_t2.obj                 72      0         0      
       strncpy.obj                   54      0         0      
       i_tofd_t2.obj                 46      0         0      
       _lock.obj                     20      0         16     
       memchr.obj                    32      0         0      
       memccpy.obj                   28      0         0      
       args_main.obj                 24      0         0      
       strcmp.obj                    24      0         0      
       strchr.obj                    22      0         0      
       s_copysign.obj                20      0         0      
       strcpy.obj                    20      0         0      
       strlen.obj                    20      0         0      
       copy_decompress_none.obj      14      0         0      
       copy_zero_init.obj            12      0         0      
       errno.obj                     0       0         8      
       stkdepth_vars.obj             0       0         8      
       pre_init.obj                  4       0         0      
       mpu_init.obj                  2       0         0      
       startup.obj                   2       0         0      
    +--+-----------------------------+-------+---------+---------+
       Total:                        12378   257       1928   
                                                              
       Heap:                         0       0         2048   
       Stack:                        0       0         1024   
       Linker Generated:             0       151       0      
    +--+-----------------------------+-------+---------+---------+
       Grand Total:                  14432   636       5200   


LINKER GENERATED COPY TABLES

__TI_cinit_table @ 00003ad8 records: 2, size/record: 8, table size: 16
	.data: load addr=00003a50, load size=00000073 bytes, run addr=20000618, run size=00000210 bytes, compression=lzss
	.bss: load addr=00003ad0, load size=00000008 bytes, run addr=20000400, run size=00000218 bytes, compression=zero_init


LINKER GENERATED HANDLER TABLE

__TI_handler_table @ 00003ac4 records: 3, size/record: 4, table size: 12
	index: 0, handler: __TI_decompress_lzss
	index: 1, handler: __TI_decompress_none
	index: 2, handler: __TI_zero_init


GLOBAL SYMBOLS: SORTED ALPHABETICALLY BY Name 

address   name                           
-------   ----                           
00001417  ADC14_IRQHandler               
00001417  ADC14_IRQHandler               
00003937  AES256_IRQHandler              
200005c0  BallIn                         
00003937  BusFault_Handler               
000036b1  C$$EXIT                        
00003503  C$$IO$$                        
00003937  COMP_E0_IRQHandler             
00003937  COMP_E1_IRQHandler             
00003937  CS_IRQHandler                  
200005d4  CupCurrent                     
200005e8  CupPosition                    
200005fc  CupPrevious                    
00003937  DMA_ERR_IRQHandler             
00003937  DMA_INT0_IRQHandler            
00003937  DMA_INT1_IRQHandler            
00003937  DMA_INT2_IRQHandler            
00003937  DMA_INT3_IRQHandler            
00003937  DebugMon_Handler               
00003937  Default_Handler                
00003937  EUSCIA0_IRQHandler             
00003937  EUSCIA1_IRQHandler             
00003937  EUSCIA2_IRQHandler             
00003937  EUSCIA3_IRQHandler             
00003937  EUSCIB0_IRQHandler             
00003937  EUSCIB1_IRQHandler             
00003937  EUSCIB2_IRQHandler             
00003937  EUSCIB3_IRQHandler             
00003937  FLCTL_IRQHandler               
00003937  FPU_IRQHandler                 
000020c3  HOSTclock                      
0000208b  HOSTclose                      
0000204d  HOSTgetenv                     
00001ff1  HOSTlseek                      
00001f9f  HOSTopen                       
00001f53  HOSTread                       
00001ef5  HOSTrename                     
00001ebb  HOSTtime                       
00001e6d  HOSTtime64                     
00001e35  HOSTunlink                     
00001de9  HOSTwrite                      
00003937  HardFault_Handler              
00003937  MemManage_Handler              
00003937  NMI_Handler                    
00003937  PCM_IRQHandler                 
00003937  PORT1_IRQHandler               
00003937  PORT2_IRQHandler               
00003937  PORT3_IRQHandler               
00003937  PORT4_IRQHandler               
00003937  PORT5_IRQHandler               
00003937  PORT6_IRQHandler               
00003937  PSS_IRQHandler                 
00003937  PendSV_Handler                 
00003937  RTC_C_IRQHandler               
0000392b  Reset_Handler                  
UNDEFED   SHT$$INIT_ARRAY$$Base          
UNDEFED   SHT$$INIT_ARRAY$$Limit         
00003937  SVC_Handler                    
00003937  SysTick_Handler                
20000824  SystemCoreClock                
00001abd  SystemCoreClockUpdate          
00001d31  SystemInit                     
00003937  T32_INT1_IRQHandler            
00003937  T32_INT2_IRQHandler            
00003937  T32_INTC_IRQHandler            
000013d9  TA0_0_IRQHandler               
000013d9  TA0_0_IRQHandler               
00003937  TA0_N_IRQHandler               
00003937  TA1_0_IRQHandler               
00003937  TA1_N_IRQHandler               
00003937  TA2_0_IRQHandler               
00003937  TA2_N_IRQHandler               
00003937  TA3_0_IRQHandler               
00003937  TA3_N_IRQHandler               
00003937  UsageFault_Handler             
4000480c  WDTCTL_SYM                     
00003937  WDT_A_IRQHandler               
20000400  __CIOBUF_                      
20010000  __STACK_END                    
00000200  __STACK_SIZE                   
00000400  __SYSMEM_SIZE                  
00003ad8  __TI_CINIT_Base                
00003ae8  __TI_CINIT_Limit               
00003ac4  __TI_Handler_Table_Base        
00003ad0  __TI_Handler_Table_Limit       
0000338d  __TI_auto_init                 
000026d5  __TI_cleanup                   
200007f8  __TI_cleanup_ptr               
000030d5  __TI_closefile                 
0000346d  __TI_decompress_lzss           
0000391d  __TI_decompress_none           
00002ec5  __TI_doflush                   
200007fc  __TI_dtors_ptr                 
20000800  __TI_enable_exit_profile_output
200007e8  __TI_ft_end                    
ffffffff  __TI_pprof_out_hndl            
00000925  __TI_printfi                   
ffffffff  __TI_prof_data_size            
ffffffff  __TI_prof_data_start           
00002fef  __TI_rd_ok                     
00003507  __TI_readmsg                   
00000000  __TI_static_base__             
20000520  __TI_tmpnams                   
000034d5  __TI_writemsg                  
00002f8d  __TI_wrt_ok                    
00003939  __TI_zero_init                 
00003205  __aeabi_cdcmpeq                
00003205  __aeabi_cdcmple                
0000328b  __aeabi_cdrcmple               
0000379d  __aeabi_d2iz                   
000027db  __aeabi_dadd                   
00002987  __aeabi_ddiv                   
00002bf1  __aeabi_dmul                   
000027d1  __aeabi_dsub                   
0000381b  __aeabi_i2d                    
00003311  __aeabi_memclr                 
00003311  __aeabi_memclr4                
00003311  __aeabi_memclr8                
00003039  __aeabi_memcpy                 
00003039  __aeabi_memcpy4                
00003039  __aeabi_memcpy8                
00003313  __aeabi_memset                 
00003313  __aeabi_memset4                
00003313  __aeabi_memset8                
200007f4  __aeabi_stderr                 
200007ec  __aeabi_stdin                  
200007f0  __aeabi_stdout                 
00002419  __aeabi_uldivmod               
ffffffff  __binit__                      
ffffffff  __c_args__                     
0000121f  __mpu_init                     
2000fe00  __stack                        
00003885  _args_main                     
0000365d  _c_int00                       
00003948  _ctypes_                       
20000618  _ftable                        
20000810  _lock                          
000038db  _nop                           
000038d3  _register_lock                 
000038cd  _register_unlock               
20000000  _sys_memory                    
0000338b  _system_post_cinit             
00003945  _system_pre_init               
20000814  _unlock                        
000036b5  abort                          
0000236d  add_device                     
00003705  atoi                           
ffffffff  binit                          
00001a8d  calloc                         
000014b7  clearInterrupt                 
0000231d  close                          
00003751  copy_in                        
000038e1  copysign                       
000038e1  copysignl                      
200007e4  counter                        
20000818  errno                          
000036bd  exit                           
0000313b  fclose                         
00002f11  fflush                         
200007dc  firstRead                      
0000272b  fopen                          
0000316d  fputc                          
00002abd  fputs                          
000017d7  free                           
00002701  freopen                        
000035a1  frexp                          
000035a1  frexpl                         
0000353d  fseek                          
000014e3  getStatus                      
200007e0  hehe                           
00000000  interruptVectors               
00002ced  ldexp                          
00002ced  ldexpl                         
000022f9  lseek                          
00003605  ltoa                           
00001225  main                           
20000820  main_func_sp                   
0000176d  malloc                         
000019a1  memalign                       
00003869  memccpy                        
00003849  memchr                         
00003039  memcpy                         
00003319  memset                         
000016ed  minit                          
0000224b  open                           
0000156d  printADC                       
000015fd  printCurrents                  
000013a9  printDiffs                     
00003405  printf                         
0000316d  putc                           
000031f1  putchar                        
00002bc9  puts                           
00002227  read                           
200007d8  readFlag                       
00001899  realloc                        
0000219d  remove                         
000021ff  remove_device                  
000021c1  rename                         
00002ced  scalbn                         
00002ced  scalbnl                        
00002de9  setvbuf                        
000038b5  strchr                         
0000389d  strcmp                         
000038f5  strcpy                         
00003909  strlen                         
000037e5  strncpy                        
0000219d  unlink                         
0000210d  write                          


GLOBAL SYMBOLS: SORTED BY Symbol Address 

address   name                           
-------   ----                           
00000000  __TI_static_base__             
00000000  interruptVectors               
00000200  __STACK_SIZE                   
00000400  __SYSMEM_SIZE                  
00000925  __TI_printfi                   
0000121f  __mpu_init                     
00001225  main                           
000013a9  printDiffs                     
000013d9  TA0_0_IRQHandler               
000013d9  TA0_0_IRQHandler               
00001417  ADC14_IRQHandler               
00001417  ADC14_IRQHandler               
000014b7  clearInterrupt                 
000014e3  getStatus                      
0000156d  printADC                       
000015fd  printCurrents                  
000016ed  minit                          
0000176d  malloc                         
000017d7  free                           
00001899  realloc                        
000019a1  memalign                       
00001a8d  calloc                         
00001abd  SystemCoreClockUpdate          
00001d31  SystemInit                     
00001de9  HOSTwrite                      
00001e35  HOSTunlink                     
00001e6d  HOSTtime64                     
00001ebb  HOSTtime                       
00001ef5  HOSTrename                     
00001f53  HOSTread                       
00001f9f  HOSTopen                       
00001ff1  HOSTlseek                      
0000204d  HOSTgetenv                     
0000208b  HOSTclose                      
000020c3  HOSTclock                      
0000210d  write                          
0000219d  remove                         
0000219d  unlink                         
000021c1  rename                         
000021ff  remove_device                  
00002227  read                           
0000224b  open                           
000022f9  lseek                          
0000231d  close                          
0000236d  add_device                     
00002419  __aeabi_uldivmod               
000026d5  __TI_cleanup                   
00002701  freopen                        
0000272b  fopen                          
000027d1  __aeabi_dsub                   
000027db  __aeabi_dadd                   
00002987  __aeabi_ddiv                   
00002abd  fputs                          
00002bc9  puts                           
00002bf1  __aeabi_dmul                   
00002ced  ldexp                          
00002ced  ldexpl                         
00002ced  scalbn                         
00002ced  scalbnl                        
00002de9  setvbuf                        
00002ec5  __TI_doflush                   
00002f11  fflush                         
00002f8d  __TI_wrt_ok                    
00002fef  __TI_rd_ok                     
00003039  __aeabi_memcpy                 
00003039  __aeabi_memcpy4                
00003039  __aeabi_memcpy8                
00003039  memcpy                         
000030d5  __TI_closefile                 
0000313b  fclose                         
0000316d  fputc                          
0000316d  putc                           
000031f1  putchar                        
00003205  __aeabi_cdcmpeq                
00003205  __aeabi_cdcmple                
0000328b  __aeabi_cdrcmple               
00003311  __aeabi_memclr                 
00003311  __aeabi_memclr4                
00003311  __aeabi_memclr8                
00003313  __aeabi_memset                 
00003313  __aeabi_memset4                
00003313  __aeabi_memset8                
00003319  memset                         
0000338b  _system_post_cinit             
0000338d  __TI_auto_init                 
00003405  printf                         
0000346d  __TI_decompress_lzss           
000034d5  __TI_writemsg                  
00003503  C$$IO$$                        
00003507  __TI_readmsg                   
0000353d  fseek                          
000035a1  frexp                          
000035a1  frexpl                         
00003605  ltoa                           
0000365d  _c_int00                       
000036b1  C$$EXIT                        
000036b5  abort                          
000036bd  exit                           
00003705  atoi                           
00003751  copy_in                        
0000379d  __aeabi_d2iz                   
000037e5  strncpy                        
0000381b  __aeabi_i2d                    
00003849  memchr                         
00003869  memccpy                        
00003885  _args_main                     
0000389d  strcmp                         
000038b5  strchr                         
000038cd  _register_unlock               
000038d3  _register_lock                 
000038db  _nop                           
000038e1  copysign                       
000038e1  copysignl                      
000038f5  strcpy                         
00003909  strlen                         
0000391d  __TI_decompress_none           
0000392b  Reset_Handler                  
00003937  AES256_IRQHandler              
00003937  BusFault_Handler               
00003937  COMP_E0_IRQHandler             
00003937  COMP_E1_IRQHandler             
00003937  CS_IRQHandler                  
00003937  DMA_ERR_IRQHandler             
00003937  DMA_INT0_IRQHandler            
00003937  DMA_INT1_IRQHandler            
00003937  DMA_INT2_IRQHandler            
00003937  DMA_INT3_IRQHandler            
00003937  DebugMon_Handler               
00003937  Default_Handler                
00003937  EUSCIA0_IRQHandler             
00003937  EUSCIA1_IRQHandler             
00003937  EUSCIA2_IRQHandler             
00003937  EUSCIA3_IRQHandler             
00003937  EUSCIB0_IRQHandler             
00003937  EUSCIB1_IRQHandler             
00003937  EUSCIB2_IRQHandler             
00003937  EUSCIB3_IRQHandler             
00003937  FLCTL_IRQHandler               
00003937  FPU_IRQHandler                 
00003937  HardFault_Handler              
00003937  MemManage_Handler              
00003937  NMI_Handler                    
00003937  PCM_IRQHandler                 
00003937  PORT1_IRQHandler               
00003937  PORT2_IRQHandler               
00003937  PORT3_IRQHandler               
00003937  PORT4_IRQHandler               
00003937  PORT5_IRQHandler               
00003937  PORT6_IRQHandler               
00003937  PSS_IRQHandler                 
00003937  PendSV_Handler                 
00003937  RTC_C_IRQHandler               
00003937  SVC_Handler                    
00003937  SysTick_Handler                
00003937  T32_INT1_IRQHandler            
00003937  T32_INT2_IRQHandler            
00003937  T32_INTC_IRQHandler            
00003937  TA0_N_IRQHandler               
00003937  TA1_0_IRQHandler               
00003937  TA1_N_IRQHandler               
00003937  TA2_0_IRQHandler               
00003937  TA2_N_IRQHandler               
00003937  TA3_0_IRQHandler               
00003937  TA3_N_IRQHandler               
00003937  UsageFault_Handler             
00003937  WDT_A_IRQHandler               
00003939  __TI_zero_init                 
00003945  _system_pre_init               
00003948  _ctypes_                       
00003ac4  __TI_Handler_Table_Base        
00003ad0  __TI_Handler_Table_Limit       
00003ad8  __TI_CINIT_Base                
00003ae8  __TI_CINIT_Limit               
20000000  _sys_memory                    
20000400  __CIOBUF_                      
20000520  __TI_tmpnams                   
200005c0  BallIn                         
200005d4  CupCurrent                     
200005e8  CupPosition                    
200005fc  CupPrevious                    
20000618  _ftable                        
200007d8  readFlag                       
200007dc  firstRead                      
200007e0  hehe                           
200007e4  counter                        
200007e8  __TI_ft_end                    
200007ec  __aeabi_stdin                  
200007f0  __aeabi_stdout                 
200007f4  __aeabi_stderr                 
200007f8  __TI_cleanup_ptr               
200007fc  __TI_dtors_ptr                 
20000800  __TI_enable_exit_profile_output
20000810  _lock                          
20000814  _unlock                        
20000818  errno                          
20000820  main_func_sp                   
20000824  SystemCoreClock                
2000fe00  __stack                        
20010000  __STACK_END                    
4000480c  WDTCTL_SYM                     
ffffffff  __TI_pprof_out_hndl            
ffffffff  __TI_prof_data_size            
ffffffff  __TI_prof_data_start           
ffffffff  __binit__                      
ffffffff  __c_args__                     
ffffffff  binit                          
UNDEFED   SHT$$INIT_ARRAY$$Base          
UNDEFED   SHT$$INIT_ARRAY$$Limit         

[208 symbols]
