******************************************************************************
                  TI ARM Linker PC v16.9.0                     
******************************************************************************
>> Linked Tue Mar 28 19:20:30 2017

OUTPUT FILE NAME:   <MicroFinal.out>
ENTRY POINT SYMBOL: "_c_int00"  address: 00003bb1


MEMORY CONFIGURATION

         name            origin    length      used     unused   attr    fill
----------------------  --------  ---------  --------  --------  ----  --------
  MAIN                  00000000   00040000  0000405c  0003bfa4  R  X
  INFO                  00200000   00004000  00000000  00004000  R  X
  SRAM_CODE             01000000   00010000  00000a60  0000f5a0  RW X
  SRAM_DATA             20000000   00010000  00000a60  0000f5a0  RW  


SEGMENT ALLOCATION MAP

run origin  load origin   length   init length attrs members
----------  ----------- ---------- ----------- ----- -------
00000000    00000000    00004060   00004060    r-x
  00000000    00000000    000000e4   000000e4    r-- .intvecs
  000000e4    000000e4    00003db8   00003db8    r-x .text
  00003e9c    00003e9c    00000128   00000128    r-- .const
  00003fc8    00003fc8    00000098   00000098    r-- .cinit
20000000    20000000    00000860   00000000    rw-
  20000000    20000000    00000400   00000000    rw- .sysmem
  20000400    20000400    00000240   00000000    rw- .bss
  20000640    20000640    00000220   00000000    rw- .data
2000fe00    2000fe00    00000200   00000000    rw-
  2000fe00    2000fe00    00000200   00000000    rw- .stack


SECTION ALLOCATION MAP

 output                                  attributes/
section   page    origin      length       input sections
--------  ----  ----------  ----------   ----------------
.intvecs   0    00000000    000000e4     
                  00000000    000000e4     startup_msp432p401r_ccs.obj (.intvecs:retain)

.binit     0    00000000    00000000     

.text      0    000000e4    00003db8     
                  000000e4    0000113a     rtsv7M4_T_le_v4SPD16_eabi.lib : _printfi.obj (.text)
                  0000121e    00000002                                   : mpu_init.obj (.text)
                  00001220    00000a20     main.obj (.text)
                  00001c40    000003d0     rtsv7M4_T_le_v4SPD16_eabi.lib : memory.obj (.text)
                  00002010    0000032c     system_msp432p401r.obj (.text)
                  0000233c    00000324     rtsv7M4_T_le_v4SPD16_eabi.lib : trgdrv.obj (.text)
                  00002660    0000030c                                   : lowlev.obj (.text)
                  0000296c    000001f4                                   : ull_div_t2.obj (.text)
                  00002b60    000001c4                                   : fopen.obj (.text)
                  00002d24    000001b6                                   : fd_add_t2.obj (.text)
                  00002eda    00000136                                   : fd_div_t2.obj (.text)
                  00003010    00000134                                   : fputs.obj (.text)
                  00003144    000000fc                                   : fd_mul_t2.obj (.text)
                  00003240    000000fc                                   : s_scalbn.obj (.text)
                  0000333c    000000dc                                   : setvbuf.obj (.text)
                  00003418    000000c8                                   : fflush.obj (.text)
                  000034e0    000000ac                                   : _io_perm.obj (.text)
                  0000358c    0000009c                                   : memcpy_t2.obj (.text)
                  00003628    00000098                                   : fclose.obj (.text)
                  000036c0    00000098                                   : fputc.obj (.text)
                  00003758    00000086                                   : fd_cmp_t2.obj (.text:__aeabi_cdcmple)
                  000037de    00000086                                   : fd_cmp_t2.obj (.text:__aeabi_cdrcmple)
                  00003864    0000007a                                   : memset_t2.obj (.text)
                  000038de    00000002                                   : startup.obj (.text)
                  000038e0    00000070                                   : autoinit.obj (.text)
                  00003950    00000070                                   : printf.obj (.text)
                  000039c0    00000068                                   : copy_decompress_lzss.obj (.text:decompress:lzss)
                  00003a28    00000068                                   : trgmsg.obj (.text)
                  00003a90    00000064                                   : fseek.obj (.text)
                  00003af4    00000064                                   : s_frexp.obj (.text)
                  00003b58    00000056                                   : ltoa.obj (.text)
                  00003bae    00000002     --HOLE-- [fill = 0]
                  00003bb0    00000054                                   : boot.obj (.text)
                  00003c04    00000054                                   : exit.obj (.text)
                  00003c58    0000004c                                   : atoi.obj (.text)
                  00003ca4    0000004c                                   : cpy_tbl.obj (.text)
                  00003cf0    00000048                                   : fd_toi_t2.obj (.text)
                  00003d38    00000036                                   : strncpy.obj (.text)
                  00003d6e    0000002e                                   : i_tofd_t2.obj (.text)
                  00003d9c    00000020                                   : memchr.obj (.text)
                  00003dbc    0000001c                                   : memccpy.obj (.text)
                  00003dd8    00000018                                   : args_main.obj (.text)
                  00003df0    00000018                                   : strcmp.obj (.text)
                  00003e08    00000016                                   : strchr.obj (.text)
                  00003e1e    00000002     --HOLE-- [fill = 0]
                  00003e20    00000014                                   : _lock.obj (.text)
                  00003e34    00000014                                   : s_copysign.obj (.text)
                  00003e48    00000014                                   : strcpy.obj (.text)
                  00003e5c    00000014                                   : strlen.obj (.text)
                  00003e70    0000000e                                   : copy_decompress_none.obj (.text:decompress:none)
                  00003e7e    0000000e     startup_msp432p401r_ccs.obj (.text)
                  00003e8c    0000000c     rtsv7M4_T_le_v4SPD16_eabi.lib : copy_zero_init.obj (.text:decompress:ZI)
                  00003e98    00000004                                   : pre_init.obj (.text)

.const     0    00003e9c    00000128     
                  00003e9c    00000101     rtsv7M4_T_le_v4SPD16_eabi.lib : ctype.obj (.const:.string:_ctypes_)
                  00003f9d    00000003     --HOLE-- [fill = 0]
                  00003fa0    00000024     main.obj (.const:uartConfig)

.cinit     0    00003fc8    00000098     
                  00003fc8    00000073     (.cinit..data.load) [load image, compression = lzss]
                  0000403b    00000001     --HOLE-- [fill = 0]
                  0000403c    0000000c     (__TI_handler_table)
                  00004048    00000008     (.cinit..bss.load) [load image, compression = zero_init]
                  00004050    00000010     (__TI_cinit_table)

.init_array 
*          0    00000000    00000000     UNINITIALIZED

.sysmem    0    20000000    00000400     UNINITIALIZED
                  20000000    00000008     rtsv7M4_T_le_v4SPD16_eabi.lib : memory.obj (.sysmem)
                  20000008    000003f8     --HOLE--

.bss       0    20000400    00000240     UNINITIALIZED
                  20000400    00000120     rtsv7M4_T_le_v4SPD16_eabi.lib : trgmsg.obj (.bss:_CIOBUF_)
                  20000520    000000a0     (.common:__TI_tmpnams)
                  200005c0    00000014     (.common:BallIn)
                  200005d4    00000014     (.common:CupCurrent)
                  200005e8    00000014     (.common:CupPosition)
                  200005fc    00000014     (.common:CupPrevious)
                  20000610    00000014     (.common:motorDown)
                  20000624    00000014     (.common:motorUp)
                  20000638    00000008                                   : trgdrv.obj (.bss:parmbuf)

.data      0    20000640    00000220     UNINITIALIZED
                  20000640    000000f0     rtsv7M4_T_le_v4SPD16_eabi.lib : defs.obj (.data:_ftable)
                  20000730    000000d0                                   : lowlev.obj (.data:$O1$$)
                  20000800    00000020     main.obj (.data)
                  20000820    00000010     rtsv7M4_T_le_v4SPD16_eabi.lib : defs.obj (.data)
                  20000830    0000000c                                   : exit.obj (.data:$O1$$)
                  2000083c    0000000c                                   : memory.obj (.data:$O1$$)
                  20000848    00000008                                   : _lock.obj (.data:$O1$$)
                  20000850    00000004                                   : errno.obj (.data)
                  20000854    00000004                                   : fopen.obj (.data)
                  20000858    00000004                                   : stkdepth_vars.obj (.data)
                  2000085c    00000004     system_msp432p401r.obj (.data)

.stack     0    2000fe00    00000200     UNINITIALIZED
                  2000fe00    00000200     --HOLE--

MODULE SUMMARY

       Module                        code    ro data   rw data
       ------                        ----    -------   -------
    .\
       main.obj                      2592    36        304    
       system_msp432p401r.obj        812     0         8      
       startup_msp432p401r_ccs.obj   14      228       0      
    +--+-----------------------------+-------+---------+---------+
       Total:                        3418    264       312    
                                                              
    C:\ti\ccsv7\tools\compiler\ti-cgt-arm_16.9.0.LTS\lib\rtsv7M4_T_le_v4SPD16_eabi.lib
       _printfi.obj                  4410    0         0      
       lowlev.obj                    780     0         416    
       memory.obj                    976     0         24     
       defs.obj                      0       0         832    
       trgdrv.obj                    804     0         16     
       trgmsg.obj                    104     0         576    
       ull_div_t2.obj                500     0         0      
       fopen.obj                     452     0         8      
       fd_add_t2.obj                 438     0         0      
       fd_div_t2.obj                 310     0         0      
       fputs.obj                     308     0         0      
       fd_cmp_t2.obj                 268     0         0      
       ctype.obj                     0       257       0      
       fd_mul_t2.obj                 252     0         0      
       s_scalbn.obj                  252     0         0      
       setvbuf.obj                   220     0         0      
       fflush.obj                    200     0         0      
       _io_perm.obj                  172     0         0      
       memcpy_t2.obj                 156     0         0      
       fclose.obj                    152     0         0      
       fputc.obj                     152     0         0      
       memset_t2.obj                 122     0         0      
       autoinit.obj                  112     0         0      
       printf.obj                    112     0         0      
       exit.obj                      84      0         24     
       copy_decompress_lzss.obj      104     0         0      
       fseek.obj                     100     0         0      
       s_frexp.obj                   100     0         0      
       ltoa.obj                      86      0         0      
       boot.obj                      84      0         0      
       atoi.obj                      76      0         0      
       cpy_tbl.obj                   76      0         0      
       fd_toi_t2.obj                 72      0         0      
       strncpy.obj                   54      0         0      
       i_tofd_t2.obj                 46      0         0      
       _lock.obj                     20      0         16     
       memchr.obj                    32      0         0      
       memccpy.obj                   28      0         0      
       args_main.obj                 24      0         0      
       strcmp.obj                    24      0         0      
       strchr.obj                    22      0         0      
       s_copysign.obj                20      0         0      
       strcpy.obj                    20      0         0      
       strlen.obj                    20      0         0      
       copy_decompress_none.obj      14      0         0      
       copy_zero_init.obj            12      0         0      
       errno.obj                     0       0         8      
       stkdepth_vars.obj             0       0         8      
       pre_init.obj                  4       0         0      
       mpu_init.obj                  2       0         0      
       startup.obj                   2       0         0      
    +--+-----------------------------+-------+---------+---------+
       Total:                        12378   257       1928   
                                                              
       Heap:                         0       0         2048   
       Stack:                        0       0         1024   
       Linker Generated:             0       151       0      
    +--+-----------------------------+-------+---------+---------+
       Grand Total:                  15796   672       5312   


LINKER GENERATED COPY TABLES

__TI_cinit_table @ 00004050 records: 2, size/record: 8, table size: 16
	.data: load addr=00003fc8, load size=00000073 bytes, run addr=20000640, run size=00000220 bytes, compression=lzss
	.bss: load addr=00004048, load size=00000008 bytes, run addr=20000400, run size=00000240 bytes, compression=zero_init


LINKER GENERATED HANDLER TABLE

__TI_handler_table @ 0000403c records: 3, size/record: 4, table size: 12
	index: 0, handler: __TI_decompress_lzss
	index: 1, handler: __TI_decompress_none
	index: 2, handler: __TI_zero_init


GLOBAL SYMBOLS: SORTED ALPHABETICALLY BY Name 

address   name                           
-------   ----                           
0000196d  ADC14_IRQHandler               
0000196d  ADC14_IRQHandler               
00003e8b  AES256_IRQHandler              
200005c0  BallIn                         
00003e8b  BusFault_Handler               
00003c05  C$$EXIT                        
00003a57  C$$IO$$                        
00003e8b  COMP_E0_IRQHandler             
00003e8b  COMP_E1_IRQHandler             
00003e8b  CS_IRQHandler                  
200005d4  CupCurrent                     
200005e8  CupPosition                    
200005fc  CupPrevious                    
00003e8b  DMA_ERR_IRQHandler             
00003e8b  DMA_INT0_IRQHandler            
00003e8b  DMA_INT1_IRQHandler            
00003e8b  DMA_INT2_IRQHandler            
00003e8b  DMA_INT3_IRQHandler            
00003e8b  DebugMon_Handler               
00003e8b  Default_Handler                
00003e8b  EUSCIA0_IRQHandler             
00003e8b  EUSCIA1_IRQHandler             
000018e5  EUSCIA2_IRQHandler             
000018e5  EUSCIA2_IRQHandler             
00003e8b  EUSCIA3_IRQHandler             
00003e8b  EUSCIB0_IRQHandler             
00003e8b  EUSCIB1_IRQHandler             
00003e8b  EUSCIB2_IRQHandler             
00003e8b  EUSCIB3_IRQHandler             
00003e8b  FLCTL_IRQHandler               
00003e8b  FPU_IRQHandler                 
00002617  HOSTclock                      
000025df  HOSTclose                      
000025a1  HOSTgetenv                     
00002545  HOSTlseek                      
000024f3  HOSTopen                       
000024a7  HOSTread                       
00002449  HOSTrename                     
0000240f  HOSTtime                       
000023c1  HOSTtime64                     
00002389  HOSTunlink                     
0000233d  HOSTwrite                      
00003e8b  HardFault_Handler              
00003e8b  MemManage_Handler              
00003e8b  NMI_Handler                    
00003e8b  PCM_IRQHandler                 
00003e8b  PORT1_IRQHandler               
00003e8b  PORT2_IRQHandler               
00003e8b  PORT3_IRQHandler               
00003e8b  PORT4_IRQHandler               
00003e8b  PORT5_IRQHandler               
00003e8b  PORT6_IRQHandler               
00003e8b  PSS_IRQHandler                 
00003e8b  PendSV_Handler                 
00003e8b  RTC_C_IRQHandler               
00003e7f  Reset_Handler                  
UNDEFED   SHT$$INIT_ARRAY$$Base          
UNDEFED   SHT$$INIT_ARRAY$$Limit         
00003e8b  SVC_Handler                    
00003e8b  SysTick_Handler                
2000085c  SystemCoreClock                
00002011  SystemCoreClockUpdate          
00002285  SystemInit                     
00003e8b  T32_INT1_IRQHandler            
00003e8b  T32_INT2_IRQHandler            
00003e8b  T32_INTC_IRQHandler            
00003e8b  TA0_0_IRQHandler               
00003e8b  TA0_N_IRQHandler               
00001881  TA1_0_IRQHandler               
00001881  TA1_0_IRQHandler               
00003e8b  TA1_N_IRQHandler               
00003e8b  TA2_0_IRQHandler               
00003e8b  TA2_N_IRQHandler               
00003e8b  TA3_0_IRQHandler               
00003e8b  TA3_N_IRQHandler               
00003e8b  UsageFault_Handler             
4000480c  WDTCTL_SYM                     
00003e8b  WDT_A_IRQHandler               
20000400  __CIOBUF_                      
20010000  __STACK_END                    
00000200  __STACK_SIZE                   
00000400  __SYSMEM_SIZE                  
00004050  __TI_CINIT_Base                
00004060  __TI_CINIT_Limit               
0000403c  __TI_Handler_Table_Base        
00004048  __TI_Handler_Table_Limit       
000038e1  __TI_auto_init                 
00002c29  __TI_cleanup                   
20000830  __TI_cleanup_ptr               
00003629  __TI_closefile                 
000039c1  __TI_decompress_lzss           
00003e71  __TI_decompress_none           
00003419  __TI_doflush                   
20000834  __TI_dtors_ptr                 
20000838  __TI_enable_exit_profile_output
20000820  __TI_ft_end                    
ffffffff  __TI_pprof_out_hndl            
00000925  __TI_printfi                   
ffffffff  __TI_prof_data_size            
ffffffff  __TI_prof_data_start           
00003543  __TI_rd_ok                     
00003a5b  __TI_readmsg                   
00000000  __TI_static_base__             
20000520  __TI_tmpnams                   
00003a29  __TI_writemsg                  
000034e1  __TI_wrt_ok                    
00003e8d  __TI_zero_init                 
00003759  __aeabi_cdcmpeq                
00003759  __aeabi_cdcmple                
000037df  __aeabi_cdrcmple               
00003cf1  __aeabi_d2iz                   
00002d2f  __aeabi_dadd                   
00002edb  __aeabi_ddiv                   
00003145  __aeabi_dmul                   
00002d25  __aeabi_dsub                   
00003d6f  __aeabi_i2d                    
00003865  __aeabi_memclr                 
00003865  __aeabi_memclr4                
00003865  __aeabi_memclr8                
0000358d  __aeabi_memcpy                 
0000358d  __aeabi_memcpy4                
0000358d  __aeabi_memcpy8                
00003867  __aeabi_memset                 
00003867  __aeabi_memset4                
00003867  __aeabi_memset8                
2000082c  __aeabi_stderr                 
20000824  __aeabi_stdin                  
20000828  __aeabi_stdout                 
0000296d  __aeabi_uldivmod               
ffffffff  __binit__                      
ffffffff  __c_args__                     
0000121f  __mpu_init                     
2000fe00  __stack                        
00003dd9  _args_main                     
00003bb1  _c_int00                       
00003e9c  _ctypes_                       
20000640  _ftable                        
20000848  _lock                          
00003e2f  _nop                           
00003e27  _register_lock                 
00003e21  _register_unlock               
20000000  _sys_memory                    
000038df  _system_post_cinit             
00003e99  _system_pre_init               
2000084c  _unlock                        
00003c09  abort                          
000028c1  add_device                     
00003c59  atoi                           
ffffffff  binit                          
00001fe1  calloc                         
00001a11  clearInterrupt                 
00002871  close                          
00003ca5  copy_in                        
00003e35  copysign                       
00003e35  copysignl                      
20000808  counterADC                     
2000080c  counterMOTOR                   
20000850  errno                          
00003c11  exit                           
0000368f  fclose                         
00003465  fflush                         
20000804  firstRead                      
00002c7f  fopen                          
000036c1  fputc                          
00003011  fputs                          
00001d2b  free                           
00002c55  freopen                        
00003af5  frexp                          
00003af5  frexpl                         
00003a91  fseek                          
00001a41  getStatus                      
00000000  interruptVectors               
00003241  ldexp                          
00003241  ldexpl                         
0000284d  lseek                          
00003b59  ltoa                           
00001225  main                           
20000858  main_func_sp                   
00001cc1  malloc                         
00001ef5  memalign                       
00003dbd  memccpy                        
00003d9d  memchr                         
0000358d  memcpy                         
0000386d  memset                         
00001c41  minit                          
20000610  motorDown                      
20000814  motorOff                       
20000810  motorOn                        
20000624  motorUp                        
0000279f  open                           
00001a83  printADC                       
00001b29  printCurrents                  
00001829  printDiffs                     
00003959  printf                         
000017db  pulseMotorDown                 
000036c1  putc                           
00003745  putchar                        
0000311d  puts                           
0000277b  read                           
20000800  readFlag                       
00001ded  realloc                        
000026f1  remove                         
00002753  remove_device                  
00002715  rename                         
00003241  scalbn                         
00003241  scalbnl                        
0000333d  setvbuf                        
00003e09  strchr                         
00003df1  strcmp                         
00003e49  strcpy                         
00003e5d  strlen                         
00003d39  strncpy                        
2000081c  uartChar                       
00003fa0  uartConfig                     
20000818  uartFlag                       
000026f1  unlink                         
00002661  write                          


GLOBAL SYMBOLS: SORTED BY Symbol Address 

address   name                           
-------   ----                           
00000000  __TI_static_base__             
00000000  interruptVectors               
00000200  __STACK_SIZE                   
00000400  __SYSMEM_SIZE                  
00000925  __TI_printfi                   
0000121f  __mpu_init                     
00001225  main                           
000017db  pulseMotorDown                 
00001829  printDiffs                     
00001881  TA1_0_IRQHandler               
00001881  TA1_0_IRQHandler               
000018e5  EUSCIA2_IRQHandler             
000018e5  EUSCIA2_IRQHandler             
0000196d  ADC14_IRQHandler               
0000196d  ADC14_IRQHandler               
00001a11  clearInterrupt                 
00001a41  getStatus                      
00001a83  printADC                       
00001b29  printCurrents                  
00001c41  minit                          
00001cc1  malloc                         
00001d2b  free                           
00001ded  realloc                        
00001ef5  memalign                       
00001fe1  calloc                         
00002011  SystemCoreClockUpdate          
00002285  SystemInit                     
0000233d  HOSTwrite                      
00002389  HOSTunlink                     
000023c1  HOSTtime64                     
0000240f  HOSTtime                       
00002449  HOSTrename                     
000024a7  HOSTread                       
000024f3  HOSTopen                       
00002545  HOSTlseek                      
000025a1  HOSTgetenv                     
000025df  HOSTclose                      
00002617  HOSTclock                      
00002661  write                          
000026f1  remove                         
000026f1  unlink                         
00002715  rename                         
00002753  remove_device                  
0000277b  read                           
0000279f  open                           
0000284d  lseek                          
00002871  close                          
000028c1  add_device                     
0000296d  __aeabi_uldivmod               
00002c29  __TI_cleanup                   
00002c55  freopen                        
00002c7f  fopen                          
00002d25  __aeabi_dsub                   
00002d2f  __aeabi_dadd                   
00002edb  __aeabi_ddiv                   
00003011  fputs                          
0000311d  puts                           
00003145  __aeabi_dmul                   
00003241  ldexp                          
00003241  ldexpl                         
00003241  scalbn                         
00003241  scalbnl                        
0000333d  setvbuf                        
00003419  __TI_doflush                   
00003465  fflush                         
000034e1  __TI_wrt_ok                    
00003543  __TI_rd_ok                     
0000358d  __aeabi_memcpy                 
0000358d  __aeabi_memcpy4                
0000358d  __aeabi_memcpy8                
0000358d  memcpy                         
00003629  __TI_closefile                 
0000368f  fclose                         
000036c1  fputc                          
000036c1  putc                           
00003745  putchar                        
00003759  __aeabi_cdcmpeq                
00003759  __aeabi_cdcmple                
000037df  __aeabi_cdrcmple               
00003865  __aeabi_memclr                 
00003865  __aeabi_memclr4                
00003865  __aeabi_memclr8                
00003867  __aeabi_memset                 
00003867  __aeabi_memset4                
00003867  __aeabi_memset8                
0000386d  memset                         
000038df  _system_post_cinit             
000038e1  __TI_auto_init                 
00003959  printf                         
000039c1  __TI_decompress_lzss           
00003a29  __TI_writemsg                  
00003a57  C$$IO$$                        
00003a5b  __TI_readmsg                   
00003a91  fseek                          
00003af5  frexp                          
00003af5  frexpl                         
00003b59  ltoa                           
00003bb1  _c_int00                       
00003c05  C$$EXIT                        
00003c09  abort                          
00003c11  exit                           
00003c59  atoi                           
00003ca5  copy_in                        
00003cf1  __aeabi_d2iz                   
00003d39  strncpy                        
00003d6f  __aeabi_i2d                    
00003d9d  memchr                         
00003dbd  memccpy                        
00003dd9  _args_main                     
00003df1  strcmp                         
00003e09  strchr                         
00003e21  _register_unlock               
00003e27  _register_lock                 
00003e2f  _nop                           
00003e35  copysign                       
00003e35  copysignl                      
00003e49  strcpy                         
00003e5d  strlen                         
00003e71  __TI_decompress_none           
00003e7f  Reset_Handler                  
00003e8b  AES256_IRQHandler              
00003e8b  BusFault_Handler               
00003e8b  COMP_E0_IRQHandler             
00003e8b  COMP_E1_IRQHandler             
00003e8b  CS_IRQHandler                  
00003e8b  DMA_ERR_IRQHandler             
00003e8b  DMA_INT0_IRQHandler            
00003e8b  DMA_INT1_IRQHandler            
00003e8b  DMA_INT2_IRQHandler            
00003e8b  DMA_INT3_IRQHandler            
00003e8b  DebugMon_Handler               
00003e8b  Default_Handler                
00003e8b  EUSCIA0_IRQHandler             
00003e8b  EUSCIA1_IRQHandler             
00003e8b  EUSCIA3_IRQHandler             
00003e8b  EUSCIB0_IRQHandler             
00003e8b  EUSCIB1_IRQHandler             
00003e8b  EUSCIB2_IRQHandler             
00003e8b  EUSCIB3_IRQHandler             
00003e8b  FLCTL_IRQHandler               
00003e8b  FPU_IRQHandler                 
00003e8b  HardFault_Handler              
00003e8b  MemManage_Handler              
00003e8b  NMI_Handler                    
00003e8b  PCM_IRQHandler                 
00003e8b  PORT1_IRQHandler               
00003e8b  PORT2_IRQHandler               
00003e8b  PORT3_IRQHandler               
00003e8b  PORT4_IRQHandler               
00003e8b  PORT5_IRQHandler               
00003e8b  PORT6_IRQHandler               
00003e8b  PSS_IRQHandler                 
00003e8b  PendSV_Handler                 
00003e8b  RTC_C_IRQHandler               
00003e8b  SVC_Handler                    
00003e8b  SysTick_Handler                
00003e8b  T32_INT1_IRQHandler            
00003e8b  T32_INT2_IRQHandler            
00003e8b  T32_INTC_IRQHandler            
00003e8b  TA0_0_IRQHandler               
00003e8b  TA0_N_IRQHandler               
00003e8b  TA1_N_IRQHandler               
00003e8b  TA2_0_IRQHandler               
00003e8b  TA2_N_IRQHandler               
00003e8b  TA3_0_IRQHandler               
00003e8b  TA3_N_IRQHandler               
00003e8b  UsageFault_Handler             
00003e8b  WDT_A_IRQHandler               
00003e8d  __TI_zero_init                 
00003e99  _system_pre_init               
00003e9c  _ctypes_                       
00003fa0  uartConfig                     
0000403c  __TI_Handler_Table_Base        
00004048  __TI_Handler_Table_Limit       
00004050  __TI_CINIT_Base                
00004060  __TI_CINIT_Limit               
20000000  _sys_memory                    
20000400  __CIOBUF_                      
20000520  __TI_tmpnams                   
200005c0  BallIn                         
200005d4  CupCurrent                     
200005e8  CupPosition                    
200005fc  CupPrevious                    
20000610  motorDown                      
20000624  motorUp                        
20000640  _ftable                        
20000800  readFlag                       
20000804  firstRead                      
20000808  counterADC                     
2000080c  counterMOTOR                   
20000810  motorOn                        
20000814  motorOff                       
20000818  uartFlag                       
2000081c  uartChar                       
20000820  __TI_ft_end                    
20000824  __aeabi_stdin                  
20000828  __aeabi_stdout                 
2000082c  __aeabi_stderr                 
20000830  __TI_cleanup_ptr               
20000834  __TI_dtors_ptr                 
20000838  __TI_enable_exit_profile_output
20000848  _lock                          
2000084c  _unlock                        
20000850  errno                          
20000858  main_func_sp                   
2000085c  SystemCoreClock                
2000fe00  __stack                        
20010000  __STACK_END                    
4000480c  WDTCTL_SYM                     
ffffffff  __TI_pprof_out_hndl            
ffffffff  __TI_prof_data_size            
ffffffff  __TI_prof_data_start           
ffffffff  __binit__                      
ffffffff  __c_args__                     
ffffffff  binit                          
UNDEFED   SHT$$INIT_ARRAY$$Base          
UNDEFED   SHT$$INIT_ARRAY$$Limit         

[217 symbols]
