******************************************************************************
                  TI ARM Linker PC v16.9.0                     
******************************************************************************
>> Linked Fri Feb 10 22:58:55 2017

OUTPUT FILE NAME:   <MicroFinal.out>
ENTRY POINT SYMBOL: "_c_int00"  address: 0000370d


MEMORY CONFIGURATION

         name            origin    length      used     unused   attr    fill
----------------------  --------  ---------  --------  --------  ----  --------
  MAIN                  00000000   00040000  00003b91  0003c46f  R  X
  INFO                  00200000   00004000  00000000  00004000  R  X
  SRAM_CODE             01000000   00010000  00000a28  0000f5d8  RW X
  SRAM_DATA             20000000   00010000  00000a28  0000f5d8  RW  


SEGMENT ALLOCATION MAP

run origin  load origin   length   init length attrs members
----------  ----------- ---------- ----------- ----- -------
00000000    00000000    00003b98   00003b98    r-x
  00000000    00000000    000000e4   000000e4    r-- .intvecs
  000000e4    000000e4    00003914   00003914    r-x .text
  000039f8    000039f8    00000101   00000101    r-- .const
  00003b00    00003b00    00000098   00000098    r-- .cinit
20000000    20000000    00000828   00000000    rw-
  20000000    20000000    00000400   00000000    rw- .sysmem
  20000400    20000400    00000218   00000000    rw- .bss
  20000618    20000618    00000210   00000000    rw- .data
2000fe00    2000fe00    00000200   00000000    rw-
  2000fe00    2000fe00    00000200   00000000    rw- .stack


SECTION ALLOCATION MAP

 output                                  attributes/
section   page    origin      length       input sections
--------  ----  ----------  ----------   ----------------
.intvecs   0    00000000    000000e4     
                  00000000    000000e4     startup_msp432p401r_ccs.obj (.intvecs:retain)

.binit     0    00000000    00000000     

.text      0    000000e4    00003914     
                  000000e4    0000113a     rtsv7M4_T_le_v4SPD16_eabi.lib : _printfi.obj (.text)
                  0000121e    00000002                                   : mpu_init.obj (.text)
                  00001220    0000057c     main.obj (.text)
                  0000179c    000003d0     rtsv7M4_T_le_v4SPD16_eabi.lib : memory.obj (.text)
                  00001b6c    0000032c     system_msp432p401r.obj (.text)
                  00001e98    00000324     rtsv7M4_T_le_v4SPD16_eabi.lib : trgdrv.obj (.text)
                  000021bc    0000030c                                   : lowlev.obj (.text)
                  000024c8    000001f4                                   : ull_div_t2.obj (.text)
                  000026bc    000001c4                                   : fopen.obj (.text)
                  00002880    000001b6                                   : fd_add_t2.obj (.text)
                  00002a36    00000136                                   : fd_div_t2.obj (.text)
                  00002b6c    00000134                                   : fputs.obj (.text)
                  00002ca0    000000fc                                   : fd_mul_t2.obj (.text)
                  00002d9c    000000fc                                   : s_scalbn.obj (.text)
                  00002e98    000000dc                                   : setvbuf.obj (.text)
                  00002f74    000000c8                                   : fflush.obj (.text)
                  0000303c    000000ac                                   : _io_perm.obj (.text)
                  000030e8    0000009c                                   : memcpy_t2.obj (.text)
                  00003184    00000098                                   : fclose.obj (.text)
                  0000321c    00000098                                   : fputc.obj (.text)
                  000032b4    00000086                                   : fd_cmp_t2.obj (.text:__aeabi_cdcmple)
                  0000333a    00000086                                   : fd_cmp_t2.obj (.text:__aeabi_cdrcmple)
                  000033c0    0000007a                                   : memset_t2.obj (.text)
                  0000343a    00000002                                   : startup.obj (.text)
                  0000343c    00000070                                   : autoinit.obj (.text)
                  000034ac    00000070                                   : printf.obj (.text)
                  0000351c    00000068                                   : copy_decompress_lzss.obj (.text:decompress:lzss)
                  00003584    00000068                                   : trgmsg.obj (.text)
                  000035ec    00000064                                   : fseek.obj (.text)
                  00003650    00000064                                   : s_frexp.obj (.text)
                  000036b4    00000056                                   : ltoa.obj (.text)
                  0000370a    00000002     --HOLE-- [fill = 0]
                  0000370c    00000054                                   : boot.obj (.text)
                  00003760    00000054                                   : exit.obj (.text)
                  000037b4    0000004c                                   : atoi.obj (.text)
                  00003800    0000004c                                   : cpy_tbl.obj (.text)
                  0000384c    00000048                                   : fd_toi_t2.obj (.text)
                  00003894    00000036                                   : strncpy.obj (.text)
                  000038ca    0000002e                                   : i_tofd_t2.obj (.text)
                  000038f8    00000020                                   : memchr.obj (.text)
                  00003918    0000001c                                   : memccpy.obj (.text)
                  00003934    00000018                                   : args_main.obj (.text)
                  0000394c    00000018                                   : strcmp.obj (.text)
                  00003964    00000016                                   : strchr.obj (.text)
                  0000397a    00000002     --HOLE-- [fill = 0]
                  0000397c    00000014                                   : _lock.obj (.text)
                  00003990    00000014                                   : s_copysign.obj (.text)
                  000039a4    00000014                                   : strcpy.obj (.text)
                  000039b8    00000014                                   : strlen.obj (.text)
                  000039cc    0000000e                                   : copy_decompress_none.obj (.text:decompress:none)
                  000039da    0000000e     startup_msp432p401r_ccs.obj (.text)
                  000039e8    0000000c     rtsv7M4_T_le_v4SPD16_eabi.lib : copy_zero_init.obj (.text:decompress:ZI)
                  000039f4    00000004                                   : pre_init.obj (.text)

.const     0    000039f8    00000101     
                  000039f8    00000101     rtsv7M4_T_le_v4SPD16_eabi.lib : ctype.obj (.const:.string:_ctypes_)

.cinit     0    00003b00    00000098     
                  00003b00    00000071     (.cinit..data.load) [load image, compression = lzss]
                  00003b71    00000003     --HOLE-- [fill = 0]
                  00003b74    0000000c     (__TI_handler_table)
                  00003b80    00000008     (.cinit..bss.load) [load image, compression = zero_init]
                  00003b88    00000010     (__TI_cinit_table)

.init_array 
*          0    00000000    00000000     UNINITIALIZED

.sysmem    0    20000000    00000400     UNINITIALIZED
                  20000000    00000008     rtsv7M4_T_le_v4SPD16_eabi.lib : memory.obj (.sysmem)
                  20000008    000003f8     --HOLE--

.bss       0    20000400    00000218     UNINITIALIZED
                  20000400    00000120     rtsv7M4_T_le_v4SPD16_eabi.lib : trgmsg.obj (.bss:_CIOBUF_)
                  20000520    000000a0     (.common:__TI_tmpnams)
                  200005c0    00000014     (.common:BallIn)
                  200005d4    00000014     (.common:CupCurrent)
                  200005e8    00000014     (.common:CupPosition)
                  200005fc    00000014     (.common:CupPrevious)
                  20000610    00000008                                   : trgdrv.obj (.bss:parmbuf)

.data      0    20000618    00000210     UNINITIALIZED
                  20000618    000000f0     rtsv7M4_T_le_v4SPD16_eabi.lib : defs.obj (.data:_ftable)
                  20000708    000000d0                                   : lowlev.obj (.data:$O1$$)
                  200007d8    00000010     main.obj (.data)
                  200007e8    00000010     rtsv7M4_T_le_v4SPD16_eabi.lib : defs.obj (.data)
                  200007f8    0000000c                                   : exit.obj (.data:$O1$$)
                  20000804    0000000c                                   : memory.obj (.data:$O1$$)
                  20000810    00000008                                   : _lock.obj (.data:$O1$$)
                  20000818    00000004                                   : errno.obj (.data)
                  2000081c    00000004                                   : fopen.obj (.data)
                  20000820    00000004                                   : stkdepth_vars.obj (.data)
                  20000824    00000004     system_msp432p401r.obj (.data)

.stack     0    2000fe00    00000200     UNINITIALIZED
                  2000fe00    00000200     --HOLE--

MODULE SUMMARY

       Module                        code    ro data   rw data
       ------                        ----    -------   -------
    .\
       main.obj                      1404    0         192    
       system_msp432p401r.obj        812     0         8      
       startup_msp432p401r_ccs.obj   14      228       0      
    +--+-----------------------------+-------+---------+---------+
       Total:                        2230    228       200    
                                                              
    C:\ti\ccsv7\tools\compiler\ti-cgt-arm_16.9.0.LTS\lib\rtsv7M4_T_le_v4SPD16_eabi.lib
       _printfi.obj                  4410    0         0      
       lowlev.obj                    780     0         416    
       memory.obj                    976     0         24     
       defs.obj                      0       0         832    
       trgdrv.obj                    804     0         16     
       trgmsg.obj                    104     0         576    
       ull_div_t2.obj                500     0         0      
       fopen.obj                     452     0         8      
       fd_add_t2.obj                 438     0         0      
       fd_div_t2.obj                 310     0         0      
       fputs.obj                     308     0         0      
       fd_cmp_t2.obj                 268     0         0      
       ctype.obj                     0       257       0      
       fd_mul_t2.obj                 252     0         0      
       s_scalbn.obj                  252     0         0      
       setvbuf.obj                   220     0         0      
       fflush.obj                    200     0         0      
       _io_perm.obj                  172     0         0      
       memcpy_t2.obj                 156     0         0      
       fclose.obj                    152     0         0      
       fputc.obj                     152     0         0      
       memset_t2.obj                 122     0         0      
       autoinit.obj                  112     0         0      
       printf.obj                    112     0         0      
       exit.obj                      84      0         24     
       copy_decompress_lzss.obj      104     0         0      
       fseek.obj                     100     0         0      
       s_frexp.obj                   100     0         0      
       ltoa.obj                      86      0         0      
       boot.obj                      84      0         0      
       atoi.obj                      76      0         0      
       cpy_tbl.obj                   76      0         0      
       fd_toi_t2.obj                 72      0         0      
       strncpy.obj                   54      0         0      
       i_tofd_t2.obj                 46      0         0      
       _lock.obj                     20      0         16     
       memchr.obj                    32      0         0      
       memccpy.obj                   28      0         0      
       args_main.obj                 24      0         0      
       strcmp.obj                    24      0         0      
       strchr.obj                    22      0         0      
       s_copysign.obj                20      0         0      
       strcpy.obj                    20      0         0      
       strlen.obj                    20      0         0      
       copy_decompress_none.obj      14      0         0      
       copy_zero_init.obj            12      0         0      
       errno.obj                     0       0         8      
       stkdepth_vars.obj             0       0         8      
       pre_init.obj                  4       0         0      
       mpu_init.obj                  2       0         0      
       startup.obj                   2       0         0      
    +--+-----------------------------+-------+---------+---------+
       Total:                        12378   257       1928   
                                                              
       Heap:                         0       0         2048   
       Stack:                        0       0         1024   
       Linker Generated:             0       149       0      
    +--+-----------------------------+-------+---------+---------+
       Grand Total:                  14608   634       5200   


LINKER GENERATED COPY TABLES

__TI_cinit_table @ 00003b88 records: 2, size/record: 8, table size: 16
	.data: load addr=00003b00, load size=00000071 bytes, run addr=20000618, run size=00000210 bytes, compression=lzss
	.bss: load addr=00003b80, load size=00000008 bytes, run addr=20000400, run size=00000218 bytes, compression=zero_init


LINKER GENERATED HANDLER TABLE

__TI_handler_table @ 00003b74 records: 3, size/record: 4, table size: 12
	index: 0, handler: __TI_decompress_lzss
	index: 1, handler: __TI_decompress_none
	index: 2, handler: __TI_zero_init


GLOBAL SYMBOLS: SORTED ALPHABETICALLY BY Name 

address   name                           
-------   ----                           
000014b5  ADC14_IRQHandler               
000014b5  ADC14_IRQHandler               
000039e7  AES256_IRQHandler              
200005c0  BallIn                         
000039e7  BusFault_Handler               
00003761  C$$EXIT                        
000035b3  C$$IO$$                        
000039e7  COMP_E0_IRQHandler             
000039e7  COMP_E1_IRQHandler             
000039e7  CS_IRQHandler                  
200005d4  CupCurrent                     
200005e8  CupPosition                    
200005fc  CupPrevious                    
000039e7  DMA_ERR_IRQHandler             
000039e7  DMA_INT0_IRQHandler            
000039e7  DMA_INT1_IRQHandler            
000039e7  DMA_INT2_IRQHandler            
000039e7  DMA_INT3_IRQHandler            
000039e7  DebugMon_Handler               
000039e7  Default_Handler                
000039e7  EUSCIA0_IRQHandler             
000039e7  EUSCIA1_IRQHandler             
000039e7  EUSCIA2_IRQHandler             
000039e7  EUSCIA3_IRQHandler             
000039e7  EUSCIB0_IRQHandler             
000039e7  EUSCIB1_IRQHandler             
000039e7  EUSCIB2_IRQHandler             
000039e7  EUSCIB3_IRQHandler             
000039e7  FLCTL_IRQHandler               
000039e7  FPU_IRQHandler                 
00002173  HOSTclock                      
0000213b  HOSTclose                      
000020fd  HOSTgetenv                     
000020a1  HOSTlseek                      
0000204f  HOSTopen                       
00002003  HOSTread                       
00001fa5  HOSTrename                     
00001f6b  HOSTtime                       
00001f1d  HOSTtime64                     
00001ee5  HOSTunlink                     
00001e99  HOSTwrite                      
000039e7  HardFault_Handler              
000039e7  MemManage_Handler              
000039e7  NMI_Handler                    
000039e7  PCM_IRQHandler                 
000039e7  PORT1_IRQHandler               
000039e7  PORT2_IRQHandler               
000039e7  PORT3_IRQHandler               
000039e7  PORT4_IRQHandler               
000039e7  PORT5_IRQHandler               
000039e7  PORT6_IRQHandler               
000039e7  PSS_IRQHandler                 
000039e7  PendSV_Handler                 
000039e7  RTC_C_IRQHandler               
000039db  Reset_Handler                  
UNDEFED   SHT$$INIT_ARRAY$$Base          
UNDEFED   SHT$$INIT_ARRAY$$Limit         
000039e7  SVC_Handler                    
000039e7  SysTick_Handler                
20000824  SystemCoreClock                
00001b6d  SystemCoreClockUpdate          
00001de1  SystemInit                     
000039e7  T32_INT1_IRQHandler            
000039e7  T32_INT2_IRQHandler            
000039e7  T32_INTC_IRQHandler            
00001455  TA0_0_IRQHandler               
00001455  TA0_0_IRQHandler               
000039e7  TA0_N_IRQHandler               
000039e7  TA1_0_IRQHandler               
000039e7  TA1_N_IRQHandler               
000039e7  TA2_0_IRQHandler               
000039e7  TA2_N_IRQHandler               
000039e7  TA3_0_IRQHandler               
000039e7  TA3_N_IRQHandler               
000039e7  UsageFault_Handler             
4000480c  WDTCTL_SYM                     
000039e7  WDT_A_IRQHandler               
20000400  __CIOBUF_                      
20010000  __STACK_END                    
00000200  __STACK_SIZE                   
00000400  __SYSMEM_SIZE                  
00003b88  __TI_CINIT_Base                
00003b98  __TI_CINIT_Limit               
00003b74  __TI_Handler_Table_Base        
00003b80  __TI_Handler_Table_Limit       
0000343d  __TI_auto_init                 
00002785  __TI_cleanup                   
200007f8  __TI_cleanup_ptr               
00003185  __TI_closefile                 
0000351d  __TI_decompress_lzss           
000039cd  __TI_decompress_none           
00002f75  __TI_doflush                   
200007fc  __TI_dtors_ptr                 
20000800  __TI_enable_exit_profile_output
200007e8  __TI_ft_end                    
ffffffff  __TI_pprof_out_hndl            
00000925  __TI_printfi                   
ffffffff  __TI_prof_data_size            
ffffffff  __TI_prof_data_start           
0000309f  __TI_rd_ok                     
000035b7  __TI_readmsg                   
00000000  __TI_static_base__             
20000520  __TI_tmpnams                   
00003585  __TI_writemsg                  
0000303d  __TI_wrt_ok                    
000039e9  __TI_zero_init                 
000032b5  __aeabi_cdcmpeq                
000032b5  __aeabi_cdcmple                
0000333b  __aeabi_cdrcmple               
0000384d  __aeabi_d2iz                   
0000288b  __aeabi_dadd                   
00002a37  __aeabi_ddiv                   
00002ca1  __aeabi_dmul                   
00002881  __aeabi_dsub                   
000038cb  __aeabi_i2d                    
000033c1  __aeabi_memclr                 
000033c1  __aeabi_memclr4                
000033c1  __aeabi_memclr8                
000030e9  __aeabi_memcpy                 
000030e9  __aeabi_memcpy4                
000030e9  __aeabi_memcpy8                
000033c3  __aeabi_memset                 
000033c3  __aeabi_memset4                
000033c3  __aeabi_memset8                
200007f4  __aeabi_stderr                 
200007ec  __aeabi_stdin                  
200007f0  __aeabi_stdout                 
000024c9  __aeabi_uldivmod               
ffffffff  __binit__                      
ffffffff  __c_args__                     
0000121f  __mpu_init                     
2000fe00  __stack                        
00003935  _args_main                     
0000370d  _c_int00                       
000039f8  _ctypes_                       
20000618  _ftable                        
20000810  _lock                          
0000398b  _nop                           
00003983  _register_lock                 
0000397d  _register_unlock               
20000000  _sys_memory                    
0000343b  _system_post_cinit             
000039f5  _system_pre_init               
20000814  _unlock                        
00003765  abort                          
0000241d  add_device                     
000037b5  atoi                           
ffffffff  binit                          
00001b3d  calloc                         
00001581  clearInterrupt                 
000023cd  close                          
00003801  copy_in                        
00003991  copysign                       
00003991  copysignl                      
200007e4  counter                        
20000818  errno                          
0000376d  exit                           
000031eb  fclose                         
00002fc1  fflush                         
200007dc  firstRead                      
000027db  fopen                          
0000321d  fputc                          
00002b6d  fputs                          
00001887  free                           
000027b1  freopen                        
00003651  frexp                          
00003651  frexpl                         
000035ed  fseek                          
000015c1  getStatus                      
200007e0  hehe                           
00000000  interruptVectors               
00002d9d  ldexp                          
00002d9d  ldexpl                         
000023a9  lseek                          
000036b5  ltoa                           
00001225  main                           
20000820  main_func_sp                   
0000181d  malloc                         
00001a51  memalign                       
00003919  memccpy                        
000038f9  memchr                         
000030e9  memcpy                         
000033c9  memset                         
0000179d  minit                          
000022fb  open                           
00001611  printADC                       
0000167f  printCurrents                  
00001419  printDiffs                     
000034b5  printf                         
0000321d  putc                           
000032a1  putchar                        
00002c79  puts                           
000022d7  read                           
200007d8  readFlag                       
00001949  realloc                        
0000224d  remove                         
000022af  remove_device                  
00002271  rename                         
00002d9d  scalbn                         
00002d9d  scalbnl                        
00002e99  setvbuf                        
00003965  strchr                         
0000394d  strcmp                         
000039a5  strcpy                         
000039b9  strlen                         
00003895  strncpy                        
0000224d  unlink                         
000021bd  write                          


GLOBAL SYMBOLS: SORTED BY Symbol Address 

address   name                           
-------   ----                           
00000000  __TI_static_base__             
00000000  interruptVectors               
00000200  __STACK_SIZE                   
00000400  __SYSMEM_SIZE                  
00000925  __TI_printfi                   
0000121f  __mpu_init                     
00001225  main                           
00001419  printDiffs                     
00001455  TA0_0_IRQHandler               
00001455  TA0_0_IRQHandler               
000014b5  ADC14_IRQHandler               
000014b5  ADC14_IRQHandler               
00001581  clearInterrupt                 
000015c1  getStatus                      
00001611  printADC                       
0000167f  printCurrents                  
0000179d  minit                          
0000181d  malloc                         
00001887  free                           
00001949  realloc                        
00001a51  memalign                       
00001b3d  calloc                         
00001b6d  SystemCoreClockUpdate          
00001de1  SystemInit                     
00001e99  HOSTwrite                      
00001ee5  HOSTunlink                     
00001f1d  HOSTtime64                     
00001f6b  HOSTtime                       
00001fa5  HOSTrename                     
00002003  HOSTread                       
0000204f  HOSTopen                       
000020a1  HOSTlseek                      
000020fd  HOSTgetenv                     
0000213b  HOSTclose                      
00002173  HOSTclock                      
000021bd  write                          
0000224d  remove                         
0000224d  unlink                         
00002271  rename                         
000022af  remove_device                  
000022d7  read                           
000022fb  open                           
000023a9  lseek                          
000023cd  close                          
0000241d  add_device                     
000024c9  __aeabi_uldivmod               
00002785  __TI_cleanup                   
000027b1  freopen                        
000027db  fopen                          
00002881  __aeabi_dsub                   
0000288b  __aeabi_dadd                   
00002a37  __aeabi_ddiv                   
00002b6d  fputs                          
00002c79  puts                           
00002ca1  __aeabi_dmul                   
00002d9d  ldexp                          
00002d9d  ldexpl                         
00002d9d  scalbn                         
00002d9d  scalbnl                        
00002e99  setvbuf                        
00002f75  __TI_doflush                   
00002fc1  fflush                         
0000303d  __TI_wrt_ok                    
0000309f  __TI_rd_ok                     
000030e9  __aeabi_memcpy                 
000030e9  __aeabi_memcpy4                
000030e9  __aeabi_memcpy8                
000030e9  memcpy                         
00003185  __TI_closefile                 
000031eb  fclose                         
0000321d  fputc                          
0000321d  putc                           
000032a1  putchar                        
000032b5  __aeabi_cdcmpeq                
000032b5  __aeabi_cdcmple                
0000333b  __aeabi_cdrcmple               
000033c1  __aeabi_memclr                 
000033c1  __aeabi_memclr4                
000033c1  __aeabi_memclr8                
000033c3  __aeabi_memset                 
000033c3  __aeabi_memset4                
000033c3  __aeabi_memset8                
000033c9  memset                         
0000343b  _system_post_cinit             
0000343d  __TI_auto_init                 
000034b5  printf                         
0000351d  __TI_decompress_lzss           
00003585  __TI_writemsg                  
000035b3  C$$IO$$                        
000035b7  __TI_readmsg                   
000035ed  fseek                          
00003651  frexp                          
00003651  frexpl                         
000036b5  ltoa                           
0000370d  _c_int00                       
00003761  C$$EXIT                        
00003765  abort                          
0000376d  exit                           
000037b5  atoi                           
00003801  copy_in                        
0000384d  __aeabi_d2iz                   
00003895  strncpy                        
000038cb  __aeabi_i2d                    
000038f9  memchr                         
00003919  memccpy                        
00003935  _args_main                     
0000394d  strcmp                         
00003965  strchr                         
0000397d  _register_unlock               
00003983  _register_lock                 
0000398b  _nop                           
00003991  copysign                       
00003991  copysignl                      
000039a5  strcpy                         
000039b9  strlen                         
000039cd  __TI_decompress_none           
000039db  Reset_Handler                  
000039e7  AES256_IRQHandler              
000039e7  BusFault_Handler               
000039e7  COMP_E0_IRQHandler             
000039e7  COMP_E1_IRQHandler             
000039e7  CS_IRQHandler                  
000039e7  DMA_ERR_IRQHandler             
000039e7  DMA_INT0_IRQHandler            
000039e7  DMA_INT1_IRQHandler            
000039e7  DMA_INT2_IRQHandler            
000039e7  DMA_INT3_IRQHandler            
000039e7  DebugMon_Handler               
000039e7  Default_Handler                
000039e7  EUSCIA0_IRQHandler             
000039e7  EUSCIA1_IRQHandler             
000039e7  EUSCIA2_IRQHandler             
000039e7  EUSCIA3_IRQHandler             
000039e7  EUSCIB0_IRQHandler             
000039e7  EUSCIB1_IRQHandler             
000039e7  EUSCIB2_IRQHandler             
000039e7  EUSCIB3_IRQHandler             
000039e7  FLCTL_IRQHandler               
000039e7  FPU_IRQHandler                 
000039e7  HardFault_Handler              
000039e7  MemManage_Handler              
000039e7  NMI_Handler                    
000039e7  PCM_IRQHandler                 
000039e7  PORT1_IRQHandler               
000039e7  PORT2_IRQHandler               
000039e7  PORT3_IRQHandler               
000039e7  PORT4_IRQHandler               
000039e7  PORT5_IRQHandler               
000039e7  PORT6_IRQHandler               
000039e7  PSS_IRQHandler                 
000039e7  PendSV_Handler                 
000039e7  RTC_C_IRQHandler               
000039e7  SVC_Handler                    
000039e7  SysTick_Handler                
000039e7  T32_INT1_IRQHandler            
000039e7  T32_INT2_IRQHandler            
000039e7  T32_INTC_IRQHandler            
000039e7  TA0_N_IRQHandler               
000039e7  TA1_0_IRQHandler               
000039e7  TA1_N_IRQHandler               
000039e7  TA2_0_IRQHandler               
000039e7  TA2_N_IRQHandler               
000039e7  TA3_0_IRQHandler               
000039e7  TA3_N_IRQHandler               
000039e7  UsageFault_Handler             
000039e7  WDT_A_IRQHandler               
000039e9  __TI_zero_init                 
000039f5  _system_pre_init               
000039f8  _ctypes_                       
00003b74  __TI_Handler_Table_Base        
00003b80  __TI_Handler_Table_Limit       
00003b88  __TI_CINIT_Base                
00003b98  __TI_CINIT_Limit               
20000000  _sys_memory                    
20000400  __CIOBUF_                      
20000520  __TI_tmpnams                   
200005c0  BallIn                         
200005d4  CupCurrent                     
200005e8  CupPosition                    
200005fc  CupPrevious                    
20000618  _ftable                        
200007d8  readFlag                       
200007dc  firstRead                      
200007e0  hehe                           
200007e4  counter                        
200007e8  __TI_ft_end                    
200007ec  __aeabi_stdin                  
200007f0  __aeabi_stdout                 
200007f4  __aeabi_stderr                 
200007f8  __TI_cleanup_ptr               
200007fc  __TI_dtors_ptr                 
20000800  __TI_enable_exit_profile_output
20000810  _lock                          
20000814  _unlock                        
20000818  errno                          
20000820  main_func_sp                   
20000824  SystemCoreClock                
2000fe00  __stack                        
20010000  __STACK_END                    
4000480c  WDTCTL_SYM                     
ffffffff  __TI_pprof_out_hndl            
ffffffff  __TI_prof_data_size            
ffffffff  __TI_prof_data_start           
ffffffff  __binit__                      
ffffffff  __c_args__                     
ffffffff  binit                          
UNDEFED   SHT$$INIT_ARRAY$$Base          
UNDEFED   SHT$$INIT_ARRAY$$Limit         

[208 symbols]
