******************************************************************************
                  TI ARM Linker PC v16.9.0                     
******************************************************************************
>> Linked Wed Mar 08 17:42:11 2017

OUTPUT FILE NAME:   <MicroFinal.out>
ENTRY POINT SYMBOL: "_c_int00"  address: 00003bc9


MEMORY CONFIGURATION

         name            origin    length      used     unused   attr    fill
----------------------  --------  ---------  --------  --------  ----  --------
  MAIN                  00000000   00040000  00004074  0003bf8c  R  X
  INFO                  00200000   00004000  00000000  00004000  R  X
  SRAM_CODE             01000000   00010000  00000a60  0000f5a0  RW X
  SRAM_DATA             20000000   00010000  00000a60  0000f5a0  RW  


SEGMENT ALLOCATION MAP

run origin  load origin   length   init length attrs members
----------  ----------- ---------- ----------- ----- -------
00000000    00000000    00004078   00004078    r-x
  00000000    00000000    000000e4   000000e4    r-- .intvecs
  000000e4    000000e4    00003dd0   00003dd0    r-x .text
  00003eb4    00003eb4    00000128   00000128    r-- .const
  00003fe0    00003fe0    00000098   00000098    r-- .cinit
20000000    20000000    00000860   00000000    rw-
  20000000    20000000    00000400   00000000    rw- .sysmem
  20000400    20000400    00000240   00000000    rw- .bss
  20000640    20000640    00000220   00000000    rw- .data
2000fe00    2000fe00    00000200   00000000    rw-
  2000fe00    2000fe00    00000200   00000000    rw- .stack


SECTION ALLOCATION MAP

 output                                  attributes/
section   page    origin      length       input sections
--------  ----  ----------  ----------   ----------------
.intvecs   0    00000000    000000e4     
                  00000000    000000e4     startup_msp432p401r_ccs.obj (.intvecs:retain)

.binit     0    00000000    00000000     

.text      0    000000e4    00003dd0     
                  000000e4    0000113a     rtsv7M4_T_le_v4SPD16_eabi.lib : _printfi.obj (.text)
                  0000121e    00000002                                   : mpu_init.obj (.text)
                  00001220    00000a38     main.obj (.text)
                  00001c58    000003d0     rtsv7M4_T_le_v4SPD16_eabi.lib : memory.obj (.text)
                  00002028    0000032c     system_msp432p401r.obj (.text)
                  00002354    00000324     rtsv7M4_T_le_v4SPD16_eabi.lib : trgdrv.obj (.text)
                  00002678    0000030c                                   : lowlev.obj (.text)
                  00002984    000001f4                                   : ull_div_t2.obj (.text)
                  00002b78    000001c4                                   : fopen.obj (.text)
                  00002d3c    000001b6                                   : fd_add_t2.obj (.text)
                  00002ef2    00000136                                   : fd_div_t2.obj (.text)
                  00003028    00000134                                   : fputs.obj (.text)
                  0000315c    000000fc                                   : fd_mul_t2.obj (.text)
                  00003258    000000fc                                   : s_scalbn.obj (.text)
                  00003354    000000dc                                   : setvbuf.obj (.text)
                  00003430    000000c8                                   : fflush.obj (.text)
                  000034f8    000000ac                                   : _io_perm.obj (.text)
                  000035a4    0000009c                                   : memcpy_t2.obj (.text)
                  00003640    00000098                                   : fclose.obj (.text)
                  000036d8    00000098                                   : fputc.obj (.text)
                  00003770    00000086                                   : fd_cmp_t2.obj (.text:__aeabi_cdcmple)
                  000037f6    00000086                                   : fd_cmp_t2.obj (.text:__aeabi_cdrcmple)
                  0000387c    0000007a                                   : memset_t2.obj (.text)
                  000038f6    00000002                                   : startup.obj (.text)
                  000038f8    00000070                                   : autoinit.obj (.text)
                  00003968    00000070                                   : printf.obj (.text)
                  000039d8    00000068                                   : copy_decompress_lzss.obj (.text:decompress:lzss)
                  00003a40    00000068                                   : trgmsg.obj (.text)
                  00003aa8    00000064                                   : fseek.obj (.text)
                  00003b0c    00000064                                   : s_frexp.obj (.text)
                  00003b70    00000056                                   : ltoa.obj (.text)
                  00003bc6    00000002     --HOLE-- [fill = 0]
                  00003bc8    00000054                                   : boot.obj (.text)
                  00003c1c    00000054                                   : exit.obj (.text)
                  00003c70    0000004c                                   : atoi.obj (.text)
                  00003cbc    0000004c                                   : cpy_tbl.obj (.text)
                  00003d08    00000048                                   : fd_toi_t2.obj (.text)
                  00003d50    00000036                                   : strncpy.obj (.text)
                  00003d86    0000002e                                   : i_tofd_t2.obj (.text)
                  00003db4    00000020                                   : memchr.obj (.text)
                  00003dd4    0000001c                                   : memccpy.obj (.text)
                  00003df0    00000018                                   : args_main.obj (.text)
                  00003e08    00000018                                   : strcmp.obj (.text)
                  00003e20    00000016                                   : strchr.obj (.text)
                  00003e36    00000002     --HOLE-- [fill = 0]
                  00003e38    00000014                                   : _lock.obj (.text)
                  00003e4c    00000014                                   : s_copysign.obj (.text)
                  00003e60    00000014                                   : strcpy.obj (.text)
                  00003e74    00000014                                   : strlen.obj (.text)
                  00003e88    0000000e                                   : copy_decompress_none.obj (.text:decompress:none)
                  00003e96    0000000e     startup_msp432p401r_ccs.obj (.text)
                  00003ea4    0000000c     rtsv7M4_T_le_v4SPD16_eabi.lib : copy_zero_init.obj (.text:decompress:ZI)
                  00003eb0    00000004                                   : pre_init.obj (.text)

.const     0    00003eb4    00000128     
                  00003eb4    00000101     rtsv7M4_T_le_v4SPD16_eabi.lib : ctype.obj (.const:.string:_ctypes_)
                  00003fb5    00000003     --HOLE-- [fill = 0]
                  00003fb8    00000024     main.obj (.const:uartConfig)

.cinit     0    00003fe0    00000098     
                  00003fe0    00000073     (.cinit..data.load) [load image, compression = lzss]
                  00004053    00000001     --HOLE-- [fill = 0]
                  00004054    0000000c     (__TI_handler_table)
                  00004060    00000008     (.cinit..bss.load) [load image, compression = zero_init]
                  00004068    00000010     (__TI_cinit_table)

.init_array 
*          0    00000000    00000000     UNINITIALIZED

.sysmem    0    20000000    00000400     UNINITIALIZED
                  20000000    00000008     rtsv7M4_T_le_v4SPD16_eabi.lib : memory.obj (.sysmem)
                  20000008    000003f8     --HOLE--

.bss       0    20000400    00000240     UNINITIALIZED
                  20000400    00000120     rtsv7M4_T_le_v4SPD16_eabi.lib : trgmsg.obj (.bss:_CIOBUF_)
                  20000520    000000a0     (.common:__TI_tmpnams)
                  200005c0    00000014     (.common:BallIn)
                  200005d4    00000014     (.common:CupCurrent)
                  200005e8    00000014     (.common:CupPosition)
                  200005fc    00000014     (.common:CupPrevious)
                  20000610    00000014     (.common:motorDown)
                  20000624    00000014     (.common:motorUp)
                  20000638    00000008                                   : trgdrv.obj (.bss:parmbuf)

.data      0    20000640    00000220     UNINITIALIZED
                  20000640    000000f0     rtsv7M4_T_le_v4SPD16_eabi.lib : defs.obj (.data:_ftable)
                  20000730    000000d0                                   : lowlev.obj (.data:$O1$$)
                  20000800    00000020     main.obj (.data)
                  20000820    00000010     rtsv7M4_T_le_v4SPD16_eabi.lib : defs.obj (.data)
                  20000830    0000000c                                   : exit.obj (.data:$O1$$)
                  2000083c    0000000c                                   : memory.obj (.data:$O1$$)
                  20000848    00000008                                   : _lock.obj (.data:$O1$$)
                  20000850    00000004                                   : errno.obj (.data)
                  20000854    00000004                                   : fopen.obj (.data)
                  20000858    00000004                                   : stkdepth_vars.obj (.data)
                  2000085c    00000004     system_msp432p401r.obj (.data)

.stack     0    2000fe00    00000200     UNINITIALIZED
                  2000fe00    00000200     --HOLE--

MODULE SUMMARY

       Module                        code    ro data   rw data
       ------                        ----    -------   -------
    .\
       main.obj                      2616    36        304    
       system_msp432p401r.obj        812     0         8      
       startup_msp432p401r_ccs.obj   14      228       0      
    +--+-----------------------------+-------+---------+---------+
       Total:                        3442    264       312    
                                                              
    C:\ti\ccsv7\tools\compiler\ti-cgt-arm_16.9.0.LTS\lib\rtsv7M4_T_le_v4SPD16_eabi.lib
       _printfi.obj                  4410    0         0      
       lowlev.obj                    780     0         416    
       memory.obj                    976     0         24     
       defs.obj                      0       0         832    
       trgdrv.obj                    804     0         16     
       trgmsg.obj                    104     0         576    
       ull_div_t2.obj                500     0         0      
       fopen.obj                     452     0         8      
       fd_add_t2.obj                 438     0         0      
       fd_div_t2.obj                 310     0         0      
       fputs.obj                     308     0         0      
       fd_cmp_t2.obj                 268     0         0      
       ctype.obj                     0       257       0      
       fd_mul_t2.obj                 252     0         0      
       s_scalbn.obj                  252     0         0      
       setvbuf.obj                   220     0         0      
       fflush.obj                    200     0         0      
       _io_perm.obj                  172     0         0      
       memcpy_t2.obj                 156     0         0      
       fclose.obj                    152     0         0      
       fputc.obj                     152     0         0      
       memset_t2.obj                 122     0         0      
       autoinit.obj                  112     0         0      
       printf.obj                    112     0         0      
       exit.obj                      84      0         24     
       copy_decompress_lzss.obj      104     0         0      
       fseek.obj                     100     0         0      
       s_frexp.obj                   100     0         0      
       ltoa.obj                      86      0         0      
       boot.obj                      84      0         0      
       atoi.obj                      76      0         0      
       cpy_tbl.obj                   76      0         0      
       fd_toi_t2.obj                 72      0         0      
       strncpy.obj                   54      0         0      
       i_tofd_t2.obj                 46      0         0      
       _lock.obj                     20      0         16     
       memchr.obj                    32      0         0      
       memccpy.obj                   28      0         0      
       args_main.obj                 24      0         0      
       strcmp.obj                    24      0         0      
       strchr.obj                    22      0         0      
       s_copysign.obj                20      0         0      
       strcpy.obj                    20      0         0      
       strlen.obj                    20      0         0      
       copy_decompress_none.obj      14      0         0      
       copy_zero_init.obj            12      0         0      
       errno.obj                     0       0         8      
       stkdepth_vars.obj             0       0         8      
       pre_init.obj                  4       0         0      
       mpu_init.obj                  2       0         0      
       startup.obj                   2       0         0      
    +--+-----------------------------+-------+---------+---------+
       Total:                        12378   257       1928   
                                                              
       Heap:                         0       0         2048   
       Stack:                        0       0         1024   
       Linker Generated:             0       151       0      
    +--+-----------------------------+-------+---------+---------+
       Grand Total:                  15820   672       5312   


LINKER GENERATED COPY TABLES

__TI_cinit_table @ 00004068 records: 2, size/record: 8, table size: 16
	.data: load addr=00003fe0, load size=00000073 bytes, run addr=20000640, run size=00000220 bytes, compression=lzss
	.bss: load addr=00004060, load size=00000008 bytes, run addr=20000400, run size=00000240 bytes, compression=zero_init


LINKER GENERATED HANDLER TABLE

__TI_handler_table @ 00004054 records: 3, size/record: 4, table size: 12
	index: 0, handler: __TI_decompress_lzss
	index: 1, handler: __TI_decompress_none
	index: 2, handler: __TI_zero_init


GLOBAL SYMBOLS: SORTED ALPHABETICALLY BY Name 

address   name                           
-------   ----                           
00001975  ADC14_IRQHandler               
00001975  ADC14_IRQHandler               
00003ea3  AES256_IRQHandler              
200005c0  BallIn                         
00003ea3  BusFault_Handler               
00003c1d  C$$EXIT                        
00003a6f  C$$IO$$                        
00003ea3  COMP_E0_IRQHandler             
00003ea3  COMP_E1_IRQHandler             
00003ea3  CS_IRQHandler                  
200005d4  CupCurrent                     
200005e8  CupPosition                    
200005fc  CupPrevious                    
00003ea3  DMA_ERR_IRQHandler             
00003ea3  DMA_INT0_IRQHandler            
00003ea3  DMA_INT1_IRQHandler            
00003ea3  DMA_INT2_IRQHandler            
00003ea3  DMA_INT3_IRQHandler            
00003ea3  DebugMon_Handler               
00003ea3  Default_Handler                
00003ea3  EUSCIA0_IRQHandler             
00003ea3  EUSCIA1_IRQHandler             
000018ed  EUSCIA2_IRQHandler             
000018ed  EUSCIA2_IRQHandler             
00003ea3  EUSCIA3_IRQHandler             
00003ea3  EUSCIB0_IRQHandler             
00003ea3  EUSCIB1_IRQHandler             
00003ea3  EUSCIB2_IRQHandler             
00003ea3  EUSCIB3_IRQHandler             
00003ea3  FLCTL_IRQHandler               
00003ea3  FPU_IRQHandler                 
0000262f  HOSTclock                      
000025f7  HOSTclose                      
000025b9  HOSTgetenv                     
0000255d  HOSTlseek                      
0000250b  HOSTopen                       
000024bf  HOSTread                       
00002461  HOSTrename                     
00002427  HOSTtime                       
000023d9  HOSTtime64                     
000023a1  HOSTunlink                     
00002355  HOSTwrite                      
00003ea3  HardFault_Handler              
00003ea3  MemManage_Handler              
00003ea3  NMI_Handler                    
00003ea3  PCM_IRQHandler                 
00003ea3  PORT1_IRQHandler               
00003ea3  PORT2_IRQHandler               
00003ea3  PORT3_IRQHandler               
00003ea3  PORT4_IRQHandler               
00003ea3  PORT5_IRQHandler               
00003ea3  PORT6_IRQHandler               
00003ea3  PSS_IRQHandler                 
00003ea3  PendSV_Handler                 
00003ea3  RTC_C_IRQHandler               
00003e97  Reset_Handler                  
UNDEFED   SHT$$INIT_ARRAY$$Base          
UNDEFED   SHT$$INIT_ARRAY$$Limit         
00003ea3  SVC_Handler                    
00003ea3  SysTick_Handler                
2000085c  SystemCoreClock                
00002029  SystemCoreClockUpdate          
0000229d  SystemInit                     
00003ea3  T32_INT1_IRQHandler            
00003ea3  T32_INT2_IRQHandler            
00003ea3  T32_INTC_IRQHandler            
00001859  TA0_0_IRQHandler               
00001859  TA0_0_IRQHandler               
00003ea3  TA0_N_IRQHandler               
00001889  TA1_0_IRQHandler               
00001889  TA1_0_IRQHandler               
00003ea3  TA1_N_IRQHandler               
00003ea3  TA2_0_IRQHandler               
00003ea3  TA2_N_IRQHandler               
00003ea3  TA3_0_IRQHandler               
00003ea3  TA3_N_IRQHandler               
00003ea3  UsageFault_Handler             
4000480c  WDTCTL_SYM                     
00003ea3  WDT_A_IRQHandler               
20000400  __CIOBUF_                      
20010000  __STACK_END                    
00000200  __STACK_SIZE                   
00000400  __SYSMEM_SIZE                  
00004068  __TI_CINIT_Base                
00004078  __TI_CINIT_Limit               
00004054  __TI_Handler_Table_Base        
00004060  __TI_Handler_Table_Limit       
000038f9  __TI_auto_init                 
00002c41  __TI_cleanup                   
20000830  __TI_cleanup_ptr               
00003641  __TI_closefile                 
000039d9  __TI_decompress_lzss           
00003e89  __TI_decompress_none           
00003431  __TI_doflush                   
20000834  __TI_dtors_ptr                 
20000838  __TI_enable_exit_profile_output
20000820  __TI_ft_end                    
ffffffff  __TI_pprof_out_hndl            
00000925  __TI_printfi                   
ffffffff  __TI_prof_data_size            
ffffffff  __TI_prof_data_start           
0000355b  __TI_rd_ok                     
00003a73  __TI_readmsg                   
00000000  __TI_static_base__             
20000520  __TI_tmpnams                   
00003a41  __TI_writemsg                  
000034f9  __TI_wrt_ok                    
00003ea5  __TI_zero_init                 
00003771  __aeabi_cdcmpeq                
00003771  __aeabi_cdcmple                
000037f7  __aeabi_cdrcmple               
00003d09  __aeabi_d2iz                   
00002d47  __aeabi_dadd                   
00002ef3  __aeabi_ddiv                   
0000315d  __aeabi_dmul                   
00002d3d  __aeabi_dsub                   
00003d87  __aeabi_i2d                    
0000387d  __aeabi_memclr                 
0000387d  __aeabi_memclr4                
0000387d  __aeabi_memclr8                
000035a5  __aeabi_memcpy                 
000035a5  __aeabi_memcpy4                
000035a5  __aeabi_memcpy8                
0000387f  __aeabi_memset                 
0000387f  __aeabi_memset4                
0000387f  __aeabi_memset8                
2000082c  __aeabi_stderr                 
20000824  __aeabi_stdin                  
20000828  __aeabi_stdout                 
00002985  __aeabi_uldivmod               
ffffffff  __binit__                      
ffffffff  __c_args__                     
0000121f  __mpu_init                     
2000fe00  __stack                        
00003df1  _args_main                     
00003bc9  _c_int00                       
00003eb4  _ctypes_                       
20000640  _ftable                        
20000848  _lock                          
00003e47  _nop                           
00003e3f  _register_lock                 
00003e39  _register_unlock               
20000000  _sys_memory                    
000038f7  _system_post_cinit             
00003eb1  _system_pre_init               
2000084c  _unlock                        
00003c21  abort                          
000028d9  add_device                     
00003c71  atoi                           
ffffffff  binit                          
00001ff9  calloc                         
00001a19  clearInterrupt                 
00002889  close                          
00003cbd  copy_in                        
00003e4d  copysign                       
00003e4d  copysignl                      
20000808  counterADC                     
2000080c  counterMOTOR                   
20000850  errno                          
00003c29  exit                           
000036a7  fclose                         
0000347d  fflush                         
20000804  firstRead                      
00002c97  fopen                          
000036d9  fputc                          
00003029  fputs                          
00001d43  free                           
00002c6d  freopen                        
00003b0d  frexp                          
00003b0d  frexpl                         
00003aa9  fseek                          
00001a4d  getStatus                      
00000000  interruptVectors               
00003259  ldexp                          
00003259  ldexpl                         
00002865  lseek                          
00003b71  ltoa                           
00001225  main                           
20000858  main_func_sp                   
00001cd9  malloc                         
00001f0d  memalign                       
00003dd5  memccpy                        
00003db5  memchr                         
000035a5  memcpy                         
00003885  memset                         
00001c59  minit                          
20000610  motorDown                      
20000814  motorOff                       
20000810  motorOn                        
20000624  motorUp                        
000027b7  open                           
00001a99  printADC                       
00001b4d  printCurrents                  
0000181d  printDiffs                     
00003971  printf                         
000017f1  pulseMotorDown                 
000036d9  putc                           
0000375d  putchar                        
00003135  puts                           
00002793  read                           
20000800  readFlag                       
00001e05  realloc                        
00002709  remove                         
0000276b  remove_device                  
0000272d  rename                         
00003259  scalbn                         
00003259  scalbnl                        
00003355  setvbuf                        
00003e21  strchr                         
00003e09  strcmp                         
00003e61  strcpy                         
00003e75  strlen                         
00003d51  strncpy                        
2000081c  uartChar                       
00003fb8  uartConfig                     
20000818  uartFlag                       
00002709  unlink                         
00002679  write                          


GLOBAL SYMBOLS: SORTED BY Symbol Address 

address   name                           
-------   ----                           
00000000  __TI_static_base__             
00000000  interruptVectors               
00000200  __STACK_SIZE                   
00000400  __SYSMEM_SIZE                  
00000925  __TI_printfi                   
0000121f  __mpu_init                     
00001225  main                           
000017f1  pulseMotorDown                 
0000181d  printDiffs                     
00001859  TA0_0_IRQHandler               
00001859  TA0_0_IRQHandler               
00001889  TA1_0_IRQHandler               
00001889  TA1_0_IRQHandler               
000018ed  EUSCIA2_IRQHandler             
000018ed  EUSCIA2_IRQHandler             
00001975  ADC14_IRQHandler               
00001975  ADC14_IRQHandler               
00001a19  clearInterrupt                 
00001a4d  getStatus                      
00001a99  printADC                       
00001b4d  printCurrents                  
00001c59  minit                          
00001cd9  malloc                         
00001d43  free                           
00001e05  realloc                        
00001f0d  memalign                       
00001ff9  calloc                         
00002029  SystemCoreClockUpdate          
0000229d  SystemInit                     
00002355  HOSTwrite                      
000023a1  HOSTunlink                     
000023d9  HOSTtime64                     
00002427  HOSTtime                       
00002461  HOSTrename                     
000024bf  HOSTread                       
0000250b  HOSTopen                       
0000255d  HOSTlseek                      
000025b9  HOSTgetenv                     
000025f7  HOSTclose                      
0000262f  HOSTclock                      
00002679  write                          
00002709  remove                         
00002709  unlink                         
0000272d  rename                         
0000276b  remove_device                  
00002793  read                           
000027b7  open                           
00002865  lseek                          
00002889  close                          
000028d9  add_device                     
00002985  __aeabi_uldivmod               
00002c41  __TI_cleanup                   
00002c6d  freopen                        
00002c97  fopen                          
00002d3d  __aeabi_dsub                   
00002d47  __aeabi_dadd                   
00002ef3  __aeabi_ddiv                   
00003029  fputs                          
00003135  puts                           
0000315d  __aeabi_dmul                   
00003259  ldexp                          
00003259  ldexpl                         
00003259  scalbn                         
00003259  scalbnl                        
00003355  setvbuf                        
00003431  __TI_doflush                   
0000347d  fflush                         
000034f9  __TI_wrt_ok                    
0000355b  __TI_rd_ok                     
000035a5  __aeabi_memcpy                 
000035a5  __aeabi_memcpy4                
000035a5  __aeabi_memcpy8                
000035a5  memcpy                         
00003641  __TI_closefile                 
000036a7  fclose                         
000036d9  fputc                          
000036d9  putc                           
0000375d  putchar                        
00003771  __aeabi_cdcmpeq                
00003771  __aeabi_cdcmple                
000037f7  __aeabi_cdrcmple               
0000387d  __aeabi_memclr                 
0000387d  __aeabi_memclr4                
0000387d  __aeabi_memclr8                
0000387f  __aeabi_memset                 
0000387f  __aeabi_memset4                
0000387f  __aeabi_memset8                
00003885  memset                         
000038f7  _system_post_cinit             
000038f9  __TI_auto_init                 
00003971  printf                         
000039d9  __TI_decompress_lzss           
00003a41  __TI_writemsg                  
00003a6f  C$$IO$$                        
00003a73  __TI_readmsg                   
00003aa9  fseek                          
00003b0d  frexp                          
00003b0d  frexpl                         
00003b71  ltoa                           
00003bc9  _c_int00                       
00003c1d  C$$EXIT                        
00003c21  abort                          
00003c29  exit                           
00003c71  atoi                           
00003cbd  copy_in                        
00003d09  __aeabi_d2iz                   
00003d51  strncpy                        
00003d87  __aeabi_i2d                    
00003db5  memchr                         
00003dd5  memccpy                        
00003df1  _args_main                     
00003e09  strcmp                         
00003e21  strchr                         
00003e39  _register_unlock               
00003e3f  _register_lock                 
00003e47  _nop                           
00003e4d  copysign                       
00003e4d  copysignl                      
00003e61  strcpy                         
00003e75  strlen                         
00003e89  __TI_decompress_none           
00003e97  Reset_Handler                  
00003ea3  AES256_IRQHandler              
00003ea3  BusFault_Handler               
00003ea3  COMP_E0_IRQHandler             
00003ea3  COMP_E1_IRQHandler             
00003ea3  CS_IRQHandler                  
00003ea3  DMA_ERR_IRQHandler             
00003ea3  DMA_INT0_IRQHandler            
00003ea3  DMA_INT1_IRQHandler            
00003ea3  DMA_INT2_IRQHandler            
00003ea3  DMA_INT3_IRQHandler            
00003ea3  DebugMon_Handler               
00003ea3  Default_Handler                
00003ea3  EUSCIA0_IRQHandler             
00003ea3  EUSCIA1_IRQHandler             
00003ea3  EUSCIA3_IRQHandler             
00003ea3  EUSCIB0_IRQHandler             
00003ea3  EUSCIB1_IRQHandler             
00003ea3  EUSCIB2_IRQHandler             
00003ea3  EUSCIB3_IRQHandler             
00003ea3  FLCTL_IRQHandler               
00003ea3  FPU_IRQHandler                 
00003ea3  HardFault_Handler              
00003ea3  MemManage_Handler              
00003ea3  NMI_Handler                    
00003ea3  PCM_IRQHandler                 
00003ea3  PORT1_IRQHandler               
00003ea3  PORT2_IRQHandler               
00003ea3  PORT3_IRQHandler               
00003ea3  PORT4_IRQHandler               
00003ea3  PORT5_IRQHandler               
00003ea3  PORT6_IRQHandler               
00003ea3  PSS_IRQHandler                 
00003ea3  PendSV_Handler                 
00003ea3  RTC_C_IRQHandler               
00003ea3  SVC_Handler                    
00003ea3  SysTick_Handler                
00003ea3  T32_INT1_IRQHandler            
00003ea3  T32_INT2_IRQHandler            
00003ea3  T32_INTC_IRQHandler            
00003ea3  TA0_N_IRQHandler               
00003ea3  TA1_N_IRQHandler               
00003ea3  TA2_0_IRQHandler               
00003ea3  TA2_N_IRQHandler               
00003ea3  TA3_0_IRQHandler               
00003ea3  TA3_N_IRQHandler               
00003ea3  UsageFault_Handler             
00003ea3  WDT_A_IRQHandler               
00003ea5  __TI_zero_init                 
00003eb1  _system_pre_init               
00003eb4  _ctypes_                       
00003fb8  uartConfig                     
00004054  __TI_Handler_Table_Base        
00004060  __TI_Handler_Table_Limit       
00004068  __TI_CINIT_Base                
00004078  __TI_CINIT_Limit               
20000000  _sys_memory                    
20000400  __CIOBUF_                      
20000520  __TI_tmpnams                   
200005c0  BallIn                         
200005d4  CupCurrent                     
200005e8  CupPosition                    
200005fc  CupPrevious                    
20000610  motorDown                      
20000624  motorUp                        
20000640  _ftable                        
20000800  readFlag                       
20000804  firstRead                      
20000808  counterADC                     
2000080c  counterMOTOR                   
20000810  motorOn                        
20000814  motorOff                       
20000818  uartFlag                       
2000081c  uartChar                       
20000820  __TI_ft_end                    
20000824  __aeabi_stdin                  
20000828  __aeabi_stdout                 
2000082c  __aeabi_stderr                 
20000830  __TI_cleanup_ptr               
20000834  __TI_dtors_ptr                 
20000838  __TI_enable_exit_profile_output
20000848  _lock                          
2000084c  _unlock                        
20000850  errno                          
20000858  main_func_sp                   
2000085c  SystemCoreClock                
2000fe00  __stack                        
20010000  __STACK_END                    
4000480c  WDTCTL_SYM                     
ffffffff  __TI_pprof_out_hndl            
ffffffff  __TI_prof_data_size            
ffffffff  __TI_prof_data_start           
ffffffff  __binit__                      
ffffffff  __c_args__                     
ffffffff  binit                          
UNDEFED   SHT$$INIT_ARRAY$$Base          
UNDEFED   SHT$$INIT_ARRAY$$Limit         

[218 symbols]
