******************************************************************************
                  TI ARM Linker PC v16.9.0                     
******************************************************************************
>> Linked Fri Feb 10 20:32:51 2017

OUTPUT FILE NAME:   <MicroFinal.out>
ENTRY POINT SYMBOL: "_c_int00"  address: 000035c5


MEMORY CONFIGURATION

         name            origin    length      used     unused   attr    fill
----------------------  --------  ---------  --------  --------  ----  --------
  MAIN                  00000000   00040000  00003a51  0003c5af  R  X
  INFO                  00200000   00004000  00000000  00004000  R  X
  SRAM_CODE             01000000   00010000  00000a24  0000f5dc  RW X
  SRAM_DATA             20000000   00010000  00000a24  0000f5dc  RW  


SEGMENT ALLOCATION MAP

run origin  load origin   length   init length attrs members
----------  ----------- ---------- ----------- ----- -------
00000000    00000000    00003a58   00003a58    r-x
  00000000    00000000    000000e4   000000e4    r-- .intvecs
  000000e4    000000e4    000037cc   000037cc    r-x .text
  000038b0    000038b0    00000101   00000101    r-- .const
  000039b8    000039b8    000000a0   000000a0    r-- .cinit
20000000    20000000    00000824   00000000    rw-
  20000000    20000000    00000400   00000000    rw- .sysmem
  20000400    20000400    00000218   00000000    rw- .bss
  20000618    20000618    0000020c   00000000    rw- .data
2000fe00    2000fe00    00000200   00000000    rw-
  2000fe00    2000fe00    00000200   00000000    rw- .stack


SECTION ALLOCATION MAP

 output                                  attributes/
section   page    origin      length       input sections
--------  ----  ----------  ----------   ----------------
.intvecs   0    00000000    000000e4     
                  00000000    000000e4     startup_msp432p401r_ccs.obj (.intvecs:retain)

.binit     0    00000000    00000000     

.text      0    000000e4    000037cc     
                  000000e4    0000113a     rtsv7M4_T_le_v4SPD16_eabi.lib : _printfi.obj (.text)
                  0000121e    00000002                                   : mpu_init.obj (.text)
                  00001220    00000434     main.obj (.text)
                  00001654    000003d0     rtsv7M4_T_le_v4SPD16_eabi.lib : memory.obj (.text)
                  00001a24    0000032c     system_msp432p401r.obj (.text)
                  00001d50    00000324     rtsv7M4_T_le_v4SPD16_eabi.lib : trgdrv.obj (.text)
                  00002074    0000030c                                   : lowlev.obj (.text)
                  00002380    000001f4                                   : ull_div_t2.obj (.text)
                  00002574    000001c4                                   : fopen.obj (.text)
                  00002738    000001b6                                   : fd_add_t2.obj (.text)
                  000028ee    00000136                                   : fd_div_t2.obj (.text)
                  00002a24    00000134                                   : fputs.obj (.text)
                  00002b58    000000fc                                   : fd_mul_t2.obj (.text)
                  00002c54    000000fc                                   : s_scalbn.obj (.text)
                  00002d50    000000dc                                   : setvbuf.obj (.text)
                  00002e2c    000000c8                                   : fflush.obj (.text)
                  00002ef4    000000ac                                   : _io_perm.obj (.text)
                  00002fa0    0000009c                                   : memcpy_t2.obj (.text)
                  0000303c    00000098                                   : fclose.obj (.text)
                  000030d4    00000098                                   : fputc.obj (.text)
                  0000316c    00000086                                   : fd_cmp_t2.obj (.text:__aeabi_cdcmple)
                  000031f2    00000086                                   : fd_cmp_t2.obj (.text:__aeabi_cdrcmple)
                  00003278    0000007a                                   : memset_t2.obj (.text)
                  000032f2    00000002                                   : startup.obj (.text)
                  000032f4    00000070                                   : autoinit.obj (.text)
                  00003364    00000070                                   : printf.obj (.text)
                  000033d4    00000068                                   : copy_decompress_lzss.obj (.text:decompress:lzss)
                  0000343c    00000068                                   : trgmsg.obj (.text)
                  000034a4    00000064                                   : fseek.obj (.text)
                  00003508    00000064                                   : s_frexp.obj (.text)
                  0000356c    00000056                                   : ltoa.obj (.text)
                  000035c2    00000002     --HOLE-- [fill = 0]
                  000035c4    00000054                                   : boot.obj (.text)
                  00003618    00000054                                   : exit.obj (.text)
                  0000366c    0000004c                                   : atoi.obj (.text)
                  000036b8    0000004c                                   : cpy_tbl.obj (.text)
                  00003704    00000048                                   : fd_toi_t2.obj (.text)
                  0000374c    00000036                                   : strncpy.obj (.text)
                  00003782    0000002e                                   : i_tofd_t2.obj (.text)
                  000037b0    00000020                                   : memchr.obj (.text)
                  000037d0    0000001c                                   : memccpy.obj (.text)
                  000037ec    00000018                                   : args_main.obj (.text)
                  00003804    00000018                                   : strcmp.obj (.text)
                  0000381c    00000016                                   : strchr.obj (.text)
                  00003832    00000002     --HOLE-- [fill = 0]
                  00003834    00000014                                   : _lock.obj (.text)
                  00003848    00000014                                   : s_copysign.obj (.text)
                  0000385c    00000014                                   : strcpy.obj (.text)
                  00003870    00000014                                   : strlen.obj (.text)
                  00003884    0000000e                                   : copy_decompress_none.obj (.text:decompress:none)
                  00003892    0000000e     startup_msp432p401r_ccs.obj (.text)
                  000038a0    0000000c     rtsv7M4_T_le_v4SPD16_eabi.lib : copy_zero_init.obj (.text:decompress:ZI)
                  000038ac    00000004                                   : pre_init.obj (.text)

.const     0    000038b0    00000101     
                  000038b0    00000101     rtsv7M4_T_le_v4SPD16_eabi.lib : ctype.obj (.const:.string:_ctypes_)

.cinit     0    000039b8    000000a0     
                  000039b8    00000077     (.cinit..data.load) [load image, compression = lzss]
                  00003a2f    00000001     --HOLE-- [fill = 0]
                  00003a30    0000000c     (__TI_handler_table)
                  00003a3c    00000004     --HOLE-- [fill = 0]
                  00003a40    00000008     (.cinit..bss.load) [load image, compression = zero_init]
                  00003a48    00000010     (__TI_cinit_table)

.init_array 
*          0    00000000    00000000     UNINITIALIZED

.sysmem    0    20000000    00000400     UNINITIALIZED
                  20000000    00000008     rtsv7M4_T_le_v4SPD16_eabi.lib : memory.obj (.sysmem)
                  20000008    000003f8     --HOLE--

.bss       0    20000400    00000218     UNINITIALIZED
                  20000400    00000120     rtsv7M4_T_le_v4SPD16_eabi.lib : trgmsg.obj (.bss:_CIOBUF_)
                  20000520    000000a0     (.common:__TI_tmpnams)
                  200005c0    00000014     (.common:BallIn)
                  200005d4    00000014     (.common:CupCurrent)
                  200005e8    00000014     (.common:CupPosition)
                  200005fc    00000014     (.common:CupPrevious)
                  20000610    00000008                                   : trgdrv.obj (.bss:parmbuf)

.data      0    20000618    0000020c     UNINITIALIZED
                  20000618    000000f0     rtsv7M4_T_le_v4SPD16_eabi.lib : defs.obj (.data:_ftable)
                  20000708    000000d0                                   : lowlev.obj (.data:$O1$$)
                  200007d8    00000010                                   : defs.obj (.data)
                  200007e8    0000000c                                   : exit.obj (.data:$O1$$)
                  200007f4    0000000c                                   : memory.obj (.data:$O1$$)
                  20000800    0000000c     main.obj (.data)
                  2000080c    00000008     rtsv7M4_T_le_v4SPD16_eabi.lib : _lock.obj (.data:$O1$$)
                  20000814    00000004                                   : errno.obj (.data)
                  20000818    00000004                                   : fopen.obj (.data)
                  2000081c    00000004                                   : stkdepth_vars.obj (.data)
                  20000820    00000004     system_msp432p401r.obj (.data)

.stack     0    2000fe00    00000200     UNINITIALIZED
                  2000fe00    00000200     --HOLE--

MODULE SUMMARY

       Module                        code    ro data   rw data
       ------                        ----    -------   -------
    .\
       main.obj                      1076    0         184    
       system_msp432p401r.obj        812     0         8      
       startup_msp432p401r_ccs.obj   14      228       0      
    +--+-----------------------------+-------+---------+---------+
       Total:                        1902    228       192    
                                                              
    C:\ti\ccsv7\tools\compiler\ti-cgt-arm_16.9.0.LTS\lib\rtsv7M4_T_le_v4SPD16_eabi.lib
       _printfi.obj                  4410    0         0      
       lowlev.obj                    780     0         416    
       memory.obj                    976     0         24     
       defs.obj                      0       0         832    
       trgdrv.obj                    804     0         16     
       trgmsg.obj                    104     0         576    
       ull_div_t2.obj                500     0         0      
       fopen.obj                     452     0         8      
       fd_add_t2.obj                 438     0         0      
       fd_div_t2.obj                 310     0         0      
       fputs.obj                     308     0         0      
       fd_cmp_t2.obj                 268     0         0      
       ctype.obj                     0       257       0      
       fd_mul_t2.obj                 252     0         0      
       s_scalbn.obj                  252     0         0      
       setvbuf.obj                   220     0         0      
       fflush.obj                    200     0         0      
       _io_perm.obj                  172     0         0      
       memcpy_t2.obj                 156     0         0      
       fclose.obj                    152     0         0      
       fputc.obj                     152     0         0      
       memset_t2.obj                 122     0         0      
       autoinit.obj                  112     0         0      
       printf.obj                    112     0         0      
       exit.obj                      84      0         24     
       copy_decompress_lzss.obj      104     0         0      
       fseek.obj                     100     0         0      
       s_frexp.obj                   100     0         0      
       ltoa.obj                      86      0         0      
       boot.obj                      84      0         0      
       atoi.obj                      76      0         0      
       cpy_tbl.obj                   76      0         0      
       fd_toi_t2.obj                 72      0         0      
       strncpy.obj                   54      0         0      
       i_tofd_t2.obj                 46      0         0      
       _lock.obj                     20      0         16     
       memchr.obj                    32      0         0      
       memccpy.obj                   28      0         0      
       args_main.obj                 24      0         0      
       strcmp.obj                    24      0         0      
       strchr.obj                    22      0         0      
       s_copysign.obj                20      0         0      
       strcpy.obj                    20      0         0      
       strlen.obj                    20      0         0      
       copy_decompress_none.obj      14      0         0      
       copy_zero_init.obj            12      0         0      
       errno.obj                     0       0         8      
       stkdepth_vars.obj             0       0         8      
       pre_init.obj                  4       0         0      
       mpu_init.obj                  2       0         0      
       startup.obj                   2       0         0      
    +--+-----------------------------+-------+---------+---------+
       Total:                        12378   257       1928   
                                                              
       Heap:                         0       0         2048   
       Stack:                        0       0         1024   
       Linker Generated:             0       155       0      
    +--+-----------------------------+-------+---------+---------+
       Grand Total:                  14280   640       5192   


LINKER GENERATED COPY TABLES

__TI_cinit_table @ 00003a48 records: 2, size/record: 8, table size: 16
	.data: load addr=000039b8, load size=00000077 bytes, run addr=20000618, run size=0000020c bytes, compression=lzss
	.bss: load addr=00003a40, load size=00000008 bytes, run addr=20000400, run size=00000218 bytes, compression=zero_init


LINKER GENERATED HANDLER TABLE

__TI_handler_table @ 00003a30 records: 3, size/record: 4, table size: 12
	index: 0, handler: __TI_decompress_lzss
	index: 1, handler: __TI_decompress_none
	index: 2, handler: __TI_zero_init


GLOBAL SYMBOLS: SORTED ALPHABETICALLY BY Name 

address   name                           
-------   ----                           
00001395  ADC14_IRQHandler               
00001395  ADC14_IRQHandler               
0000389f  AES256_IRQHandler              
200005c0  BallIn                         
0000389f  BusFault_Handler               
00003619  C$$EXIT                        
0000346b  C$$IO$$                        
0000389f  COMP_E0_IRQHandler             
0000389f  COMP_E1_IRQHandler             
0000389f  CS_IRQHandler                  
200005d4  CupCurrent                     
200005e8  CupPosition                    
200005fc  CupPrevious                    
0000389f  DMA_ERR_IRQHandler             
0000389f  DMA_INT0_IRQHandler            
0000389f  DMA_INT1_IRQHandler            
0000389f  DMA_INT2_IRQHandler            
0000389f  DMA_INT3_IRQHandler            
0000389f  DebugMon_Handler               
0000389f  Default_Handler                
0000389f  EUSCIA0_IRQHandler             
0000389f  EUSCIA1_IRQHandler             
0000389f  EUSCIA2_IRQHandler             
0000389f  EUSCIA3_IRQHandler             
0000389f  EUSCIB0_IRQHandler             
0000389f  EUSCIB1_IRQHandler             
0000389f  EUSCIB2_IRQHandler             
0000389f  EUSCIB3_IRQHandler             
0000389f  FLCTL_IRQHandler               
0000389f  FPU_IRQHandler                 
0000202b  HOSTclock                      
00001ff3  HOSTclose                      
00001fb5  HOSTgetenv                     
00001f59  HOSTlseek                      
00001f07  HOSTopen                       
00001ebb  HOSTread                       
00001e5d  HOSTrename                     
00001e23  HOSTtime                       
00001dd5  HOSTtime64                     
00001d9d  HOSTunlink                     
00001d51  HOSTwrite                      
0000389f  HardFault_Handler              
0000389f  MemManage_Handler              
0000389f  NMI_Handler                    
0000389f  PCM_IRQHandler                 
0000389f  PORT1_IRQHandler               
0000389f  PORT2_IRQHandler               
0000389f  PORT3_IRQHandler               
0000389f  PORT4_IRQHandler               
0000389f  PORT5_IRQHandler               
0000389f  PORT6_IRQHandler               
0000389f  PSS_IRQHandler                 
0000389f  PendSV_Handler                 
0000389f  RTC_C_IRQHandler               
00003893  Reset_Handler                  
UNDEFED   SHT$$INIT_ARRAY$$Base          
UNDEFED   SHT$$INIT_ARRAY$$Limit         
0000389f  SVC_Handler                    
0000389f  SysTick_Handler                
20000820  SystemCoreClock                
00001a25  SystemCoreClockUpdate          
00001c99  SystemInit                     
0000389f  T32_INT1_IRQHandler            
0000389f  T32_INT2_IRQHandler            
0000389f  T32_INTC_IRQHandler            
0000389f  TA0_0_IRQHandler               
0000389f  TA0_N_IRQHandler               
0000389f  TA1_0_IRQHandler               
0000389f  TA1_N_IRQHandler               
0000389f  TA2_0_IRQHandler               
0000389f  TA2_N_IRQHandler               
0000389f  TA3_0_IRQHandler               
0000389f  TA3_N_IRQHandler               
0000389f  UsageFault_Handler             
4000480c  WDTCTL_SYM                     
0000389f  WDT_A_IRQHandler               
20000400  __CIOBUF_                      
20010000  __STACK_END                    
00000200  __STACK_SIZE                   
00000400  __SYSMEM_SIZE                  
00003a48  __TI_CINIT_Base                
00003a58  __TI_CINIT_Limit               
00003a30  __TI_Handler_Table_Base        
00003a3c  __TI_Handler_Table_Limit       
000032f5  __TI_auto_init                 
0000263d  __TI_cleanup                   
200007e8  __TI_cleanup_ptr               
0000303d  __TI_closefile                 
000033d5  __TI_decompress_lzss           
00003885  __TI_decompress_none           
00002e2d  __TI_doflush                   
200007ec  __TI_dtors_ptr                 
200007f0  __TI_enable_exit_profile_output
200007d8  __TI_ft_end                    
ffffffff  __TI_pprof_out_hndl            
00000925  __TI_printfi                   
ffffffff  __TI_prof_data_size            
ffffffff  __TI_prof_data_start           
00002f57  __TI_rd_ok                     
0000346f  __TI_readmsg                   
00000000  __TI_static_base__             
20000520  __TI_tmpnams                   
0000343d  __TI_writemsg                  
00002ef5  __TI_wrt_ok                    
000038a1  __TI_zero_init                 
0000316d  __aeabi_cdcmpeq                
0000316d  __aeabi_cdcmple                
000031f3  __aeabi_cdrcmple               
00003705  __aeabi_d2iz                   
00002743  __aeabi_dadd                   
000028ef  __aeabi_ddiv                   
00002b59  __aeabi_dmul                   
00002739  __aeabi_dsub                   
00003783  __aeabi_i2d                    
00003279  __aeabi_memclr                 
00003279  __aeabi_memclr4                
00003279  __aeabi_memclr8                
00002fa1  __aeabi_memcpy                 
00002fa1  __aeabi_memcpy4                
00002fa1  __aeabi_memcpy8                
0000327b  __aeabi_memset                 
0000327b  __aeabi_memset4                
0000327b  __aeabi_memset8                
200007e4  __aeabi_stderr                 
200007dc  __aeabi_stdin                  
200007e0  __aeabi_stdout                 
00002381  __aeabi_uldivmod               
ffffffff  __binit__                      
ffffffff  __c_args__                     
0000121f  __mpu_init                     
2000fe00  __stack                        
000037ed  _args_main                     
000035c5  _c_int00                       
000038b0  _ctypes_                       
20000618  _ftable                        
2000080c  _lock                          
00003843  _nop                           
0000383b  _register_lock                 
00003835  _register_unlock               
20000000  _sys_memory                    
000032f3  _system_post_cinit             
000038ad  _system_pre_init               
20000810  _unlock                        
0000361d  abort                          
000022d5  add_device                     
0000366d  atoi                           
ffffffff  binit                          
000019f5  calloc                         
00001435  clearInterrupt                 
00002285  close                          
000036b9  copy_in                        
00003849  copysign                       
00003849  copysignl                      
20000814  errno                          
00003625  exit                           
000030a3  fclose                         
00002e79  fflush                         
20000804  firstRead                      
00002693  fopen                          
000030d5  fputc                          
00002a25  fputs                          
0000173f  free                           
00002669  freopen                        
00003509  frexp                          
00003509  frexpl                         
000034a5  fseek                          
00001461  getStatus                      
20000808  hehe                           
00000000  interruptVectors               
00002c55  ldexp                          
00002c55  ldexpl                         
00002261  lseek                          
0000356d  ltoa                           
00001225  main                           
2000081c  main_func_sp                   
000016d5  malloc                         
00001909  memalign                       
000037d1  memccpy                        
000037b1  memchr                         
00002fa1  memcpy                         
00003281  memset                         
00001655  minit                          
000021b3  open                           
00001491  printADC                       
0000154d  printCurrents                  
0000336d  printf                         
000030d5  putc                           
00003159  putchar                        
00002b31  puts                           
0000218f  read                           
20000800  readFlag                       
00001801  realloc                        
00002105  remove                         
00002167  remove_device                  
00002129  rename                         
00002c55  scalbn                         
00002c55  scalbnl                        
00002d51  setvbuf                        
0000381d  strchr                         
00003805  strcmp                         
0000385d  strcpy                         
00003871  strlen                         
0000374d  strncpy                        
00002105  unlink                         
00002075  write                          


GLOBAL SYMBOLS: SORTED BY Symbol Address 

address   name                           
-------   ----                           
00000000  __TI_static_base__             
00000000  interruptVectors               
00000200  __STACK_SIZE                   
00000400  __SYSMEM_SIZE                  
00000925  __TI_printfi                   
0000121f  __mpu_init                     
00001225  main                           
00001395  ADC14_IRQHandler               
00001395  ADC14_IRQHandler               
00001435  clearInterrupt                 
00001461  getStatus                      
00001491  printADC                       
0000154d  printCurrents                  
00001655  minit                          
000016d5  malloc                         
0000173f  free                           
00001801  realloc                        
00001909  memalign                       
000019f5  calloc                         
00001a25  SystemCoreClockUpdate          
00001c99  SystemInit                     
00001d51  HOSTwrite                      
00001d9d  HOSTunlink                     
00001dd5  HOSTtime64                     
00001e23  HOSTtime                       
00001e5d  HOSTrename                     
00001ebb  HOSTread                       
00001f07  HOSTopen                       
00001f59  HOSTlseek                      
00001fb5  HOSTgetenv                     
00001ff3  HOSTclose                      
0000202b  HOSTclock                      
00002075  write                          
00002105  remove                         
00002105  unlink                         
00002129  rename                         
00002167  remove_device                  
0000218f  read                           
000021b3  open                           
00002261  lseek                          
00002285  close                          
000022d5  add_device                     
00002381  __aeabi_uldivmod               
0000263d  __TI_cleanup                   
00002669  freopen                        
00002693  fopen                          
00002739  __aeabi_dsub                   
00002743  __aeabi_dadd                   
000028ef  __aeabi_ddiv                   
00002a25  fputs                          
00002b31  puts                           
00002b59  __aeabi_dmul                   
00002c55  ldexp                          
00002c55  ldexpl                         
00002c55  scalbn                         
00002c55  scalbnl                        
00002d51  setvbuf                        
00002e2d  __TI_doflush                   
00002e79  fflush                         
00002ef5  __TI_wrt_ok                    
00002f57  __TI_rd_ok                     
00002fa1  __aeabi_memcpy                 
00002fa1  __aeabi_memcpy4                
00002fa1  __aeabi_memcpy8                
00002fa1  memcpy                         
0000303d  __TI_closefile                 
000030a3  fclose                         
000030d5  fputc                          
000030d5  putc                           
00003159  putchar                        
0000316d  __aeabi_cdcmpeq                
0000316d  __aeabi_cdcmple                
000031f3  __aeabi_cdrcmple               
00003279  __aeabi_memclr                 
00003279  __aeabi_memclr4                
00003279  __aeabi_memclr8                
0000327b  __aeabi_memset                 
0000327b  __aeabi_memset4                
0000327b  __aeabi_memset8                
00003281  memset                         
000032f3  _system_post_cinit             
000032f5  __TI_auto_init                 
0000336d  printf                         
000033d5  __TI_decompress_lzss           
0000343d  __TI_writemsg                  
0000346b  C$$IO$$                        
0000346f  __TI_readmsg                   
000034a5  fseek                          
00003509  frexp                          
00003509  frexpl                         
0000356d  ltoa                           
000035c5  _c_int00                       
00003619  C$$EXIT                        
0000361d  abort                          
00003625  exit                           
0000366d  atoi                           
000036b9  copy_in                        
00003705  __aeabi_d2iz                   
0000374d  strncpy                        
00003783  __aeabi_i2d                    
000037b1  memchr                         
000037d1  memccpy                        
000037ed  _args_main                     
00003805  strcmp                         
0000381d  strchr                         
00003835  _register_unlock               
0000383b  _register_lock                 
00003843  _nop                           
00003849  copysign                       
00003849  copysignl                      
0000385d  strcpy                         
00003871  strlen                         
00003885  __TI_decompress_none           
00003893  Reset_Handler                  
0000389f  AES256_IRQHandler              
0000389f  BusFault_Handler               
0000389f  COMP_E0_IRQHandler             
0000389f  COMP_E1_IRQHandler             
0000389f  CS_IRQHandler                  
0000389f  DMA_ERR_IRQHandler             
0000389f  DMA_INT0_IRQHandler            
0000389f  DMA_INT1_IRQHandler            
0000389f  DMA_INT2_IRQHandler            
0000389f  DMA_INT3_IRQHandler            
0000389f  DebugMon_Handler               
0000389f  Default_Handler                
0000389f  EUSCIA0_IRQHandler             
0000389f  EUSCIA1_IRQHandler             
0000389f  EUSCIA2_IRQHandler             
0000389f  EUSCIA3_IRQHandler             
0000389f  EUSCIB0_IRQHandler             
0000389f  EUSCIB1_IRQHandler             
0000389f  EUSCIB2_IRQHandler             
0000389f  EUSCIB3_IRQHandler             
0000389f  FLCTL_IRQHandler               
0000389f  FPU_IRQHandler                 
0000389f  HardFault_Handler              
0000389f  MemManage_Handler              
0000389f  NMI_Handler                    
0000389f  PCM_IRQHandler                 
0000389f  PORT1_IRQHandler               
0000389f  PORT2_IRQHandler               
0000389f  PORT3_IRQHandler               
0000389f  PORT4_IRQHandler               
0000389f  PORT5_IRQHandler               
0000389f  PORT6_IRQHandler               
0000389f  PSS_IRQHandler                 
0000389f  PendSV_Handler                 
0000389f  RTC_C_IRQHandler               
0000389f  SVC_Handler                    
0000389f  SysTick_Handler                
0000389f  T32_INT1_IRQHandler            
0000389f  T32_INT2_IRQHandler            
0000389f  T32_INTC_IRQHandler            
0000389f  TA0_0_IRQHandler               
0000389f  TA0_N_IRQHandler               
0000389f  TA1_0_IRQHandler               
0000389f  TA1_N_IRQHandler               
0000389f  TA2_0_IRQHandler               
0000389f  TA2_N_IRQHandler               
0000389f  TA3_0_IRQHandler               
0000389f  TA3_N_IRQHandler               
0000389f  UsageFault_Handler             
0000389f  WDT_A_IRQHandler               
000038a1  __TI_zero_init                 
000038ad  _system_pre_init               
000038b0  _ctypes_                       
00003a30  __TI_Handler_Table_Base        
00003a3c  __TI_Handler_Table_Limit       
00003a48  __TI_CINIT_Base                
00003a58  __TI_CINIT_Limit               
20000000  _sys_memory                    
20000400  __CIOBUF_                      
20000520  __TI_tmpnams                   
200005c0  BallIn                         
200005d4  CupCurrent                     
200005e8  CupPosition                    
200005fc  CupPrevious                    
20000618  _ftable                        
200007d8  __TI_ft_end                    
200007dc  __aeabi_stdin                  
200007e0  __aeabi_stdout                 
200007e4  __aeabi_stderr                 
200007e8  __TI_cleanup_ptr               
200007ec  __TI_dtors_ptr                 
200007f0  __TI_enable_exit_profile_output
20000800  readFlag                       
20000804  firstRead                      
20000808  hehe                           
2000080c  _lock                          
20000810  _unlock                        
20000814  errno                          
2000081c  main_func_sp                   
20000820  SystemCoreClock                
2000fe00  __stack                        
20010000  __STACK_END                    
4000480c  WDTCTL_SYM                     
ffffffff  __TI_pprof_out_hndl            
ffffffff  __TI_prof_data_size            
ffffffff  __TI_prof_data_start           
ffffffff  __binit__                      
ffffffff  __c_args__                     
ffffffff  binit                          
UNDEFED   SHT$$INIT_ARRAY$$Base          
UNDEFED   SHT$$INIT_ARRAY$$Limit         

[205 symbols]
