******************************************************************************
                  TI ARM Linker PC v16.9.0                     
******************************************************************************
>> Linked Wed Apr 19 23:18:35 2017

OUTPUT FILE NAME:   <MicroFinal.out>
ENTRY POINT SYMBOL: "_c_int00"  address: 00004179


MEMORY CONFIGURATION

         name            origin    length      used     unused   attr    fill
----------------------  --------  ---------  --------  --------  ----  --------
  MAIN                  00000000   00040000  00004654  0003b9ac  R  X
  INFO                  00200000   00004000  00000000  00004000  R  X
  SRAM_CODE             01000000   00010000  00000a9c  0000f564  RW X
  SRAM_DATA             20000000   00010000  00000a9c  0000f564  RW  


SEGMENT ALLOCATION MAP

run origin  load origin   length   init length attrs members
----------  ----------- ---------- ----------- ----- -------
00000000    00000000    00004658   00004658    r-x
  00000000    00000000    000000e4   000000e4    r-- .intvecs
  000000e4    000000e4    00004380   00004380    r-x .text
  00004464    00004464    00000128   00000128    r-- .const
  00004590    00004590    000000c8   000000c8    r-- .cinit
20000000    20000000    0000089c   00000000    rw-
  20000000    20000000    00000400   00000000    rw- .sysmem
  20000400    20000400    0000025c   00000000    rw- .data
  2000065c    2000065c    00000240   00000000    rw- .bss
2000fe00    2000fe00    00000200   00000000    rw-
  2000fe00    2000fe00    00000200   00000000    rw- .stack


SECTION ALLOCATION MAP

 output                                  attributes/
section   page    origin      length       input sections
--------  ----  ----------  ----------   ----------------
.intvecs   0    00000000    000000e4     
                  00000000    000000e4     startup_msp432p401r_ccs.obj (.intvecs:retain)

.binit     0    00000000    00000000     

.text      0    000000e4    00004380     
                  000000e4    0000113a     rtsv7M4_T_le_v4SPD16_eabi.lib : _printfi.obj (.text)
                  0000121e    00000002                                   : mpu_init.obj (.text)
                  00001220    00000fe8     main.obj (.text)
                  00002208    000003d0     rtsv7M4_T_le_v4SPD16_eabi.lib : memory.obj (.text)
                  000025d8    0000032c     system_msp432p401r.obj (.text)
                  00002904    00000324     rtsv7M4_T_le_v4SPD16_eabi.lib : trgdrv.obj (.text)
                  00002c28    0000030c                                   : lowlev.obj (.text)
                  00002f34    000001f4                                   : ull_div_t2.obj (.text)
                  00003128    000001c4                                   : fopen.obj (.text)
                  000032ec    000001b6                                   : fd_add_t2.obj (.text)
                  000034a2    00000136                                   : fd_div_t2.obj (.text)
                  000035d8    00000134                                   : fputs.obj (.text)
                  0000370c    000000fc                                   : fd_mul_t2.obj (.text)
                  00003808    000000fc                                   : s_scalbn.obj (.text)
                  00003904    000000dc                                   : setvbuf.obj (.text)
                  000039e0    000000c8                                   : fflush.obj (.text)
                  00003aa8    000000ac                                   : _io_perm.obj (.text)
                  00003b54    0000009c                                   : memcpy_t2.obj (.text)
                  00003bf0    00000098                                   : fclose.obj (.text)
                  00003c88    00000098                                   : fputc.obj (.text)
                  00003d20    00000086                                   : fd_cmp_t2.obj (.text:__aeabi_cdcmple)
                  00003da6    00000086                                   : fd_cmp_t2.obj (.text:__aeabi_cdrcmple)
                  00003e2c    0000007a                                   : memset_t2.obj (.text)
                  00003ea6    00000002                                   : startup.obj (.text)
                  00003ea8    00000070                                   : autoinit.obj (.text)
                  00003f18    00000070                                   : printf.obj (.text)
                  00003f88    00000068                                   : copy_decompress_lzss.obj (.text:decompress:lzss)
                  00003ff0    00000068                                   : trgmsg.obj (.text)
                  00004058    00000064                                   : fseek.obj (.text)
                  000040bc    00000064                                   : s_frexp.obj (.text)
                  00004120    00000056                                   : ltoa.obj (.text)
                  00004176    00000002     --HOLE-- [fill = 0]
                  00004178    00000054                                   : boot.obj (.text)
                  000041cc    00000054                                   : exit.obj (.text)
                  00004220    0000004c                                   : atoi.obj (.text)
                  0000426c    0000004c                                   : cpy_tbl.obj (.text)
                  000042b8    00000048                                   : fd_toi_t2.obj (.text)
                  00004300    00000036                                   : strncpy.obj (.text)
                  00004336    0000002e                                   : i_tofd_t2.obj (.text)
                  00004364    00000020                                   : memchr.obj (.text)
                  00004384    0000001c                                   : memccpy.obj (.text)
                  000043a0    00000018                                   : args_main.obj (.text)
                  000043b8    00000018                                   : strcmp.obj (.text)
                  000043d0    00000016                                   : strchr.obj (.text)
                  000043e6    00000002     --HOLE-- [fill = 0]
                  000043e8    00000014                                   : _lock.obj (.text)
                  000043fc    00000014                                   : s_copysign.obj (.text)
                  00004410    00000014                                   : strcpy.obj (.text)
                  00004424    00000014                                   : strlen.obj (.text)
                  00004438    0000000e                                   : copy_decompress_none.obj (.text:decompress:none)
                  00004446    0000000e     startup_msp432p401r_ccs.obj (.text)
                  00004454    0000000c     rtsv7M4_T_le_v4SPD16_eabi.lib : copy_zero_init.obj (.text:decompress:ZI)
                  00004460    00000004                                   : pre_init.obj (.text)

.const     0    00004464    00000128     
                  00004464    00000101     rtsv7M4_T_le_v4SPD16_eabi.lib : ctype.obj (.const:.string:_ctypes_)
                  00004565    00000003     --HOLE-- [fill = 0]
                  00004568    00000024     main.obj (.const:uartConfig)

.cinit     0    00004590    000000c8     
                  00004590    000000a1     (.cinit..data.load) [load image, compression = lzss]
                  00004631    00000003     --HOLE-- [fill = 0]
                  00004634    0000000c     (__TI_handler_table)
                  00004640    00000008     (.cinit..bss.load) [load image, compression = zero_init]
                  00004648    00000010     (__TI_cinit_table)

.init_array 
*          0    00000000    00000000     UNINITIALIZED

.sysmem    0    20000000    00000400     UNINITIALIZED
                  20000000    00000008     rtsv7M4_T_le_v4SPD16_eabi.lib : memory.obj (.sysmem)
                  20000008    000003f8     --HOLE--

.data      0    20000400    0000025c     UNINITIALIZED
                  20000400    000000f0     rtsv7M4_T_le_v4SPD16_eabi.lib : defs.obj (.data:_ftable)
                  200004f0    000000d0                                   : lowlev.obj (.data:$O1$$)
                  200005c0    00000020     main.obj (.data)
                  200005e0    00000010     rtsv7M4_T_le_v4SPD16_eabi.lib : defs.obj (.data)
                  200005f0    0000000c                                   : exit.obj (.data:$O1$$)
                  200005fc    0000000c                                   : memory.obj (.data:$O1$$)
                  20000608    00000008                                   : _lock.obj (.data:$O1$$)
                  20000610    00000008     main.obj (.data:_GentleDown)
                  20000618    00000007     main.obj (.data:_LineDown)
                  2000061f    00000007     main.obj (.data:_TriDown)
                  20000626    00000006     main.obj (.data:_321Up)
                  2000062c    00000006     main.obj (.data:_DiamondDown)
                  20000632    00000005     main.obj (.data:_BoxDown)
                  20000637    00000005     main.obj (.data:_BoxUp)
                  2000063c    00000004     main.obj (.data:_321Down)
                  20000640    00000004     main.obj (.data:_DiamondUp)
                  20000644    00000004     rtsv7M4_T_le_v4SPD16_eabi.lib : errno.obj (.data)
                  20000648    00000004                                   : fopen.obj (.data)
                  2000064c    00000004                                   : stkdepth_vars.obj (.data)
                  20000650    00000004     system_msp432p401r.obj (.data)
                  20000654    00000003     main.obj (.data:_LineUp)
                  20000657    00000003     main.obj (.data:_TriUp)
                  2000065a    00000002     main.obj (.data:_GentleUp)

.bss       0    2000065c    00000240     UNINITIALIZED
                  2000065c    00000120     rtsv7M4_T_le_v4SPD16_eabi.lib : trgmsg.obj (.bss:_CIOBUF_)
                  2000077c    000000a0     (.common:__TI_tmpnams)
                  2000081c    00000014     (.common:BallIn)
                  20000830    00000014     (.common:CupCurrent)
                  20000844    00000014     (.common:CupPosition)
                  20000858    00000014     (.common:CupPrevious)
                  2000086c    00000014     (.common:motorDown)
                  20000880    00000014     (.common:motorUp)
                  20000894    00000008                                   : trgdrv.obj (.bss:parmbuf)

.stack     0    2000fe00    00000200     UNINITIALIZED
                  2000fe00    00000200     --HOLE--

MODULE SUMMARY

       Module                        code    ro data   rw data
       ------                        ----    -------   -------
    .\
       main.obj                      4072    36        424    
       system_msp432p401r.obj        812     0         8      
       startup_msp432p401r_ccs.obj   14      228       0      
    +--+-----------------------------+-------+---------+---------+
       Total:                        4898    264       432    
                                                              
    C:\ti\ccsv7\tools\compiler\ti-cgt-arm_16.9.0.LTS\lib\rtsv7M4_T_le_v4SPD16_eabi.lib
       _printfi.obj                  4410    0         0      
       lowlev.obj                    780     0         416    
       memory.obj                    976     0         24     
       defs.obj                      0       0         832    
       trgdrv.obj                    804     0         16     
       trgmsg.obj                    104     0         576    
       ull_div_t2.obj                500     0         0      
       fopen.obj                     452     0         8      
       fd_add_t2.obj                 438     0         0      
       fd_div_t2.obj                 310     0         0      
       fputs.obj                     308     0         0      
       fd_cmp_t2.obj                 268     0         0      
       ctype.obj                     0       257       0      
       fd_mul_t2.obj                 252     0         0      
       s_scalbn.obj                  252     0         0      
       setvbuf.obj                   220     0         0      
       fflush.obj                    200     0         0      
       _io_perm.obj                  172     0         0      
       memcpy_t2.obj                 156     0         0      
       fclose.obj                    152     0         0      
       fputc.obj                     152     0         0      
       memset_t2.obj                 122     0         0      
       autoinit.obj                  112     0         0      
       printf.obj                    112     0         0      
       exit.obj                      84      0         24     
       copy_decompress_lzss.obj      104     0         0      
       fseek.obj                     100     0         0      
       s_frexp.obj                   100     0         0      
       ltoa.obj                      86      0         0      
       boot.obj                      84      0         0      
       atoi.obj                      76      0         0      
       cpy_tbl.obj                   76      0         0      
       fd_toi_t2.obj                 72      0         0      
       strncpy.obj                   54      0         0      
       i_tofd_t2.obj                 46      0         0      
       _lock.obj                     20      0         16     
       memchr.obj                    32      0         0      
       memccpy.obj                   28      0         0      
       args_main.obj                 24      0         0      
       strcmp.obj                    24      0         0      
       strchr.obj                    22      0         0      
       s_copysign.obj                20      0         0      
       strcpy.obj                    20      0         0      
       strlen.obj                    20      0         0      
       copy_decompress_none.obj      14      0         0      
       copy_zero_init.obj            12      0         0      
       errno.obj                     0       0         8      
       stkdepth_vars.obj             0       0         8      
       pre_init.obj                  4       0         0      
       mpu_init.obj                  2       0         0      
       startup.obj                   2       0         0      
    +--+-----------------------------+-------+---------+---------+
       Total:                        12378   257       1928   
                                                              
       Heap:                         0       0         2048   
       Stack:                        0       0         1024   
       Linker Generated:             0       197       0      
    +--+-----------------------------+-------+---------+---------+
       Grand Total:                  17276   718       5432   


LINKER GENERATED COPY TABLES

__TI_cinit_table @ 00004648 records: 2, size/record: 8, table size: 16
	.data: load addr=00004590, load size=000000a1 bytes, run addr=20000400, run size=0000025c bytes, compression=lzss
	.bss: load addr=00004640, load size=00000008 bytes, run addr=2000065c, run size=00000240 bytes, compression=zero_init


LINKER GENERATED HANDLER TABLE

__TI_handler_table @ 00004634 records: 3, size/record: 4, table size: 12
	index: 0, handler: __TI_decompress_lzss
	index: 1, handler: __TI_decompress_none
	index: 2, handler: __TI_zero_init


GLOBAL SYMBOLS: SORTED ALPHABETICALLY BY Name 

address   name                           
-------   ----                           
00001f01  ADC14_IRQHandler               
00001f01  ADC14_IRQHandler               
00004453  AES256_IRQHandler              
2000081c  BallIn                         
00004453  BusFault_Handler               
000041cd  C$$EXIT                        
0000401f  C$$IO$$                        
00004453  COMP_E0_IRQHandler             
00004453  COMP_E1_IRQHandler             
00004453  CS_IRQHandler                  
20000830  CupCurrent                     
20000844  CupPosition                    
20000858  CupPrevious                    
00004453  DMA_ERR_IRQHandler             
00004453  DMA_INT0_IRQHandler            
00004453  DMA_INT1_IRQHandler            
00004453  DMA_INT2_IRQHandler            
00004453  DMA_INT3_IRQHandler            
00004453  DebugMon_Handler               
00004453  Default_Handler                
00001ea9  EUSCIA0_IRQHandler             
00001ea9  EUSCIA0_IRQHandler             
00004453  EUSCIA1_IRQHandler             
00004453  EUSCIA2_IRQHandler             
00004453  EUSCIA3_IRQHandler             
00004453  EUSCIB0_IRQHandler             
00004453  EUSCIB1_IRQHandler             
00004453  EUSCIB2_IRQHandler             
00004453  EUSCIB3_IRQHandler             
00004453  FLCTL_IRQHandler               
00004453  FPU_IRQHandler                 
00002bdf  HOSTclock                      
00002ba7  HOSTclose                      
00002b69  HOSTgetenv                     
00002b0d  HOSTlseek                      
00002abb  HOSTopen                       
00002a6f  HOSTread                       
00002a11  HOSTrename                     
000029d7  HOSTtime                       
00002989  HOSTtime64                     
00002951  HOSTunlink                     
00002905  HOSTwrite                      
00004453  HardFault_Handler              
00004453  MemManage_Handler              
00004453  NMI_Handler                    
00004453  PCM_IRQHandler                 
00004453  PORT1_IRQHandler               
00004453  PORT2_IRQHandler               
00004453  PORT3_IRQHandler               
00004453  PORT4_IRQHandler               
00004453  PORT5_IRQHandler               
00004453  PORT6_IRQHandler               
00004453  PSS_IRQHandler                 
00004453  PendSV_Handler                 
00004453  RTC_C_IRQHandler               
00004447  Reset_Handler                  
UNDEFED   SHT$$INIT_ARRAY$$Base          
UNDEFED   SHT$$INIT_ARRAY$$Limit         
00004453  SVC_Handler                    
00004453  SysTick_Handler                
20000650  SystemCoreClock                
000025d9  SystemCoreClockUpdate          
0000284d  SystemInit                     
00004453  T32_INT1_IRQHandler            
00004453  T32_INT2_IRQHandler            
00004453  T32_INTC_IRQHandler            
00004453  TA0_0_IRQHandler               
00004453  TA0_N_IRQHandler               
00001e3f  TA1_0_IRQHandler               
00001e3f  TA1_0_IRQHandler               
00004453  TA1_N_IRQHandler               
00004453  TA2_0_IRQHandler               
00004453  TA2_N_IRQHandler               
00004453  TA3_0_IRQHandler               
00004453  TA3_N_IRQHandler               
00004453  UsageFault_Handler             
4000480c  WDTCTL_SYM                     
00004453  WDT_A_IRQHandler               
2000063c  _321Down                       
20000626  _321Up                         
20000632  _BoxDown                       
20000637  _BoxUp                         
2000062c  _DiamondDown                   
20000640  _DiamondUp                     
20000610  _GentleDown                    
2000065a  _GentleUp                      
20000618  _LineDown                      
20000654  _LineUp                        
2000061f  _TriDown                       
20000657  _TriUp                         
2000065c  __CIOBUF_                      
20010000  __STACK_END                    
00000200  __STACK_SIZE                   
00000400  __SYSMEM_SIZE                  
00004648  __TI_CINIT_Base                
00004658  __TI_CINIT_Limit               
00004634  __TI_Handler_Table_Base        
00004640  __TI_Handler_Table_Limit       
00003ea9  __TI_auto_init                 
000031f1  __TI_cleanup                   
200005f0  __TI_cleanup_ptr               
00003bf1  __TI_closefile                 
00003f89  __TI_decompress_lzss           
00004439  __TI_decompress_none           
000039e1  __TI_doflush                   
200005f4  __TI_dtors_ptr                 
200005f8  __TI_enable_exit_profile_output
200005e0  __TI_ft_end                    
ffffffff  __TI_pprof_out_hndl            
00000925  __TI_printfi                   
ffffffff  __TI_prof_data_size            
ffffffff  __TI_prof_data_start           
00003b0b  __TI_rd_ok                     
00004023  __TI_readmsg                   
00000000  __TI_static_base__             
2000077c  __TI_tmpnams                   
00003ff1  __TI_writemsg                  
00003aa9  __TI_wrt_ok                    
00004455  __TI_zero_init                 
00003d21  __aeabi_cdcmpeq                
00003d21  __aeabi_cdcmple                
00003da7  __aeabi_cdrcmple               
000042b9  __aeabi_d2iz                   
000032f7  __aeabi_dadd                   
000034a3  __aeabi_ddiv                   
0000370d  __aeabi_dmul                   
000032ed  __aeabi_dsub                   
00004337  __aeabi_i2d                    
00003e2d  __aeabi_memclr                 
00003e2d  __aeabi_memclr4                
00003e2d  __aeabi_memclr8                
00003b55  __aeabi_memcpy                 
00003b55  __aeabi_memcpy4                
00003b55  __aeabi_memcpy8                
00003e2f  __aeabi_memset                 
00003e2f  __aeabi_memset4                
00003e2f  __aeabi_memset8                
200005ec  __aeabi_stderr                 
200005e4  __aeabi_stdin                  
200005e8  __aeabi_stdout                 
00002f35  __aeabi_uldivmod               
ffffffff  __binit__                      
ffffffff  __c_args__                     
0000121f  __mpu_init                     
2000fe00  __stack                        
000043a1  _args_main                     
00004179  _c_int00                       
00004464  _ctypes_                       
20000400  _ftable                        
20000608  _lock                          
000043f7  _nop                           
000043ef  _register_lock                 
000043e9  _register_unlock               
20000000  _sys_memory                    
00003ea7  _system_post_cinit             
00004461  _system_pre_init               
2000060c  _unlock                        
000041d1  abort                          
00002e89  add_device                     
00004221  atoi                           
ffffffff  binit                          
000025a9  calloc                         
00001fa5  clearInterrupt                 
00002e39  close                          
0000426d  copy_in                        
000043fd  copysign                       
000043fd  copysignl                      
200005c8  counterADC                     
200005cc  counterMOTOR                   
20000644  errno                          
000041d9  exit                           
00003c57  fclose                         
00003a2d  fflush                         
200005c4  firstRead                      
00003247  fopen                          
00003c89  fputc                          
000035d9  fputs                          
000022f3  free                           
0000321d  freopen                        
000040bd  frexp                          
000040bd  frexpl                         
00004059  fseek                          
00001fd5  getStatus                      
00000000  interruptVectors               
00003809  ldexp                          
00003809  ldexpl                         
00002e15  lseek                          
00004121  ltoa                           
00001225  main                           
2000064c  main_func_sp                   
00002289  malloc                         
000024bd  memalign                       
00004385  memccpy                        
00004365  memchr                         
00003b55  memcpy                         
00003e35  memset                         
00002209  minit                          
2000086c  motorDown                      
200005d4  motorOff                       
200005d0  motorOn                        
20000880  motorUp                        
00002d67  open                           
0000200d  printADC                       
00002089  printCurrents                  
00001df5  printDiffs                     
00002105  printPositions                 
00003f21  printf                         
00001c3d  pulseMotorDown                 
00001bbd  pulseScore                     
00003c89  putc                           
00003d0d  putchar                        
000036e5  puts                           
00002d43  read                           
200005c0  readFlag                       
000023b5  realloc                        
00002cb9  remove                         
00002d1b  remove_device                  
00002cdd  rename                         
00003809  scalbn                         
00003809  scalbnl                        
00003905  setvbuf                        
000043d1  strchr                         
000043b9  strcmp                         
00004411  strcpy                         
00004425  strlen                         
00004301  strncpy                        
200005dc  uartChar                       
00004568  uartConfig                     
200005d8  uartFlag                       
00002cb9  unlink                         
00002c29  write                          


GLOBAL SYMBOLS: SORTED BY Symbol Address 

address   name                           
-------   ----                           
00000000  __TI_static_base__             
00000000  interruptVectors               
00000200  __STACK_SIZE                   
00000400  __SYSMEM_SIZE                  
00000925  __TI_printfi                   
0000121f  __mpu_init                     
00001225  main                           
00001bbd  pulseScore                     
00001c3d  pulseMotorDown                 
00001df5  printDiffs                     
00001e3f  TA1_0_IRQHandler               
00001e3f  TA1_0_IRQHandler               
00001ea9  EUSCIA0_IRQHandler             
00001ea9  EUSCIA0_IRQHandler             
00001f01  ADC14_IRQHandler               
00001f01  ADC14_IRQHandler               
00001fa5  clearInterrupt                 
00001fd5  getStatus                      
0000200d  printADC                       
00002089  printCurrents                  
00002105  printPositions                 
00002209  minit                          
00002289  malloc                         
000022f3  free                           
000023b5  realloc                        
000024bd  memalign                       
000025a9  calloc                         
000025d9  SystemCoreClockUpdate          
0000284d  SystemInit                     
00002905  HOSTwrite                      
00002951  HOSTunlink                     
00002989  HOSTtime64                     
000029d7  HOSTtime                       
00002a11  HOSTrename                     
00002a6f  HOSTread                       
00002abb  HOSTopen                       
00002b0d  HOSTlseek                      
00002b69  HOSTgetenv                     
00002ba7  HOSTclose                      
00002bdf  HOSTclock                      
00002c29  write                          
00002cb9  remove                         
00002cb9  unlink                         
00002cdd  rename                         
00002d1b  remove_device                  
00002d43  read                           
00002d67  open                           
00002e15  lseek                          
00002e39  close                          
00002e89  add_device                     
00002f35  __aeabi_uldivmod               
000031f1  __TI_cleanup                   
0000321d  freopen                        
00003247  fopen                          
000032ed  __aeabi_dsub                   
000032f7  __aeabi_dadd                   
000034a3  __aeabi_ddiv                   
000035d9  fputs                          
000036e5  puts                           
0000370d  __aeabi_dmul                   
00003809  ldexp                          
00003809  ldexpl                         
00003809  scalbn                         
00003809  scalbnl                        
00003905  setvbuf                        
000039e1  __TI_doflush                   
00003a2d  fflush                         
00003aa9  __TI_wrt_ok                    
00003b0b  __TI_rd_ok                     
00003b55  __aeabi_memcpy                 
00003b55  __aeabi_memcpy4                
00003b55  __aeabi_memcpy8                
00003b55  memcpy                         
00003bf1  __TI_closefile                 
00003c57  fclose                         
00003c89  fputc                          
00003c89  putc                           
00003d0d  putchar                        
00003d21  __aeabi_cdcmpeq                
00003d21  __aeabi_cdcmple                
00003da7  __aeabi_cdrcmple               
00003e2d  __aeabi_memclr                 
00003e2d  __aeabi_memclr4                
00003e2d  __aeabi_memclr8                
00003e2f  __aeabi_memset                 
00003e2f  __aeabi_memset4                
00003e2f  __aeabi_memset8                
00003e35  memset                         
00003ea7  _system_post_cinit             
00003ea9  __TI_auto_init                 
00003f21  printf                         
00003f89  __TI_decompress_lzss           
00003ff1  __TI_writemsg                  
0000401f  C$$IO$$                        
00004023  __TI_readmsg                   
00004059  fseek                          
000040bd  frexp                          
000040bd  frexpl                         
00004121  ltoa                           
00004179  _c_int00                       
000041cd  C$$EXIT                        
000041d1  abort                          
000041d9  exit                           
00004221  atoi                           
0000426d  copy_in                        
000042b9  __aeabi_d2iz                   
00004301  strncpy                        
00004337  __aeabi_i2d                    
00004365  memchr                         
00004385  memccpy                        
000043a1  _args_main                     
000043b9  strcmp                         
000043d1  strchr                         
000043e9  _register_unlock               
000043ef  _register_lock                 
000043f7  _nop                           
000043fd  copysign                       
000043fd  copysignl                      
00004411  strcpy                         
00004425  strlen                         
00004439  __TI_decompress_none           
00004447  Reset_Handler                  
00004453  AES256_IRQHandler              
00004453  BusFault_Handler               
00004453  COMP_E0_IRQHandler             
00004453  COMP_E1_IRQHandler             
00004453  CS_IRQHandler                  
00004453  DMA_ERR_IRQHandler             
00004453  DMA_INT0_IRQHandler            
00004453  DMA_INT1_IRQHandler            
00004453  DMA_INT2_IRQHandler            
00004453  DMA_INT3_IRQHandler            
00004453  DebugMon_Handler               
00004453  Default_Handler                
00004453  EUSCIA1_IRQHandler             
00004453  EUSCIA2_IRQHandler             
00004453  EUSCIA3_IRQHandler             
00004453  EUSCIB0_IRQHandler             
00004453  EUSCIB1_IRQHandler             
00004453  EUSCIB2_IRQHandler             
00004453  EUSCIB3_IRQHandler             
00004453  FLCTL_IRQHandler               
00004453  FPU_IRQHandler                 
00004453  HardFault_Handler              
00004453  MemManage_Handler              
00004453  NMI_Handler                    
00004453  PCM_IRQHandler                 
00004453  PORT1_IRQHandler               
00004453  PORT2_IRQHandler               
00004453  PORT3_IRQHandler               
00004453  PORT4_IRQHandler               
00004453  PORT5_IRQHandler               
00004453  PORT6_IRQHandler               
00004453  PSS_IRQHandler                 
00004453  PendSV_Handler                 
00004453  RTC_C_IRQHandler               
00004453  SVC_Handler                    
00004453  SysTick_Handler                
00004453  T32_INT1_IRQHandler            
00004453  T32_INT2_IRQHandler            
00004453  T32_INTC_IRQHandler            
00004453  TA0_0_IRQHandler               
00004453  TA0_N_IRQHandler               
00004453  TA1_N_IRQHandler               
00004453  TA2_0_IRQHandler               
00004453  TA2_N_IRQHandler               
00004453  TA3_0_IRQHandler               
00004453  TA3_N_IRQHandler               
00004453  UsageFault_Handler             
00004453  WDT_A_IRQHandler               
00004455  __TI_zero_init                 
00004461  _system_pre_init               
00004464  _ctypes_                       
00004568  uartConfig                     
00004634  __TI_Handler_Table_Base        
00004640  __TI_Handler_Table_Limit       
00004648  __TI_CINIT_Base                
00004658  __TI_CINIT_Limit               
20000000  _sys_memory                    
20000400  _ftable                        
200005c0  readFlag                       
200005c4  firstRead                      
200005c8  counterADC                     
200005cc  counterMOTOR                   
200005d0  motorOn                        
200005d4  motorOff                       
200005d8  uartFlag                       
200005dc  uartChar                       
200005e0  __TI_ft_end                    
200005e4  __aeabi_stdin                  
200005e8  __aeabi_stdout                 
200005ec  __aeabi_stderr                 
200005f0  __TI_cleanup_ptr               
200005f4  __TI_dtors_ptr                 
200005f8  __TI_enable_exit_profile_output
20000608  _lock                          
2000060c  _unlock                        
20000610  _GentleDown                    
20000618  _LineDown                      
2000061f  _TriDown                       
20000626  _321Up                         
2000062c  _DiamondDown                   
20000632  _BoxDown                       
20000637  _BoxUp                         
2000063c  _321Down                       
20000640  _DiamondUp                     
20000644  errno                          
2000064c  main_func_sp                   
20000650  SystemCoreClock                
20000654  _LineUp                        
20000657  _TriUp                         
2000065a  _GentleUp                      
2000065c  __CIOBUF_                      
2000077c  __TI_tmpnams                   
2000081c  BallIn                         
20000830  CupCurrent                     
20000844  CupPosition                    
20000858  CupPrevious                    
2000086c  motorDown                      
20000880  motorUp                        
2000fe00  __stack                        
20010000  __STACK_END                    
4000480c  WDTCTL_SYM                     
ffffffff  __TI_pprof_out_hndl            
ffffffff  __TI_prof_data_size            
ffffffff  __TI_prof_data_start           
ffffffff  __binit__                      
ffffffff  __c_args__                     
ffffffff  binit                          
UNDEFED   SHT$$INIT_ARRAY$$Base          
UNDEFED   SHT$$INIT_ARRAY$$Limit         

[231 symbols]
